Archive member included because of file (symbol)

c:/embedded system/00 extra/00-tools/01-imt sdk/imt_sdk_win_64/winavr/bin/../lib/gcc/avr/4.3.3/avr5\libgcc.a(_mulsi3.o)
                              ./src/DAC_program.o (__mulsi3)
c:/embedded system/00 extra/00-tools/01-imt sdk/imt_sdk_win_64/winavr/bin/../lib/gcc/avr/4.3.3/avr5\libgcc.a(_udivmodhi4.o)
                              ./src/CLCD_program.o (__udivmodhi4)
c:/embedded system/00 extra/00-tools/01-imt sdk/imt_sdk_win_64/winavr/bin/../lib/gcc/avr/4.3.3/avr5\libgcc.a(_udivmodsi4.o)
                              ./src/CLCD_program.o (__udivmodsi4)
c:/embedded system/00 extra/00-tools/01-imt sdk/imt_sdk_win_64/winavr/bin/../lib/gcc/avr/4.3.3/avr5\libgcc.a(_exit.o)
                              c:/embedded system/00 extra/00-tools/01-imt sdk/imt_sdk_win_64/winavr/bin/../lib/gcc/avr/4.3.3/../../../../avr/lib/avr5/crtm32.o (exit)
c:/embedded system/00 extra/00-tools/01-imt sdk/imt_sdk_win_64/winavr/bin/../lib/gcc/avr/4.3.3/avr5\libgcc.a(_copy_data.o)
                              ./src/KPD_program.o (__do_copy_data)
c:/embedded system/00 extra/00-tools/01-imt sdk/imt_sdk_win_64/winavr/bin/../lib/gcc/avr/4.3.3/avr5\libgcc.a(_clear_bss.o)
                              ./src/ADC_program.o (__do_clear_bss)
c:/embedded system/00 extra/00-tools/01-imt sdk/imt_sdk_win_64/winavr/bin/../lib/gcc/avr/4.3.3/avr5\libgcc.a(_fixunssfsi.o)
                              ./src/CLCD_program.o (__fixunssfsi)
c:/embedded system/00 extra/00-tools/01-imt sdk/imt_sdk_win_64/winavr/bin/../lib/gcc/avr/4.3.3/avr5\libgcc.a(_addsub_sf.o)
                              c:/embedded system/00 extra/00-tools/01-imt sdk/imt_sdk_win_64/winavr/bin/../lib/gcc/avr/4.3.3/avr5\libgcc.a(_fixunssfsi.o) (__subsf3)
c:/embedded system/00 extra/00-tools/01-imt sdk/imt_sdk_win_64/winavr/bin/../lib/gcc/avr/4.3.3/avr5\libgcc.a(_mul_sf.o)
                              ./src/CLCD_program.o (__mulsf3)
c:/embedded system/00 extra/00-tools/01-imt sdk/imt_sdk_win_64/winavr/bin/../lib/gcc/avr/4.3.3/avr5\libgcc.a(_div_sf.o)
                              ./src/STEP_MOTOR_program.o (__divsf3)
c:/embedded system/00 extra/00-tools/01-imt sdk/imt_sdk_win_64/winavr/bin/../lib/gcc/avr/4.3.3/avr5\libgcc.a(_gt_sf.o)
                              ./src/CLCD_program.o (__gtsf2)
c:/embedded system/00 extra/00-tools/01-imt sdk/imt_sdk_win_64/winavr/bin/../lib/gcc/avr/4.3.3/avr5\libgcc.a(_ge_sf.o)
                              c:/embedded system/00 extra/00-tools/01-imt sdk/imt_sdk_win_64/winavr/bin/../lib/gcc/avr/4.3.3/avr5\libgcc.a(_fixunssfsi.o) (__gesf2)
c:/embedded system/00 extra/00-tools/01-imt sdk/imt_sdk_win_64/winavr/bin/../lib/gcc/avr/4.3.3/avr5\libgcc.a(_lt_sf.o)
                              ./src/CLCD_program.o (__ltsf2)
c:/embedded system/00 extra/00-tools/01-imt sdk/imt_sdk_win_64/winavr/bin/../lib/gcc/avr/4.3.3/avr5\libgcc.a(_sf_to_si.o)
                              c:/embedded system/00 extra/00-tools/01-imt sdk/imt_sdk_win_64/winavr/bin/../lib/gcc/avr/4.3.3/avr5\libgcc.a(_fixunssfsi.o) (__fixsfsi)
c:/embedded system/00 extra/00-tools/01-imt sdk/imt_sdk_win_64/winavr/bin/../lib/gcc/avr/4.3.3/avr5\libgcc.a(_thenan_sf.o)
                              c:/embedded system/00 extra/00-tools/01-imt sdk/imt_sdk_win_64/winavr/bin/../lib/gcc/avr/4.3.3/avr5\libgcc.a(_addsub_sf.o) (__thenan_sf)
c:/embedded system/00 extra/00-tools/01-imt sdk/imt_sdk_win_64/winavr/bin/../lib/gcc/avr/4.3.3/avr5\libgcc.a(_usi_to_sf.o)
                              ./src/STEP_MOTOR_program.o (__floatunsisf)
c:/embedded system/00 extra/00-tools/01-imt sdk/imt_sdk_win_64/winavr/bin/../lib/gcc/avr/4.3.3/avr5\libgcc.a(_prologue.o)
                              c:/embedded system/00 extra/00-tools/01-imt sdk/imt_sdk_win_64/winavr/bin/../lib/gcc/avr/4.3.3/avr5\libgcc.a(_addsub_sf.o) (__prologue_saves__)
c:/embedded system/00 extra/00-tools/01-imt sdk/imt_sdk_win_64/winavr/bin/../lib/gcc/avr/4.3.3/avr5\libgcc.a(_epilogue.o)
                              c:/embedded system/00 extra/00-tools/01-imt sdk/imt_sdk_win_64/winavr/bin/../lib/gcc/avr/4.3.3/avr5\libgcc.a(_addsub_sf.o) (__epilogue_restores__)
c:/embedded system/00 extra/00-tools/01-imt sdk/imt_sdk_win_64/winavr/bin/../lib/gcc/avr/4.3.3/avr5\libgcc.a(_clzsi2.o)
                              c:/embedded system/00 extra/00-tools/01-imt sdk/imt_sdk_win_64/winavr/bin/../lib/gcc/avr/4.3.3/avr5\libgcc.a(_usi_to_sf.o) (__clzsi2)
c:/embedded system/00 extra/00-tools/01-imt sdk/imt_sdk_win_64/winavr/bin/../lib/gcc/avr/4.3.3/avr5\libgcc.a(_pack_sf.o)
                              c:/embedded system/00 extra/00-tools/01-imt sdk/imt_sdk_win_64/winavr/bin/../lib/gcc/avr/4.3.3/avr5\libgcc.a(_addsub_sf.o) (__pack_f)
c:/embedded system/00 extra/00-tools/01-imt sdk/imt_sdk_win_64/winavr/bin/../lib/gcc/avr/4.3.3/avr5\libgcc.a(_unpack_sf.o)
                              c:/embedded system/00 extra/00-tools/01-imt sdk/imt_sdk_win_64/winavr/bin/../lib/gcc/avr/4.3.3/avr5\libgcc.a(_addsub_sf.o) (__unpack_f)
c:/embedded system/00 extra/00-tools/01-imt sdk/imt_sdk_win_64/winavr/bin/../lib/gcc/avr/4.3.3/avr5\libgcc.a(_fpcmp_parts_sf.o)
                              c:/embedded system/00 extra/00-tools/01-imt sdk/imt_sdk_win_64/winavr/bin/../lib/gcc/avr/4.3.3/avr5\libgcc.a(_gt_sf.o) (__fpcmp_parts_f)
c:/embedded system/00 extra/00-tools/01-imt sdk/imt_sdk_win_64/winavr/bin/../lib/gcc/avr/4.3.3/avr5\libgcc.a(_clz.o)
                              c:/embedded system/00 extra/00-tools/01-imt sdk/imt_sdk_win_64/winavr/bin/../lib/gcc/avr/4.3.3/avr5\libgcc.a(_clzsi2.o) (__clz_tab)
c:/embedded system/00 extra/00-tools/01-imt sdk/imt_sdk_win_64/winavr/bin/../lib/gcc/avr/4.3.3/../../../../avr/lib/avr5\libc.a(strcmp.o)
                              ./src/main.o (strcmp)

Allocating common symbols
Common symbol       size              file

ResultArr           0x4               ./src/main.o

Memory Configuration

Name             Origin             Length             Attributes
text             0x00000000         0x00020000         xr
data             0x00800060         0x0000ffa0         rw !x
eeprom           0x00810000         0x00010000         rw !x
fuse             0x00820000         0x00000400         rw !x
lock             0x00830000         0x00000400         rw !x
signature        0x00840000         0x00000400         rw !x
*default*        0x00000000         0xffffffff

Linker script and memory map

LOAD c:/embedded system/00 extra/00-tools/01-imt sdk/imt_sdk_win_64/winavr/bin/../lib/gcc/avr/4.3.3/../../../../avr/lib/avr5/crtm32.o
LOAD ./src/ADC_program.o
LOAD ./src/CLCD_program.o
LOAD ./src/DAC_program.o
LOAD ./src/DIO_program.o
LOAD ./src/EXTI_program.o
LOAD ./src/GIE_program.o
LOAD ./src/KPD_program.o
LOAD ./src/LED_program.o
LOAD ./src/PORT_program.o
LOAD ./src/SERVO_program.o
LOAD ./src/SSD_program.o
LOAD ./src/STEP_MOTOR_program.o
LOAD ./src/SW_program.o
LOAD ./src/TIMER_program.o
LOAD ./src/USART_program.o
LOAD ./src/WDT_program.o
LOAD ./src/main.o
LOAD c:/embedded system/00 extra/00-tools/01-imt sdk/imt_sdk_win_64/winavr/bin/../lib/gcc/avr/4.3.3/avr5\libgcc.a
LOAD c:/embedded system/00 extra/00-tools/01-imt sdk/imt_sdk_win_64/winavr/bin/../lib/gcc/avr/4.3.3/../../../../avr/lib/avr5\libc.a
LOAD c:/embedded system/00 extra/00-tools/01-imt sdk/imt_sdk_win_64/winavr/bin/../lib/gcc/avr/4.3.3/avr5\libgcc.a

.hash
 *(.hash)

.dynsym
 *(.dynsym)

.dynstr
 *(.dynstr)

.gnu.version
 *(.gnu.version)

.gnu.version_d
 *(.gnu.version_d)

.gnu.version_r
 *(.gnu.version_r)

.rel.init
 *(.rel.init)

.rela.init
 *(.rela.init)

.rel.text
 *(.rel.text)
 *(.rel.text.*)
 *(.rel.gnu.linkonce.t*)

.rela.text
 *(.rela.text)
 *(.rela.text.*)
 *(.rela.gnu.linkonce.t*)

.rel.fini
 *(.rel.fini)

.rela.fini
 *(.rela.fini)

.rel.rodata
 *(.rel.rodata)
 *(.rel.rodata.*)
 *(.rel.gnu.linkonce.r*)

.rela.rodata
 *(.rela.rodata)
 *(.rela.rodata.*)
 *(.rela.gnu.linkonce.r*)

.rel.data
 *(.rel.data)
 *(.rel.data.*)
 *(.rel.gnu.linkonce.d*)

.rela.data
 *(.rela.data)
 *(.rela.data.*)
 *(.rela.gnu.linkonce.d*)

.rel.ctors
 *(.rel.ctors)

.rela.ctors
 *(.rela.ctors)

.rel.dtors
 *(.rel.dtors)

.rela.dtors
 *(.rela.dtors)

.rel.got
 *(.rel.got)

.rela.got
 *(.rela.got)

.rel.bss
 *(.rel.bss)

.rela.bss
 *(.rela.bss)

.rel.plt
 *(.rel.plt)

.rela.plt
 *(.rela.plt)

.text           0x00000000     0x760c
 *(.vectors)
 .vectors       0x00000000       0x54 c:/embedded system/00 extra/00-tools/01-imt sdk/imt_sdk_win_64/winavr/bin/../lib/gcc/avr/4.3.3/../../../../avr/lib/avr5/crtm32.o
                0x00000000                __vectors
                0x00000000                __vector_default
 *(.vectors)
 *(.progmem.gcc*)
 *(.progmem*)
                0x00000054                . = ALIGN (0x2)
                0x00000054                __trampolines_start = .
 *(.trampolines)
 .trampolines   0x00000054        0x0 linker stubs
 *(.trampolines*)
                0x00000054                __trampolines_end = .
 *(.jumptables)
 *(.jumptables*)
 *(.lowtext)
 *(.lowtext*)
                0x00000054                __ctors_start = .
 *(.ctors)
                0x00000054                __ctors_end = .
                0x00000054                __dtors_start = .
 *(.dtors)
                0x00000054                __dtors_end = .
 SORT(*)(.ctors)
 SORT(*)(.dtors)
 *(.init0)
 .init0         0x00000054        0x0 c:/embedded system/00 extra/00-tools/01-imt sdk/imt_sdk_win_64/winavr/bin/../lib/gcc/avr/4.3.3/../../../../avr/lib/avr5/crtm32.o
                0x00000054                __init
 *(.init0)
 *(.init1)
 *(.init1)
 *(.init2)
 .init2         0x00000054        0xc c:/embedded system/00 extra/00-tools/01-imt sdk/imt_sdk_win_64/winavr/bin/../lib/gcc/avr/4.3.3/../../../../avr/lib/avr5/crtm32.o
 *(.init2)
 *(.init3)
 *(.init3)
 *(.init4)
 .init4         0x00000060       0x16 c:/embedded system/00 extra/00-tools/01-imt sdk/imt_sdk_win_64/winavr/bin/../lib/gcc/avr/4.3.3/avr5\libgcc.a(_copy_data.o)
                0x00000060                __do_copy_data
 .init4         0x00000076       0x10 c:/embedded system/00 extra/00-tools/01-imt sdk/imt_sdk_win_64/winavr/bin/../lib/gcc/avr/4.3.3/avr5\libgcc.a(_clear_bss.o)
                0x00000076                __do_clear_bss
 *(.init4)
 *(.init5)
 *(.init5)
 *(.init6)
 *(.init6)
 *(.init7)
 *(.init7)
 *(.init8)
 *(.init8)
 *(.init9)
 .init9         0x00000086        0x8 c:/embedded system/00 extra/00-tools/01-imt sdk/imt_sdk_win_64/winavr/bin/../lib/gcc/avr/4.3.3/../../../../avr/lib/avr5/crtm32.o
 *(.init9)
 *(.text)
 .text          0x0000008e        0x4 c:/embedded system/00 extra/00-tools/01-imt sdk/imt_sdk_win_64/winavr/bin/../lib/gcc/avr/4.3.3/../../../../avr/lib/avr5/crtm32.o
                0x0000008e                __vector_12
                0x0000008e                __bad_interrupt
                0x0000008e                __vector_17
                0x0000008e                __vector_19
                0x0000008e                __vector_15
                0x0000008e                __vector_18
                0x0000008e                __vector_20
 .text          0x00000092        0x0 ./src/ADC_program.o
 .text          0x00000092        0x0 ./src/CLCD_program.o
 .text          0x00000092        0x0 ./src/DAC_program.o
 .text          0x00000092        0x0 ./src/DIO_program.o
 .text          0x00000092        0x0 ./src/EXTI_program.o
 .text          0x00000092        0x0 ./src/GIE_program.o
 .text          0x00000092        0x0 ./src/KPD_program.o
 .text          0x00000092        0x0 ./src/LED_program.o
 .text          0x00000092        0x0 ./src/PORT_program.o
 .text          0x00000092        0x0 ./src/SERVO_program.o
 .text          0x00000092        0x0 ./src/SSD_program.o
 .text          0x00000092        0x0 ./src/STEP_MOTOR_program.o
 .text          0x00000092        0x0 ./src/SW_program.o
 .text          0x00000092        0x0 ./src/TIMER_program.o
 .text          0x00000092        0x0 ./src/USART_program.o
 .text          0x00000092        0x0 ./src/WDT_program.o
 .text          0x00000092        0x0 ./src/main.o
 .text          0x00000092        0x0 c:/embedded system/00 extra/00-tools/01-imt sdk/imt_sdk_win_64/winavr/bin/../lib/gcc/avr/4.3.3/avr5\libgcc.a(_mulsi3.o)
 .text          0x00000092        0x0 c:/embedded system/00 extra/00-tools/01-imt sdk/imt_sdk_win_64/winavr/bin/../lib/gcc/avr/4.3.3/avr5\libgcc.a(_udivmodhi4.o)
 .text          0x00000092        0x0 c:/embedded system/00 extra/00-tools/01-imt sdk/imt_sdk_win_64/winavr/bin/../lib/gcc/avr/4.3.3/avr5\libgcc.a(_udivmodsi4.o)
 .text          0x00000092        0x0 c:/embedded system/00 extra/00-tools/01-imt sdk/imt_sdk_win_64/winavr/bin/../lib/gcc/avr/4.3.3/avr5\libgcc.a(_exit.o)
 .text          0x00000092        0x0 c:/embedded system/00 extra/00-tools/01-imt sdk/imt_sdk_win_64/winavr/bin/../lib/gcc/avr/4.3.3/avr5\libgcc.a(_copy_data.o)
 .text          0x00000092        0x0 c:/embedded system/00 extra/00-tools/01-imt sdk/imt_sdk_win_64/winavr/bin/../lib/gcc/avr/4.3.3/avr5\libgcc.a(_clear_bss.o)
 .text          0x00000092       0x58 c:/embedded system/00 extra/00-tools/01-imt sdk/imt_sdk_win_64/winavr/bin/../lib/gcc/avr/4.3.3/avr5\libgcc.a(_fixunssfsi.o)
                0x00000092                __fixunssfsi
 .text          0x000000ea      0x354 c:/embedded system/00 extra/00-tools/01-imt sdk/imt_sdk_win_64/winavr/bin/../lib/gcc/avr/4.3.3/avr5\libgcc.a(_addsub_sf.o)
                0x00000382                __subsf3
                0x000003e4                __addsf3
 .text          0x0000043e      0x1f4 c:/embedded system/00 extra/00-tools/01-imt sdk/imt_sdk_win_64/winavr/bin/../lib/gcc/avr/4.3.3/avr5\libgcc.a(_mul_sf.o)
                0x0000043e                __mulsf3
 .text          0x00000632      0x158 c:/embedded system/00 extra/00-tools/01-imt sdk/imt_sdk_win_64/winavr/bin/../lib/gcc/avr/4.3.3/avr5\libgcc.a(_div_sf.o)
                0x00000632                __divsf3
 .text          0x0000078a       0x60 c:/embedded system/00 extra/00-tools/01-imt sdk/imt_sdk_win_64/winavr/bin/../lib/gcc/avr/4.3.3/avr5\libgcc.a(_gt_sf.o)
                0x0000078a                __gtsf2
 .text          0x000007ea       0x60 c:/embedded system/00 extra/00-tools/01-imt sdk/imt_sdk_win_64/winavr/bin/../lib/gcc/avr/4.3.3/avr5\libgcc.a(_ge_sf.o)
                0x000007ea                __gesf2
 .text          0x0000084a       0x60 c:/embedded system/00 extra/00-tools/01-imt sdk/imt_sdk_win_64/winavr/bin/../lib/gcc/avr/4.3.3/avr5\libgcc.a(_lt_sf.o)
                0x0000084a                __ltsf2
 .text          0x000008aa       0xa8 c:/embedded system/00 extra/00-tools/01-imt sdk/imt_sdk_win_64/winavr/bin/../lib/gcc/avr/4.3.3/avr5\libgcc.a(_sf_to_si.o)
                0x000008aa                __fixsfsi
 .text          0x00000952        0x0 c:/embedded system/00 extra/00-tools/01-imt sdk/imt_sdk_win_64/winavr/bin/../lib/gcc/avr/4.3.3/avr5\libgcc.a(_thenan_sf.o)
 .text          0x00000952       0xf2 c:/embedded system/00 extra/00-tools/01-imt sdk/imt_sdk_win_64/winavr/bin/../lib/gcc/avr/4.3.3/avr5\libgcc.a(_usi_to_sf.o)
                0x00000952                __floatunsisf
 .text          0x00000a44        0x0 c:/embedded system/00 extra/00-tools/01-imt sdk/imt_sdk_win_64/winavr/bin/../lib/gcc/avr/4.3.3/avr5\libgcc.a(_prologue.o)
 .text          0x00000a44        0x0 c:/embedded system/00 extra/00-tools/01-imt sdk/imt_sdk_win_64/winavr/bin/../lib/gcc/avr/4.3.3/avr5\libgcc.a(_epilogue.o)
 .text          0x00000a44       0x9e c:/embedded system/00 extra/00-tools/01-imt sdk/imt_sdk_win_64/winavr/bin/../lib/gcc/avr/4.3.3/avr5\libgcc.a(_clzsi2.o)
                0x00000a44                __clzsi2
 .text          0x00000ae2      0x1aa c:/embedded system/00 extra/00-tools/01-imt sdk/imt_sdk_win_64/winavr/bin/../lib/gcc/avr/4.3.3/avr5\libgcc.a(_pack_sf.o)
                0x00000ae2                __pack_f
 .text          0x00000c8c       0xf0 c:/embedded system/00 extra/00-tools/01-imt sdk/imt_sdk_win_64/winavr/bin/../lib/gcc/avr/4.3.3/avr5\libgcc.a(_unpack_sf.o)
                0x00000c8c                __unpack_f
 .text          0x00000d7c       0xb2 c:/embedded system/00 extra/00-tools/01-imt sdk/imt_sdk_win_64/winavr/bin/../lib/gcc/avr/4.3.3/avr5\libgcc.a(_fpcmp_parts_sf.o)
                0x00000d7c                __fpcmp_parts_f
 .text          0x00000e2e        0x0 c:/embedded system/00 extra/00-tools/01-imt sdk/imt_sdk_win_64/winavr/bin/../lib/gcc/avr/4.3.3/avr5\libgcc.a(_clz.o)
 .text          0x00000e2e        0x0 c:/embedded system/00 extra/00-tools/01-imt sdk/imt_sdk_win_64/winavr/bin/../lib/gcc/avr/4.3.3/../../../../avr/lib/avr5\libc.a(strcmp.o)
                0x00000e2e                . = ALIGN (0x2)
 *(.text.*)
 .text.ADC_voidInit
                0x00000e2e       0x70 ./src/ADC_program.o
                0x00000e2e                ADC_voidInit
 .text.ADC_u8StartSingleConvPoll
                0x00000e9e      0x122 ./src/ADC_program.o
                0x00000e9e                ADC_u8StartSingleConvPoll
 .text.ADC_u8StartSingleConvInt
                0x00000fc0       0xbc ./src/ADC_program.o
                0x00000fc0                ADC_u8StartSingleConvInt
 .text.ADC_u8StartChainConvAsynch
                0x0000107c      0x116 ./src/ADC_program.o
                0x0000107c                ADC_u8StartChainConvAsynch
 .text.__vector_16
                0x00001192      0x130 ./src/ADC_program.o
                0x00001192                __vector_16
 .text.CLCD_voidSendCommand
                0x000012c2      0x344 ./src/CLCD_program.o
                0x000012c2                CLCD_voidSendCommand
 .text.CLCD_Read_BF_AC
                0x00001606       0x6e ./src/CLCD_program.o
                0x00001606                CLCD_Read_BF_AC
 .text.CLCD_voidSendData
                0x00001674      0x340 ./src/CLCD_program.o
                0x00001674                CLCD_voidSendData
 .text.CLCD_voidInit
                0x000019b4      0x3e6 ./src/CLCD_program.o
                0x000019b4                CLCD_voidInit
 .text.CLCD_voidSendString
                0x00001d9a       0x52 ./src/CLCD_program.o
                0x00001d9a                CLCD_voidSendString
 .text.CLCD_voidGoToXY
                0x00001dec       0x4a ./src/CLCD_program.o
                0x00001dec                CLCD_voidGoToXY
 .text.CLCD_voidWriteSpecialCharacter
                0x00001e36       0x82 ./src/CLCD_program.o
                0x00001e36                CLCD_voidWriteSpecialCharacter
 .text.CLCD_voidWriteNumber
                0x00001eb8       0x96 ./src/CLCD_program.o
                0x00001eb8                CLCD_voidWriteNumber
 .text.Num_length
                0x00001f4e       0x56 ./src/CLCD_program.o
 .text.Multi_N_10
                0x00001fa4       0x56 ./src/CLCD_program.o
 .text.DAC_voidSetAnalogValue
                0x00001ffa       0x5a ./src/DAC_program.o
                0x00001ffa                DAC_voidSetAnalogValue
 .text.DIO_u8SetPinValue
                0x00002054      0x232 ./src/DIO_program.o
                0x00002054                DIO_u8SetPinValue
 .text.DIO_u8SetPortValue
                0x00002286       0x9c ./src/DIO_program.o
                0x00002286                DIO_u8SetPortValue
 .text.DIO_u8GetPinValue
                0x00002322      0x136 ./src/DIO_program.o
                0x00002322                DIO_u8GetPinValue
 .text.DIO_u8TogglePinValue
                0x00002458      0x116 ./src/DIO_program.o
                0x00002458                DIO_u8TogglePinValue
 .text.DIO_u8SetLowNibbleValue
                0x0000256e       0xf6 ./src/DIO_program.o
                0x0000256e                DIO_u8SetLowNibbleValue
 .text.DIO_u8SetHighNibbleValue
                0x00002664      0x140 ./src/DIO_program.o
                0x00002664                DIO_u8SetHighNibbleValue
 .text.EXTI_voidInt0Init
                0x000027a4       0x38 ./src/EXTI_program.o
                0x000027a4                EXTI_voidInt0Init
 .text.EXTI_u8Int0CallBack
                0x000027dc       0x3a ./src/EXTI_program.o
                0x000027dc                EXTI_u8Int0CallBack
 .text.EXTI_u8Int0ChangeSence
                0x00002816       0x44 ./src/EXTI_program.o
                0x00002816                EXTI_u8Int0ChangeSence
 .text.EXTI_voidInt1Init
                0x0000285a       0x38 ./src/EXTI_program.o
                0x0000285a                EXTI_voidInt1Init
 .text.EXTI_u8Int1CallBack
                0x00002892       0x3a ./src/EXTI_program.o
                0x00002892                EXTI_u8Int1CallBack
 .text.EXTI_u8Int1ChangeSence
                0x000028cc       0x52 ./src/EXTI_program.o
                0x000028cc                EXTI_u8Int1ChangeSence
 .text.EXTI_voidInt2Init
                0x0000291e       0x36 ./src/EXTI_program.o
                0x0000291e                EXTI_voidInt2Init
 .text.EXTI_u8Int2CallBack
                0x00002954       0x3a ./src/EXTI_program.o
                0x00002954                EXTI_u8Int2CallBack
 .text.EXTI_u8Int2ChangeSence
                0x0000298e       0x5c ./src/EXTI_program.o
                0x0000298e                EXTI_u8Int2ChangeSence
 .text.EXTI_u8IntDisable
                0x000029ea       0x7a ./src/EXTI_program.o
                0x000029ea                EXTI_u8IntDisable
 .text.EXTI_u8IntEnable
                0x00002a64       0x7a ./src/EXTI_program.o
                0x00002a64                EXTI_u8IntEnable
 .text.__vector_1
                0x00002ade       0x5a ./src/EXTI_program.o
                0x00002ade                __vector_1
 .text.__vector_2
                0x00002b38       0x5a ./src/EXTI_program.o
                0x00002b38                __vector_2
 .text.__vector_3
                0x00002b92       0x5a ./src/EXTI_program.o
                0x00002b92                __vector_3
 .text.GIE_voidEnable
                0x00002bec       0x1c ./src/GIE_program.o
                0x00002bec                GIE_voidEnable
 .text.GIE_voidDisable
                0x00002c08       0x1c ./src/GIE_program.o
                0x00002c08                GIE_voidDisable
 .text.KPD_u8Key_pressed
                0x00002c24       0xf0 ./src/KPD_program.o
                0x00002c24                KPD_u8Key_pressed
 .text.LED_u8TurnOn
                0x00002d14       0x64 ./src/LED_program.o
                0x00002d14                LED_u8TurnOn
 .text.LED_u8TurnOff
                0x00002d78       0x64 ./src/LED_program.o
                0x00002d78                LED_u8TurnOff
 .text.LED_u8TogLed
                0x00002ddc       0x84 ./src/LED_program.o
                0x00002ddc                LED_u8TogLed
 .text.PORT_voidInit
                0x00002e60       0x4a ./src/PORT_program.o
                0x00002e60                PORT_voidInit
 .text.SERVO_voidInit
                0x00002eaa       0x76 ./src/SERVO_program.o
                0x00002eaa                SERVO_voidInit
 .text.SERVO_voidSetAngle
                0x00002f20       0xc0 ./src/SERVO_program.o
                0x00002f20                SERVO_voidSetAngle
 .text.Map      0x00002fe0       0xfa ./src/SERVO_program.o
 .text.SSD_u8SetNumber
                0x000030da       0x80 ./src/SSD_program.o
                0x000030da                SSD_u8SetNumber
 .text.SSD_u8Enable
                0x0000315a       0x68 ./src/SSD_program.o
                0x0000315a                SSD_u8Enable
 .text.SSD_u8Disable
                0x000031c2       0x68 ./src/SSD_program.o
                0x000031c2                SSD_u8Disable
 .text.STEP_MOTORu8StartFullMode
                0x0000322a      0x65e ./src/STEP_MOTOR_program.o
                0x0000322a                STEP_MOTORu8StartFullMode
 .text.STEP_MOTORu8StartHalfMode
                0x00003888      0x76c ./src/STEP_MOTOR_program.o
                0x00003888                STEP_MOTORu8StartHalfMode
 .text.STEP_MOTORvStop
                0x00003ff4       0x46 ./src/STEP_MOTOR_program.o
                0x00003ff4                STEP_MOTORvStop
 .text.RotateRightLowNibble
                0x0000403a       0x3a ./src/STEP_MOTOR_program.o
 .text.RotateLeftLowNibble
                0x00004074       0x40 ./src/STEP_MOTOR_program.o
 .text.SW_u8GetState
                0x000040b4      0x34e ./src/SW_program.o
                0x000040b4                SW_u8GetState
 .text.SW_u8GetState2
                0x00004402      0x1f8 ./src/SW_program.o
                0x00004402                SW_u8GetState2
 .text.TIMER_voidInit
                0x000045fa      0x40c ./src/TIMER_program.o
                0x000045fa                TIMER_voidInit
 .text.TIMER0_voidCompOutModeChange
                0x00004a06       0x4c ./src/TIMER_program.o
                0x00004a06                TIMER0_voidCompOutModeChange
 .text.TIMER0_voidSetPreloadValue
                0x00004a52       0x1c ./src/TIMER_program.o
                0x00004a52                TIMER0_voidSetPreloadValue
 .text.TIMER0_voidSetCompMatchValue
                0x00004a6e       0x1c ./src/TIMER_program.o
                0x00004a6e                TIMER0_voidSetCompMatchValue
 .text.TIMER0_u8SetCallBack
                0x00004a8a       0x84 ./src/TIMER_program.o
                0x00004a8a                TIMER0_u8SetCallBack
 .text.TIMER1_voidCompOutModeChange
                0x00004b0e       0x4c ./src/TIMER_program.o
                0x00004b0e                TIMER1_voidCompOutModeChange
 .text.TIMER1_voidSetICR
                0x00004b5a       0x24 ./src/TIMER_program.o
                0x00004b5a                TIMER1_voidSetICR
 .text.TIMER1_voidSetPreloadValue
                0x00004b7e       0x24 ./src/TIMER_program.o
                0x00004b7e                TIMER1_voidSetPreloadValue
 .text.TIMER1_voidSetChannelACompMatch
                0x00004ba2       0x24 ./src/TIMER_program.o
                0x00004ba2                TIMER1_voidSetChannelACompMatch
 .text.TIMER1_voidSetChannelBCompMatch
                0x00004bc6       0x24 ./src/TIMER_program.o
                0x00004bc6                TIMER1_voidSetChannelBCompMatch
 .text.TIMER1_u8SetCallBack
                0x00004bea       0xfe ./src/TIMER_program.o
                0x00004bea                TIMER1_u8SetCallBack
 .text.TIMER2_voidCompOutModeChange
                0x00004ce8       0x4c ./src/TIMER_program.o
                0x00004ce8                TIMER2_voidCompOutModeChange
 .text.TIMER2_voidSetPreloadValue
                0x00004d34       0x1c ./src/TIMER_program.o
                0x00004d34                TIMER2_voidSetPreloadValue
 .text.TIMER2_voidSetCompMatchValue
                0x00004d50       0x1c ./src/TIMER_program.o
                0x00004d50                TIMER2_voidSetCompMatchValue
 .text.TIMER2_u8SetCallBack
                0x00004d6c       0x84 ./src/TIMER_program.o
                0x00004d6c                TIMER2_u8SetCallBack
 .text.__vector_10
                0x00004df0       0x5a ./src/TIMER_program.o
                0x00004df0                __vector_10
 .text.__vector_11
                0x00004e4a       0x5a ./src/TIMER_program.o
                0x00004e4a                __vector_11
 .text.__vector_7
                0x00004ea4       0x5a ./src/TIMER_program.o
                0x00004ea4                __vector_7
 .text.__vector_8
                0x00004efe       0x5a ./src/TIMER_program.o
                0x00004efe                __vector_8
 .text.__vector_9
                0x00004f58       0x5a ./src/TIMER_program.o
                0x00004f58                __vector_9
 .text.__vector_6
                0x00004fb2       0x5a ./src/TIMER_program.o
                0x00004fb2                __vector_6
 .text.__vector_5
                0x0000500c       0x5a ./src/TIMER_program.o
                0x0000500c                __vector_5
 .text.__vector_4
                0x00005066       0x5a ./src/TIMER_program.o
                0x00005066                __vector_4
 .text.USART_init
                0x000050c0       0xa2 ./src/USART_program.o
                0x000050c0                USART_init
 .text.USART_u8SendPolling
                0x00005162       0xaa ./src/USART_program.o
                0x00005162                USART_u8SendPolling
 .text.USART_u8ReceivePolling
                0x0000520c       0xd2 ./src/USART_program.o
                0x0000520c                USART_u8ReceivePolling
 .text.USART_u8ReceivePollingWithOut
                0x000052de       0x70 ./src/USART_program.o
                0x000052de                USART_u8ReceivePollingWithOut
 .text.USART_u8SendStringPoll
                0x0000534e       0x64 ./src/USART_program.o
                0x0000534e                USART_u8SendStringPoll
 .text.USART_u8ReceiveBufferPollWithOut
                0x000053b2      0x370 ./src/USART_program.o
                0x000053b2                USART_u8ReceiveBufferPollWithOut
 .text.USART_u8ReceiveBufferPoll
                0x00005722       0x84 ./src/USART_program.o
                0x00005722                USART_u8ReceiveBufferPoll
 .text.USART_u8SendCharInt
                0x000057a6       0x6a ./src/USART_program.o
                0x000057a6                USART_u8SendCharInt
 .text.USART_u8SendStringInt
                0x00005810       0x80 ./src/USART_program.o
                0x00005810                USART_u8SendStringInt
 .text.USART_u8ReceiveCharInt
                0x00005890       0x80 ./src/USART_program.o
                0x00005890                USART_u8ReceiveCharInt
 .text.USART_u8ReceiveBufferInt
                0x00005910       0x8a ./src/USART_program.o
                0x00005910                USART_u8ReceiveBufferInt
 .text.__vector_14
                0x0000599a       0xfc ./src/USART_program.o
                0x0000599a                __vector_14
 .text.__vector_13
                0x00005a96      0x15e ./src/USART_program.o
                0x00005a96                __vector_13
 .text.WDT_voidEnable
                0x00005bf4       0x1c ./src/WDT_program.o
                0x00005bf4                WDT_voidEnable
 .text.WDT_voidDisable
                0x00005c10       0x22 ./src/WDT_program.o
                0x00005c10                WDT_voidDisable
 .text.WDT_u8Sleep
                0x00005c32       0x44 ./src/WDT_program.o
                0x00005c32                WDT_u8Sleep
 .text.notif    0x00005c76       0x1e ./src/main.o
                0x00005c76                notif
 .text.AppMap   0x00005c94       0xfa ./src/main.o
                0x00005c94                AppMap
 .text.main     0x00005d8e      0x8fe ./src/main.o
                0x00005d8e                main
 .text.BuzzerSound
                0x0000668c      0xc2e ./src/main.o
                0x0000668c                BuzzerSound
 .text.LedAdjustMotorAdjust
                0x000072ba      0x224 ./src/main.o
                0x000072ba                LedAdjustMotorAdjust
 .text.libgcc   0x000074de       0x3e c:/embedded system/00 extra/00-tools/01-imt sdk/imt_sdk_win_64/winavr/bin/../lib/gcc/avr/4.3.3/avr5\libgcc.a(_mulsi3.o)
                0x000074de                __mulsi3
 .text.libgcc   0x0000751c       0x28 c:/embedded system/00 extra/00-tools/01-imt sdk/imt_sdk_win_64/winavr/bin/../lib/gcc/avr/4.3.3/avr5\libgcc.a(_udivmodhi4.o)
                0x0000751c                __udivmodhi4
 .text.libgcc   0x00007544       0x44 c:/embedded system/00 extra/00-tools/01-imt sdk/imt_sdk_win_64/winavr/bin/../lib/gcc/avr/4.3.3/avr5\libgcc.a(_udivmodsi4.o)
                0x00007544                __udivmodsi4
 .text.libgcc   0x00007588        0x0 c:/embedded system/00 extra/00-tools/01-imt sdk/imt_sdk_win_64/winavr/bin/../lib/gcc/avr/4.3.3/avr5\libgcc.a(_exit.o)
 .text.libgcc   0x00007588        0x0 c:/embedded system/00 extra/00-tools/01-imt sdk/imt_sdk_win_64/winavr/bin/../lib/gcc/avr/4.3.3/avr5\libgcc.a(_copy_data.o)
 .text.libgcc   0x00007588        0x0 c:/embedded system/00 extra/00-tools/01-imt sdk/imt_sdk_win_64/winavr/bin/../lib/gcc/avr/4.3.3/avr5\libgcc.a(_clear_bss.o)
 .text.libgcc   0x00007588       0x38 c:/embedded system/00 extra/00-tools/01-imt sdk/imt_sdk_win_64/winavr/bin/../lib/gcc/avr/4.3.3/avr5\libgcc.a(_prologue.o)
                0x00007588                __prologue_saves__
 .text.libgcc   0x000075c0       0x36 c:/embedded system/00 extra/00-tools/01-imt sdk/imt_sdk_win_64/winavr/bin/../lib/gcc/avr/4.3.3/avr5\libgcc.a(_epilogue.o)
                0x000075c0                __epilogue_restores__
 .text.avr-libc
                0x000075f6       0x12 c:/embedded system/00 extra/00-tools/01-imt sdk/imt_sdk_win_64/winavr/bin/../lib/gcc/avr/4.3.3/../../../../avr/lib/avr5\libc.a(strcmp.o)
                0x000075f6                strcmp
                0x00007608                . = ALIGN (0x2)
 *(.fini9)
 .fini9         0x00007608        0x0 c:/embedded system/00 extra/00-tools/01-imt sdk/imt_sdk_win_64/winavr/bin/../lib/gcc/avr/4.3.3/avr5\libgcc.a(_exit.o)
                0x00007608                exit
                0x00007608                _exit
 *(.fini9)
 *(.fini8)
 *(.fini8)
 *(.fini7)
 *(.fini7)
 *(.fini6)
 *(.fini6)
 *(.fini5)
 *(.fini5)
 *(.fini4)
 *(.fini4)
 *(.fini3)
 *(.fini3)
 *(.fini2)
 *(.fini2)
 *(.fini1)
 *(.fini1)
 *(.fini0)
 .fini0         0x00007608        0x4 c:/embedded system/00 extra/00-tools/01-imt sdk/imt_sdk_win_64/winavr/bin/../lib/gcc/avr/4.3.3/avr5\libgcc.a(_exit.o)
 *(.fini0)
                0x0000760c                _etext = .

.data           0x00800060      0x290 load address 0x0000760c
                0x00800060                PROVIDE (__data_start, .)
 *(.data)
 .data          0x00800060        0x0 c:/embedded system/00 extra/00-tools/01-imt sdk/imt_sdk_win_64/winavr/bin/../lib/gcc/avr/4.3.3/../../../../avr/lib/avr5/crtm32.o
 .data          0x00800060        0x0 ./src/ADC_program.o
 .data          0x00800060        0x0 ./src/CLCD_program.o
 .data          0x00800060        0x0 ./src/DAC_program.o
 .data          0x00800060        0x0 ./src/DIO_program.o
 .data          0x00800060        0x0 ./src/EXTI_program.o
 .data          0x00800060        0x0 ./src/GIE_program.o
 .data          0x00800060        0x0 ./src/KPD_program.o
 .data          0x00800060        0x0 ./src/LED_program.o
 .data          0x00800060        0x0 ./src/PORT_program.o
 .data          0x00800060        0x0 ./src/SERVO_program.o
 .data          0x00800060        0x0 ./src/SSD_program.o
 .data          0x00800060        0x0 ./src/STEP_MOTOR_program.o
 .data          0x00800060        0x0 ./src/SW_program.o
 .data          0x00800060        0x0 ./src/TIMER_program.o
 .data          0x00800060        0x0 ./src/USART_program.o
 .data          0x00800060        0x0 ./src/WDT_program.o
 .data          0x00800060      0x14d ./src/main.o
 .data          0x008001ad        0x0 c:/embedded system/00 extra/00-tools/01-imt sdk/imt_sdk_win_64/winavr/bin/../lib/gcc/avr/4.3.3/avr5\libgcc.a(_mulsi3.o)
 .data          0x008001ad        0x0 c:/embedded system/00 extra/00-tools/01-imt sdk/imt_sdk_win_64/winavr/bin/../lib/gcc/avr/4.3.3/avr5\libgcc.a(_udivmodhi4.o)
 .data          0x008001ad        0x0 c:/embedded system/00 extra/00-tools/01-imt sdk/imt_sdk_win_64/winavr/bin/../lib/gcc/avr/4.3.3/avr5\libgcc.a(_udivmodsi4.o)
 .data          0x008001ad        0x0 c:/embedded system/00 extra/00-tools/01-imt sdk/imt_sdk_win_64/winavr/bin/../lib/gcc/avr/4.3.3/avr5\libgcc.a(_exit.o)
 .data          0x008001ad        0x0 c:/embedded system/00 extra/00-tools/01-imt sdk/imt_sdk_win_64/winavr/bin/../lib/gcc/avr/4.3.3/avr5\libgcc.a(_copy_data.o)
 .data          0x008001ad        0x0 c:/embedded system/00 extra/00-tools/01-imt sdk/imt_sdk_win_64/winavr/bin/../lib/gcc/avr/4.3.3/avr5\libgcc.a(_clear_bss.o)
 .data          0x008001ad        0x0 c:/embedded system/00 extra/00-tools/01-imt sdk/imt_sdk_win_64/winavr/bin/../lib/gcc/avr/4.3.3/avr5\libgcc.a(_fixunssfsi.o)
 .data          0x008001ad        0x0 c:/embedded system/00 extra/00-tools/01-imt sdk/imt_sdk_win_64/winavr/bin/../lib/gcc/avr/4.3.3/avr5\libgcc.a(_addsub_sf.o)
 .data          0x008001ad        0x0 c:/embedded system/00 extra/00-tools/01-imt sdk/imt_sdk_win_64/winavr/bin/../lib/gcc/avr/4.3.3/avr5\libgcc.a(_mul_sf.o)
 .data          0x008001ad        0x0 c:/embedded system/00 extra/00-tools/01-imt sdk/imt_sdk_win_64/winavr/bin/../lib/gcc/avr/4.3.3/avr5\libgcc.a(_div_sf.o)
 .data          0x008001ad        0x0 c:/embedded system/00 extra/00-tools/01-imt sdk/imt_sdk_win_64/winavr/bin/../lib/gcc/avr/4.3.3/avr5\libgcc.a(_gt_sf.o)
 .data          0x008001ad        0x0 c:/embedded system/00 extra/00-tools/01-imt sdk/imt_sdk_win_64/winavr/bin/../lib/gcc/avr/4.3.3/avr5\libgcc.a(_ge_sf.o)
 .data          0x008001ad        0x0 c:/embedded system/00 extra/00-tools/01-imt sdk/imt_sdk_win_64/winavr/bin/../lib/gcc/avr/4.3.3/avr5\libgcc.a(_lt_sf.o)
 .data          0x008001ad        0x0 c:/embedded system/00 extra/00-tools/01-imt sdk/imt_sdk_win_64/winavr/bin/../lib/gcc/avr/4.3.3/avr5\libgcc.a(_sf_to_si.o)
 .data          0x008001ad        0x8 c:/embedded system/00 extra/00-tools/01-imt sdk/imt_sdk_win_64/winavr/bin/../lib/gcc/avr/4.3.3/avr5\libgcc.a(_thenan_sf.o)
                0x008001ad                __thenan_sf
 .data          0x008001b5        0x0 c:/embedded system/00 extra/00-tools/01-imt sdk/imt_sdk_win_64/winavr/bin/../lib/gcc/avr/4.3.3/avr5\libgcc.a(_usi_to_sf.o)
 .data          0x008001b5        0x0 c:/embedded system/00 extra/00-tools/01-imt sdk/imt_sdk_win_64/winavr/bin/../lib/gcc/avr/4.3.3/avr5\libgcc.a(_prologue.o)
 .data          0x008001b5        0x0 c:/embedded system/00 extra/00-tools/01-imt sdk/imt_sdk_win_64/winavr/bin/../lib/gcc/avr/4.3.3/avr5\libgcc.a(_epilogue.o)
 .data          0x008001b5        0x0 c:/embedded system/00 extra/00-tools/01-imt sdk/imt_sdk_win_64/winavr/bin/../lib/gcc/avr/4.3.3/avr5\libgcc.a(_clzsi2.o)
 .data          0x008001b5        0x0 c:/embedded system/00 extra/00-tools/01-imt sdk/imt_sdk_win_64/winavr/bin/../lib/gcc/avr/4.3.3/avr5\libgcc.a(_pack_sf.o)
 .data          0x008001b5        0x0 c:/embedded system/00 extra/00-tools/01-imt sdk/imt_sdk_win_64/winavr/bin/../lib/gcc/avr/4.3.3/avr5\libgcc.a(_unpack_sf.o)
 .data          0x008001b5        0x0 c:/embedded system/00 extra/00-tools/01-imt sdk/imt_sdk_win_64/winavr/bin/../lib/gcc/avr/4.3.3/avr5\libgcc.a(_fpcmp_parts_sf.o)
 .data          0x008001b5      0x100 c:/embedded system/00 extra/00-tools/01-imt sdk/imt_sdk_win_64/winavr/bin/../lib/gcc/avr/4.3.3/avr5\libgcc.a(_clz.o)
                0x008001b5                __clz_tab
 .data          0x008002b5        0x0 c:/embedded system/00 extra/00-tools/01-imt sdk/imt_sdk_win_64/winavr/bin/../lib/gcc/avr/4.3.3/../../../../avr/lib/avr5\libc.a(strcmp.o)
 *(.data*)
 .data.Local_u8KPD_Nums.1299
                0x008002b5       0x10 ./src/KPD_program.o
 .data.Local_u8KPD_COL_PINS.1298
                0x008002c5        0x4 ./src/KPD_program.o
 .data.Local_u8KPD_ROW_PINS.1297
                0x008002c9        0x4 ./src/KPD_program.o
 .data.SSD_Arr.1237
                0x008002cd        0xa ./src/SSD_program.o
 .data.Global_u8DirectionRecv
                0x008002d7        0x1 ./src/USART_program.o
 .data.ChannelArr
                0x008002d8        0x2 ./src/main.o
                0x008002d8                ChannelArr
 *(.rodata)
 *(.rodata*)
 .rodata.C.0.1251
                0x008002da        0x5 ./src/SERVO_program.o
 .rodata.C.2.1605
                0x008002df        0x5 ./src/main.o
 .rodata.C.1.1604
                0x008002e4        0x5 ./src/main.o
 .rodata.C.0.1603
                0x008002e9        0x7 ./src/main.o
 *(.gnu.linkonce.d*)
                0x008002f0                . = ALIGN (0x2)
                0x008002f0                _edata = .
                0x008002f0                PROVIDE (__data_end, .)

.bss            0x008002f0       0x59
                0x008002f0                PROVIDE (__bss_start, .)
 *(.bss)
 .bss           0x008002f0        0x0 c:/embedded system/00 extra/00-tools/01-imt sdk/imt_sdk_win_64/winavr/bin/../lib/gcc/avr/4.3.3/../../../../avr/lib/avr5/crtm32.o
 .bss           0x008002f0        0x0 ./src/ADC_program.o
 .bss           0x008002f0        0x0 ./src/CLCD_program.o
 .bss           0x008002f0        0x0 ./src/DAC_program.o
 .bss           0x008002f0        0x0 ./src/DIO_program.o
 .bss           0x008002f0        0x0 ./src/EXTI_program.o
 .bss           0x008002f0        0x0 ./src/GIE_program.o
 .bss           0x008002f0        0x0 ./src/KPD_program.o
 .bss           0x008002f0        0x0 ./src/LED_program.o
 .bss           0x008002f0        0x0 ./src/PORT_program.o
 .bss           0x008002f0        0x0 ./src/SERVO_program.o
 .bss           0x008002f0        0x0 ./src/SSD_program.o
 .bss           0x008002f0        0x0 ./src/STEP_MOTOR_program.o
 .bss           0x008002f0        0x0 ./src/SW_program.o
 .bss           0x008002f0        0x0 ./src/TIMER_program.o
 .bss           0x008002f0        0x0 ./src/USART_program.o
 .bss           0x008002f0        0x0 ./src/WDT_program.o
 .bss           0x008002f0        0x0 ./src/main.o
 .bss           0x008002f0        0x0 c:/embedded system/00 extra/00-tools/01-imt sdk/imt_sdk_win_64/winavr/bin/../lib/gcc/avr/4.3.3/avr5\libgcc.a(_mulsi3.o)
 .bss           0x008002f0        0x0 c:/embedded system/00 extra/00-tools/01-imt sdk/imt_sdk_win_64/winavr/bin/../lib/gcc/avr/4.3.3/avr5\libgcc.a(_udivmodhi4.o)
 .bss           0x008002f0        0x0 c:/embedded system/00 extra/00-tools/01-imt sdk/imt_sdk_win_64/winavr/bin/../lib/gcc/avr/4.3.3/avr5\libgcc.a(_udivmodsi4.o)
 .bss           0x008002f0        0x0 c:/embedded system/00 extra/00-tools/01-imt sdk/imt_sdk_win_64/winavr/bin/../lib/gcc/avr/4.3.3/avr5\libgcc.a(_exit.o)
 .bss           0x008002f0        0x0 c:/embedded system/00 extra/00-tools/01-imt sdk/imt_sdk_win_64/winavr/bin/../lib/gcc/avr/4.3.3/avr5\libgcc.a(_copy_data.o)
 .bss           0x008002f0        0x0 c:/embedded system/00 extra/00-tools/01-imt sdk/imt_sdk_win_64/winavr/bin/../lib/gcc/avr/4.3.3/avr5\libgcc.a(_clear_bss.o)
 .bss           0x008002f0        0x0 c:/embedded system/00 extra/00-tools/01-imt sdk/imt_sdk_win_64/winavr/bin/../lib/gcc/avr/4.3.3/avr5\libgcc.a(_fixunssfsi.o)
 .bss           0x008002f0        0x0 c:/embedded system/00 extra/00-tools/01-imt sdk/imt_sdk_win_64/winavr/bin/../lib/gcc/avr/4.3.3/avr5\libgcc.a(_addsub_sf.o)
 .bss           0x008002f0        0x0 c:/embedded system/00 extra/00-tools/01-imt sdk/imt_sdk_win_64/winavr/bin/../lib/gcc/avr/4.3.3/avr5\libgcc.a(_mul_sf.o)
 .bss           0x008002f0        0x0 c:/embedded system/00 extra/00-tools/01-imt sdk/imt_sdk_win_64/winavr/bin/../lib/gcc/avr/4.3.3/avr5\libgcc.a(_div_sf.o)
 .bss           0x008002f0        0x0 c:/embedded system/00 extra/00-tools/01-imt sdk/imt_sdk_win_64/winavr/bin/../lib/gcc/avr/4.3.3/avr5\libgcc.a(_gt_sf.o)
 .bss           0x008002f0        0x0 c:/embedded system/00 extra/00-tools/01-imt sdk/imt_sdk_win_64/winavr/bin/../lib/gcc/avr/4.3.3/avr5\libgcc.a(_ge_sf.o)
 .bss           0x008002f0        0x0 c:/embedded system/00 extra/00-tools/01-imt sdk/imt_sdk_win_64/winavr/bin/../lib/gcc/avr/4.3.3/avr5\libgcc.a(_lt_sf.o)
 .bss           0x008002f0        0x0 c:/embedded system/00 extra/00-tools/01-imt sdk/imt_sdk_win_64/winavr/bin/../lib/gcc/avr/4.3.3/avr5\libgcc.a(_sf_to_si.o)
 .bss           0x008002f0        0x0 c:/embedded system/00 extra/00-tools/01-imt sdk/imt_sdk_win_64/winavr/bin/../lib/gcc/avr/4.3.3/avr5\libgcc.a(_thenan_sf.o)
 .bss           0x008002f0        0x0 c:/embedded system/00 extra/00-tools/01-imt sdk/imt_sdk_win_64/winavr/bin/../lib/gcc/avr/4.3.3/avr5\libgcc.a(_usi_to_sf.o)
 .bss           0x008002f0        0x0 c:/embedded system/00 extra/00-tools/01-imt sdk/imt_sdk_win_64/winavr/bin/../lib/gcc/avr/4.3.3/avr5\libgcc.a(_prologue.o)
 .bss           0x008002f0        0x0 c:/embedded system/00 extra/00-tools/01-imt sdk/imt_sdk_win_64/winavr/bin/../lib/gcc/avr/4.3.3/avr5\libgcc.a(_epilogue.o)
 .bss           0x008002f0        0x0 c:/embedded system/00 extra/00-tools/01-imt sdk/imt_sdk_win_64/winavr/bin/../lib/gcc/avr/4.3.3/avr5\libgcc.a(_clzsi2.o)
 .bss           0x008002f0        0x0 c:/embedded system/00 extra/00-tools/01-imt sdk/imt_sdk_win_64/winavr/bin/../lib/gcc/avr/4.3.3/avr5\libgcc.a(_pack_sf.o)
 .bss           0x008002f0        0x0 c:/embedded system/00 extra/00-tools/01-imt sdk/imt_sdk_win_64/winavr/bin/../lib/gcc/avr/4.3.3/avr5\libgcc.a(_unpack_sf.o)
 .bss           0x008002f0        0x0 c:/embedded system/00 extra/00-tools/01-imt sdk/imt_sdk_win_64/winavr/bin/../lib/gcc/avr/4.3.3/avr5\libgcc.a(_fpcmp_parts_sf.o)
 .bss           0x008002f0        0x0 c:/embedded system/00 extra/00-tools/01-imt sdk/imt_sdk_win_64/winavr/bin/../lib/gcc/avr/4.3.3/avr5\libgcc.a(_clz.o)
 .bss           0x008002f0        0x0 c:/embedded system/00 extra/00-tools/01-imt sdk/imt_sdk_win_64/winavr/bin/../lib/gcc/avr/4.3.3/../../../../avr/lib/avr5\libc.a(strcmp.o)
 *(.bss*)
 .bss.Global_u8BusyFlag
                0x008002f0        0x1 ./src/ADC_program.o
 .bss.Global_vCallBackFunc
                0x008002f1        0x2 ./src/ADC_program.o
 .bss.Global_pu8Read
                0x008002f3        0x2 ./src/ADC_program.o
 .bss.ADC_u8DirectionOfConvFunc
                0x008002f5        0x1 ./src/ADC_program.o
 .bss.ADC_u8ChainIndex
                0x008002f6        0x1 ./src/ADC_program.o
 .bss.ADC_pu8ChannelNum
                0x008002f7        0x2 ./src/ADC_program.o
 .bss.Global_vChainCallBackFunc
                0x008002f9        0x2 ./src/ADC_program.o
 .bss.ADC_pu16ChannelReading
                0x008002fb        0x2 ./src/ADC_program.o
 .bss.ADC_u8ChannelSize
                0x008002fd        0x1 ./src/ADC_program.o
 .bss.iniIsFinich
                0x008002fe        0x1 ./src/CLCD_program.o
 .bss.EXTI_voidCallBack
                0x008002ff        0x6 ./src/EXTI_program.o
 .bss.Local_u8State.1270
                0x00800305        0x1 ./src/LED_program.o
 .bss.Local_u8SwState.1308
                0x00800306        0x1 ./src/SW_program.o
 .bss.Local_u8SwState.1396
                0x00800307        0x1 ./src/SW_program.o
 .bss.pressed.1395
                0x00800308        0x1 ./src/SW_program.o
 .bss.released_conf_level.1394
                0x00800309        0x1 ./src/SW_program.o
 .bss.pressed_conf_level.1393
                0x0080030a        0x1 ./src/SW_program.o
 .bss.TIMER_pvCallBackFunc
                0x0080030b       0x10 ./src/TIMER_program.o
 .bss.Global_pvCallBackFuncSend
                0x0080031b        0x2 ./src/USART_program.o
 .bss.Global_u8BusyFlag
                0x0080031d        0x1 ./src/USART_program.o
 .bss.Global_u8DirectionSend
                0x0080031e        0x1 ./src/USART_program.o
 .bss.Global_pcByteString
                0x0080031f        0x2 ./src/USART_program.o
 .bss.Global_u16ReceiveChar
                0x00800321        0x2 ./src/USART_program.o
 .bss.Global_pvCallBackFuncRecv
                0x00800323        0x2 ./src/USART_program.o
 .bss.Local_u8Counter.1638
                0x00800325        0x1 ./src/USART_program.o
 .bss.Local_u8Counter.1691
                0x00800326        0x1 ./src/USART_program.o
 .bss.Global_u8SendChar
                0x00800327        0x1 ./src/USART_program.o
 .bss.Global_u8RecvCharSize
                0x00800328        0x1 ./src/USART_program.o
 .bss.strdata   0x00800329       0x14 ./src/main.o
                0x00800329                strdata
 .bss.notifyFlag1
                0x0080033d        0x1 ./src/main.o
                0x0080033d                notifyFlag1
 .bss.notifyFlag2
                0x0080033e        0x1 ./src/main.o
                0x0080033e                notifyFlag2
 .bss.LdrVal    0x0080033f        0x2 ./src/main.o
                0x0080033f                LdrVal
 .bss.Lm35Val   0x00800341        0x2 ./src/main.o
                0x00800341                Lm35Val
 .bss.CompPWM   0x00800343        0x2 ./src/main.o
                0x00800343                CompPWM
 *(COMMON)
 COMMON         0x00800345        0x4 ./src/main.o
                0x00800345                ResultArr
                0x00800349                PROVIDE (__bss_end, .)
                0x0000760c                __data_load_start = LOADADDR (.data)
                0x0000789c                __data_load_end = (__data_load_start + SIZEOF (.data))

.noinit         0x00800349        0x0
                0x00800349                PROVIDE (__noinit_start, .)
 *(.noinit*)
                0x00800349                PROVIDE (__noinit_end, .)
                0x00800349                _end = .
                0x00800349                PROVIDE (__heap_start, .)

.eeprom         0x00810000        0x0
 *(.eeprom*)
                0x00810000                __eeprom_end = .

.fuse
 *(.fuse)
 *(.lfuse)
 *(.hfuse)
 *(.efuse)

.lock
 *(.lock*)

.signature
 *(.signature*)

.stab           0x00000000     0x7770
 *(.stab)
 .stab          0x00000000      0x6fc ./src/ADC_program.o
 .stab          0x000006fc     0x10e0 ./src/CLCD_program.o
                               0x1164 (size before relaxing)
 .stab          0x000017dc      0x12c ./src/DAC_program.o
                                0x1b0 (size before relaxing)
 .stab          0x00001908      0x6a8 ./src/DIO_program.o
                                0x72c (size before relaxing)
 .stab          0x00001fb0      0x72c ./src/EXTI_program.o
                                0x7b0 (size before relaxing)
 .stab          0x000026dc      0x144 ./src/GIE_program.o
                                0x1c8 (size before relaxing)
 .stab          0x00002820      0x27c ./src/KPD_program.o
                                0x48c (size before relaxing)
 .stab          0x00002a9c      0x330 ./src/LED_program.o
                                0x3b4 (size before relaxing)
 .stab          0x00002dcc      0x168 ./src/PORT_program.o
                                0x1ec (size before relaxing)
 .stab          0x00002f34      0x294 ./src/SERVO_program.o
                                0x318 (size before relaxing)
 .stab          0x000031c8      0x324 ./src/SSD_program.o
                                0x3a8 (size before relaxing)
 .stab          0x000034ec      0xde0 ./src/STEP_MOTOR_program.o
                                0xff0 (size before relaxing)
 .stab          0x000042cc      0x780 ./src/SW_program.o
                                0x990 (size before relaxing)
 .stab          0x00004a4c      0x93c ./src/TIMER_program.o
                                0x9d8 (size before relaxing)
 .stab          0x00005388      0xd5c ./src/USART_program.o
                                0xde0 (size before relaxing)
 .stab          0x000060e4      0x1ec ./src/WDT_program.o
                                0x270 (size before relaxing)
 .stab          0x000062d0     0x14a0 ./src/main.o
                               0x16f8 (size before relaxing)

.stabstr        0x00000000     0x2521
 *(.stabstr)
 .stabstr       0x00000000     0x2521 ./src/ADC_program.o

.stab.excl
 *(.stab.excl)

.stab.exclstr
 *(.stab.exclstr)

.stab.index
 *(.stab.index)

.stab.indexstr
 *(.stab.indexstr)

.comment
 *(.comment)

.debug
 *(.debug)

.line
 *(.line)

.debug_srcinfo
 *(.debug_srcinfo)

.debug_sfnames
 *(.debug_sfnames)

.debug_aranges  0x00000000      0x1a0
 *(.debug_aranges)
 .debug_aranges
                0x00000000       0x20 c:/embedded system/00 extra/00-tools/01-imt sdk/imt_sdk_win_64/winavr/bin/../lib/gcc/avr/4.3.3/avr5\libgcc.a(_fixunssfsi.o)
 .debug_aranges
                0x00000020       0x20 c:/embedded system/00 extra/00-tools/01-imt sdk/imt_sdk_win_64/winavr/bin/../lib/gcc/avr/4.3.3/avr5\libgcc.a(_addsub_sf.o)
 .debug_aranges
                0x00000040       0x20 c:/embedded system/00 extra/00-tools/01-imt sdk/imt_sdk_win_64/winavr/bin/../lib/gcc/avr/4.3.3/avr5\libgcc.a(_mul_sf.o)
 .debug_aranges
                0x00000060       0x20 c:/embedded system/00 extra/00-tools/01-imt sdk/imt_sdk_win_64/winavr/bin/../lib/gcc/avr/4.3.3/avr5\libgcc.a(_div_sf.o)
 .debug_aranges
                0x00000080       0x20 c:/embedded system/00 extra/00-tools/01-imt sdk/imt_sdk_win_64/winavr/bin/../lib/gcc/avr/4.3.3/avr5\libgcc.a(_gt_sf.o)
 .debug_aranges
                0x000000a0       0x20 c:/embedded system/00 extra/00-tools/01-imt sdk/imt_sdk_win_64/winavr/bin/../lib/gcc/avr/4.3.3/avr5\libgcc.a(_ge_sf.o)
 .debug_aranges
                0x000000c0       0x20 c:/embedded system/00 extra/00-tools/01-imt sdk/imt_sdk_win_64/winavr/bin/../lib/gcc/avr/4.3.3/avr5\libgcc.a(_lt_sf.o)
 .debug_aranges
                0x000000e0       0x20 c:/embedded system/00 extra/00-tools/01-imt sdk/imt_sdk_win_64/winavr/bin/../lib/gcc/avr/4.3.3/avr5\libgcc.a(_sf_to_si.o)
 .debug_aranges
                0x00000100       0x20 c:/embedded system/00 extra/00-tools/01-imt sdk/imt_sdk_win_64/winavr/bin/../lib/gcc/avr/4.3.3/avr5\libgcc.a(_usi_to_sf.o)
 .debug_aranges
                0x00000120       0x20 c:/embedded system/00 extra/00-tools/01-imt sdk/imt_sdk_win_64/winavr/bin/../lib/gcc/avr/4.3.3/avr5\libgcc.a(_clzsi2.o)
 .debug_aranges
                0x00000140       0x20 c:/embedded system/00 extra/00-tools/01-imt sdk/imt_sdk_win_64/winavr/bin/../lib/gcc/avr/4.3.3/avr5\libgcc.a(_pack_sf.o)
 .debug_aranges
                0x00000160       0x20 c:/embedded system/00 extra/00-tools/01-imt sdk/imt_sdk_win_64/winavr/bin/../lib/gcc/avr/4.3.3/avr5\libgcc.a(_unpack_sf.o)
 .debug_aranges
                0x00000180       0x20 c:/embedded system/00 extra/00-tools/01-imt sdk/imt_sdk_win_64/winavr/bin/../lib/gcc/avr/4.3.3/avr5\libgcc.a(_fpcmp_parts_sf.o)

.debug_pubnames
                0x00000000      0x1f2
 *(.debug_pubnames)
 .debug_pubnames
                0x00000000       0x23 c:/embedded system/00 extra/00-tools/01-imt sdk/imt_sdk_win_64/winavr/bin/../lib/gcc/avr/4.3.3/avr5\libgcc.a(_fixunssfsi.o)
 .debug_pubnames
                0x00000023       0x2c c:/embedded system/00 extra/00-tools/01-imt sdk/imt_sdk_win_64/winavr/bin/../lib/gcc/avr/4.3.3/avr5\libgcc.a(_addsub_sf.o)
 .debug_pubnames
                0x0000004f       0x1f c:/embedded system/00 extra/00-tools/01-imt sdk/imt_sdk_win_64/winavr/bin/../lib/gcc/avr/4.3.3/avr5\libgcc.a(_mul_sf.o)
 .debug_pubnames
                0x0000006e       0x1f c:/embedded system/00 extra/00-tools/01-imt sdk/imt_sdk_win_64/winavr/bin/../lib/gcc/avr/4.3.3/avr5\libgcc.a(_div_sf.o)
 .debug_pubnames
                0x0000008d       0x1e c:/embedded system/00 extra/00-tools/01-imt sdk/imt_sdk_win_64/winavr/bin/../lib/gcc/avr/4.3.3/avr5\libgcc.a(_gt_sf.o)
 .debug_pubnames
                0x000000ab       0x1e c:/embedded system/00 extra/00-tools/01-imt sdk/imt_sdk_win_64/winavr/bin/../lib/gcc/avr/4.3.3/avr5\libgcc.a(_ge_sf.o)
 .debug_pubnames
                0x000000c9       0x1e c:/embedded system/00 extra/00-tools/01-imt sdk/imt_sdk_win_64/winavr/bin/../lib/gcc/avr/4.3.3/avr5\libgcc.a(_lt_sf.o)
 .debug_pubnames
                0x000000e7       0x20 c:/embedded system/00 extra/00-tools/01-imt sdk/imt_sdk_win_64/winavr/bin/../lib/gcc/avr/4.3.3/avr5\libgcc.a(_sf_to_si.o)
 .debug_pubnames
                0x00000107       0x22 c:/embedded system/00 extra/00-tools/01-imt sdk/imt_sdk_win_64/winavr/bin/../lib/gcc/avr/4.3.3/avr5\libgcc.a(_thenan_sf.o)
 .debug_pubnames
                0x00000129       0x24 c:/embedded system/00 extra/00-tools/01-imt sdk/imt_sdk_win_64/winavr/bin/../lib/gcc/avr/4.3.3/avr5\libgcc.a(_usi_to_sf.o)
 .debug_pubnames
                0x0000014d       0x1f c:/embedded system/00 extra/00-tools/01-imt sdk/imt_sdk_win_64/winavr/bin/../lib/gcc/avr/4.3.3/avr5\libgcc.a(_clzsi2.o)
 .debug_pubnames
                0x0000016c       0x1f c:/embedded system/00 extra/00-tools/01-imt sdk/imt_sdk_win_64/winavr/bin/../lib/gcc/avr/4.3.3/avr5\libgcc.a(_pack_sf.o)
 .debug_pubnames
                0x0000018b       0x21 c:/embedded system/00 extra/00-tools/01-imt sdk/imt_sdk_win_64/winavr/bin/../lib/gcc/avr/4.3.3/avr5\libgcc.a(_unpack_sf.o)
 .debug_pubnames
                0x000001ac       0x26 c:/embedded system/00 extra/00-tools/01-imt sdk/imt_sdk_win_64/winavr/bin/../lib/gcc/avr/4.3.3/avr5\libgcc.a(_fpcmp_parts_sf.o)
 .debug_pubnames
                0x000001d2       0x20 c:/embedded system/00 extra/00-tools/01-imt sdk/imt_sdk_win_64/winavr/bin/../lib/gcc/avr/4.3.3/avr5\libgcc.a(_clz.o)

.debug_info     0x00000000     0x240b
 *(.debug_info)
 .debug_info    0x00000000       0xb1 c:/embedded system/00 extra/00-tools/01-imt sdk/imt_sdk_win_64/winavr/bin/../lib/gcc/avr/4.3.3/avr5\libgcc.a(_fixunssfsi.o)
 .debug_info    0x000000b1      0x47a c:/embedded system/00 extra/00-tools/01-imt sdk/imt_sdk_win_64/winavr/bin/../lib/gcc/avr/4.3.3/avr5\libgcc.a(_addsub_sf.o)
 .debug_info    0x0000052b      0x485 c:/embedded system/00 extra/00-tools/01-imt sdk/imt_sdk_win_64/winavr/bin/../lib/gcc/avr/4.3.3/avr5\libgcc.a(_mul_sf.o)
 .debug_info    0x000009b0      0x3fc c:/embedded system/00 extra/00-tools/01-imt sdk/imt_sdk_win_64/winavr/bin/../lib/gcc/avr/4.3.3/avr5\libgcc.a(_div_sf.o)
 .debug_info    0x00000dac      0x27f c:/embedded system/00 extra/00-tools/01-imt sdk/imt_sdk_win_64/winavr/bin/../lib/gcc/avr/4.3.3/avr5\libgcc.a(_gt_sf.o)
 .debug_info    0x0000102b      0x27f c:/embedded system/00 extra/00-tools/01-imt sdk/imt_sdk_win_64/winavr/bin/../lib/gcc/avr/4.3.3/avr5\libgcc.a(_ge_sf.o)
 .debug_info    0x000012aa      0x27f c:/embedded system/00 extra/00-tools/01-imt sdk/imt_sdk_win_64/winavr/bin/../lib/gcc/avr/4.3.3/avr5\libgcc.a(_lt_sf.o)
 .debug_info    0x00001529      0x2b0 c:/embedded system/00 extra/00-tools/01-imt sdk/imt_sdk_win_64/winavr/bin/../lib/gcc/avr/4.3.3/avr5\libgcc.a(_sf_to_si.o)
 .debug_info    0x000017d9      0x12c c:/embedded system/00 extra/00-tools/01-imt sdk/imt_sdk_win_64/winavr/bin/../lib/gcc/avr/4.3.3/avr5\libgcc.a(_thenan_sf.o)
 .debug_info    0x00001905      0x206 c:/embedded system/00 extra/00-tools/01-imt sdk/imt_sdk_win_64/winavr/bin/../lib/gcc/avr/4.3.3/avr5\libgcc.a(_usi_to_sf.o)
 .debug_info    0x00001b0b      0x117 c:/embedded system/00 extra/00-tools/01-imt sdk/imt_sdk_win_64/winavr/bin/../lib/gcc/avr/4.3.3/avr5\libgcc.a(_clzsi2.o)
 .debug_info    0x00001c22      0x2df c:/embedded system/00 extra/00-tools/01-imt sdk/imt_sdk_win_64/winavr/bin/../lib/gcc/avr/4.3.3/avr5\libgcc.a(_pack_sf.o)
 .debug_info    0x00001f01      0x251 c:/embedded system/00 extra/00-tools/01-imt sdk/imt_sdk_win_64/winavr/bin/../lib/gcc/avr/4.3.3/avr5\libgcc.a(_unpack_sf.o)
 .debug_info    0x00002152      0x210 c:/embedded system/00 extra/00-tools/01-imt sdk/imt_sdk_win_64/winavr/bin/../lib/gcc/avr/4.3.3/avr5\libgcc.a(_fpcmp_parts_sf.o)
 .debug_info    0x00002362       0xa9 c:/embedded system/00 extra/00-tools/01-imt sdk/imt_sdk_win_64/winavr/bin/../lib/gcc/avr/4.3.3/avr5\libgcc.a(_clz.o)
 *(.gnu.linkonce.wi.*)

.debug_abbrev   0x00000000     0x1386
 *(.debug_abbrev)
 .debug_abbrev  0x00000000       0x5d c:/embedded system/00 extra/00-tools/01-imt sdk/imt_sdk_win_64/winavr/bin/../lib/gcc/avr/4.3.3/avr5\libgcc.a(_fixunssfsi.o)
 .debug_abbrev  0x0000005d      0x1ea c:/embedded system/00 extra/00-tools/01-imt sdk/imt_sdk_win_64/winavr/bin/../lib/gcc/avr/4.3.3/avr5\libgcc.a(_addsub_sf.o)
 .debug_abbrev  0x00000247      0x21b c:/embedded system/00 extra/00-tools/01-imt sdk/imt_sdk_win_64/winavr/bin/../lib/gcc/avr/4.3.3/avr5\libgcc.a(_mul_sf.o)
 .debug_abbrev  0x00000462      0x216 c:/embedded system/00 extra/00-tools/01-imt sdk/imt_sdk_win_64/winavr/bin/../lib/gcc/avr/4.3.3/avr5\libgcc.a(_div_sf.o)
 .debug_abbrev  0x00000678      0x15a c:/embedded system/00 extra/00-tools/01-imt sdk/imt_sdk_win_64/winavr/bin/../lib/gcc/avr/4.3.3/avr5\libgcc.a(_gt_sf.o)
 .debug_abbrev  0x000007d2      0x15a c:/embedded system/00 extra/00-tools/01-imt sdk/imt_sdk_win_64/winavr/bin/../lib/gcc/avr/4.3.3/avr5\libgcc.a(_ge_sf.o)
 .debug_abbrev  0x0000092c      0x15a c:/embedded system/00 extra/00-tools/01-imt sdk/imt_sdk_win_64/winavr/bin/../lib/gcc/avr/4.3.3/avr5\libgcc.a(_lt_sf.o)
 .debug_abbrev  0x00000a86      0x17f c:/embedded system/00 extra/00-tools/01-imt sdk/imt_sdk_win_64/winavr/bin/../lib/gcc/avr/4.3.3/avr5\libgcc.a(_sf_to_si.o)
 .debug_abbrev  0x00000c05       0xad c:/embedded system/00 extra/00-tools/01-imt sdk/imt_sdk_win_64/winavr/bin/../lib/gcc/avr/4.3.3/avr5\libgcc.a(_thenan_sf.o)
 .debug_abbrev  0x00000cb2      0x157 c:/embedded system/00 extra/00-tools/01-imt sdk/imt_sdk_win_64/winavr/bin/../lib/gcc/avr/4.3.3/avr5\libgcc.a(_usi_to_sf.o)
 .debug_abbrev  0x00000e09       0xc4 c:/embedded system/00 extra/00-tools/01-imt sdk/imt_sdk_win_64/winavr/bin/../lib/gcc/avr/4.3.3/avr5\libgcc.a(_clzsi2.o)
 .debug_abbrev  0x00000ecd      0x1c0 c:/embedded system/00 extra/00-tools/01-imt sdk/imt_sdk_win_64/winavr/bin/../lib/gcc/avr/4.3.3/avr5\libgcc.a(_pack_sf.o)
 .debug_abbrev  0x0000108d      0x154 c:/embedded system/00 extra/00-tools/01-imt sdk/imt_sdk_win_64/winavr/bin/../lib/gcc/avr/4.3.3/avr5\libgcc.a(_unpack_sf.o)
 .debug_abbrev  0x000011e1      0x13b c:/embedded system/00 extra/00-tools/01-imt sdk/imt_sdk_win_64/winavr/bin/../lib/gcc/avr/4.3.3/avr5\libgcc.a(_fpcmp_parts_sf.o)
 .debug_abbrev  0x0000131c       0x6a c:/embedded system/00 extra/00-tools/01-imt sdk/imt_sdk_win_64/winavr/bin/../lib/gcc/avr/4.3.3/avr5\libgcc.a(_clz.o)

.debug_line     0x00000000     0x11d6
 *(.debug_line)
 .debug_line    0x00000000       0xa7 c:/embedded system/00 extra/00-tools/01-imt sdk/imt_sdk_win_64/winavr/bin/../lib/gcc/avr/4.3.3/avr5\libgcc.a(_fixunssfsi.o)
 .debug_line    0x000000a7      0x2af c:/embedded system/00 extra/00-tools/01-imt sdk/imt_sdk_win_64/winavr/bin/../lib/gcc/avr/4.3.3/avr5\libgcc.a(_addsub_sf.o)
 .debug_line    0x00000356      0x239 c:/embedded system/00 extra/00-tools/01-imt sdk/imt_sdk_win_64/winavr/bin/../lib/gcc/avr/4.3.3/avr5\libgcc.a(_mul_sf.o)
 .debug_line    0x0000058f      0x1d5 c:/embedded system/00 extra/00-tools/01-imt sdk/imt_sdk_win_64/winavr/bin/../lib/gcc/avr/4.3.3/avr5\libgcc.a(_div_sf.o)
 .debug_line    0x00000764       0xd3 c:/embedded system/00 extra/00-tools/01-imt sdk/imt_sdk_win_64/winavr/bin/../lib/gcc/avr/4.3.3/avr5\libgcc.a(_gt_sf.o)
 .debug_line    0x00000837       0xd3 c:/embedded system/00 extra/00-tools/01-imt sdk/imt_sdk_win_64/winavr/bin/../lib/gcc/avr/4.3.3/avr5\libgcc.a(_ge_sf.o)
 .debug_line    0x0000090a       0xd3 c:/embedded system/00 extra/00-tools/01-imt sdk/imt_sdk_win_64/winavr/bin/../lib/gcc/avr/4.3.3/avr5\libgcc.a(_lt_sf.o)
 .debug_line    0x000009dd      0x109 c:/embedded system/00 extra/00-tools/01-imt sdk/imt_sdk_win_64/winavr/bin/../lib/gcc/avr/4.3.3/avr5\libgcc.a(_sf_to_si.o)
 .debug_line    0x00000ae6       0x90 c:/embedded system/00 extra/00-tools/01-imt sdk/imt_sdk_win_64/winavr/bin/../lib/gcc/avr/4.3.3/avr5\libgcc.a(_thenan_sf.o)
 .debug_line    0x00000b76      0x133 c:/embedded system/00 extra/00-tools/01-imt sdk/imt_sdk_win_64/winavr/bin/../lib/gcc/avr/4.3.3/avr5\libgcc.a(_usi_to_sf.o)
 .debug_line    0x00000ca9       0xa5 c:/embedded system/00 extra/00-tools/01-imt sdk/imt_sdk_win_64/winavr/bin/../lib/gcc/avr/4.3.3/avr5\libgcc.a(_clzsi2.o)
 .debug_line    0x00000d4e      0x18a c:/embedded system/00 extra/00-tools/01-imt sdk/imt_sdk_win_64/winavr/bin/../lib/gcc/avr/4.3.3/avr5\libgcc.a(_pack_sf.o)
 .debug_line    0x00000ed8      0x14b c:/embedded system/00 extra/00-tools/01-imt sdk/imt_sdk_win_64/winavr/bin/../lib/gcc/avr/4.3.3/avr5\libgcc.a(_unpack_sf.o)
 .debug_line    0x00001023      0x137 c:/embedded system/00 extra/00-tools/01-imt sdk/imt_sdk_win_64/winavr/bin/../lib/gcc/avr/4.3.3/avr5\libgcc.a(_fpcmp_parts_sf.o)
 .debug_line    0x0000115a       0x7c c:/embedded system/00 extra/00-tools/01-imt sdk/imt_sdk_win_64/winavr/bin/../lib/gcc/avr/4.3.3/avr5\libgcc.a(_clz.o)

.debug_frame    0x00000000      0x1c0
 *(.debug_frame)
 .debug_frame   0x00000000       0x20 c:/embedded system/00 extra/00-tools/01-imt sdk/imt_sdk_win_64/winavr/bin/../lib/gcc/avr/4.3.3/avr5\libgcc.a(_fixunssfsi.o)
 .debug_frame   0x00000020       0x40 c:/embedded system/00 extra/00-tools/01-imt sdk/imt_sdk_win_64/winavr/bin/../lib/gcc/avr/4.3.3/avr5\libgcc.a(_addsub_sf.o)
 .debug_frame   0x00000060       0x20 c:/embedded system/00 extra/00-tools/01-imt sdk/imt_sdk_win_64/winavr/bin/../lib/gcc/avr/4.3.3/avr5\libgcc.a(_mul_sf.o)
 .debug_frame   0x00000080       0x20 c:/embedded system/00 extra/00-tools/01-imt sdk/imt_sdk_win_64/winavr/bin/../lib/gcc/avr/4.3.3/avr5\libgcc.a(_div_sf.o)
 .debug_frame   0x000000a0       0x20 c:/embedded system/00 extra/00-tools/01-imt sdk/imt_sdk_win_64/winavr/bin/../lib/gcc/avr/4.3.3/avr5\libgcc.a(_gt_sf.o)
 .debug_frame   0x000000c0       0x20 c:/embedded system/00 extra/00-tools/01-imt sdk/imt_sdk_win_64/winavr/bin/../lib/gcc/avr/4.3.3/avr5\libgcc.a(_ge_sf.o)
 .debug_frame   0x000000e0       0x20 c:/embedded system/00 extra/00-tools/01-imt sdk/imt_sdk_win_64/winavr/bin/../lib/gcc/avr/4.3.3/avr5\libgcc.a(_lt_sf.o)
 .debug_frame   0x00000100       0x20 c:/embedded system/00 extra/00-tools/01-imt sdk/imt_sdk_win_64/winavr/bin/../lib/gcc/avr/4.3.3/avr5\libgcc.a(_sf_to_si.o)
 .debug_frame   0x00000120       0x20 c:/embedded system/00 extra/00-tools/01-imt sdk/imt_sdk_win_64/winavr/bin/../lib/gcc/avr/4.3.3/avr5\libgcc.a(_usi_to_sf.o)
 .debug_frame   0x00000140       0x20 c:/embedded system/00 extra/00-tools/01-imt sdk/imt_sdk_win_64/winavr/bin/../lib/gcc/avr/4.3.3/avr5\libgcc.a(_clzsi2.o)
 .debug_frame   0x00000160       0x20 c:/embedded system/00 extra/00-tools/01-imt sdk/imt_sdk_win_64/winavr/bin/../lib/gcc/avr/4.3.3/avr5\libgcc.a(_pack_sf.o)
 .debug_frame   0x00000180       0x20 c:/embedded system/00 extra/00-tools/01-imt sdk/imt_sdk_win_64/winavr/bin/../lib/gcc/avr/4.3.3/avr5\libgcc.a(_unpack_sf.o)
 .debug_frame   0x000001a0       0x20 c:/embedded system/00 extra/00-tools/01-imt sdk/imt_sdk_win_64/winavr/bin/../lib/gcc/avr/4.3.3/avr5\libgcc.a(_fpcmp_parts_sf.o)

.debug_str      0x00000000      0x2f6
 *(.debug_str)
 .debug_str     0x00000000       0xbf c:/embedded system/00 extra/00-tools/01-imt sdk/imt_sdk_win_64/winavr/bin/../lib/gcc/avr/4.3.3/avr5\libgcc.a(_fixunssfsi.o)
                                 0xfe (size before relaxing)
 .debug_str     0x000000bf      0x14d c:/embedded system/00 extra/00-tools/01-imt sdk/imt_sdk_win_64/winavr/bin/../lib/gcc/avr/4.3.3/avr5\libgcc.a(_addsub_sf.o)
                                0x206 (size before relaxing)
 .debug_str     0x0000020c       0x27 c:/embedded system/00 extra/00-tools/01-imt sdk/imt_sdk_win_64/winavr/bin/../lib/gcc/avr/4.3.3/avr5\libgcc.a(_mul_sf.o)
                                0x1bf (size before relaxing)
 .debug_str     0x00000233       0x35 c:/embedded system/00 extra/00-tools/01-imt sdk/imt_sdk_win_64/winavr/bin/../lib/gcc/avr/4.3.3/avr5\libgcc.a(_div_sf.o)
                                0x1c8 (size before relaxing)
 .debug_str     0x00000268        0x8 c:/embedded system/00 extra/00-tools/01-imt sdk/imt_sdk_win_64/winavr/bin/../lib/gcc/avr/4.3.3/avr5\libgcc.a(_gt_sf.o)
                                0x195 (size before relaxing)
 .debug_str     0x00000270        0x8 c:/embedded system/00 extra/00-tools/01-imt sdk/imt_sdk_win_64/winavr/bin/../lib/gcc/avr/4.3.3/avr5\libgcc.a(_ge_sf.o)
                                0x195 (size before relaxing)
 .debug_str     0x00000278        0x8 c:/embedded system/00 extra/00-tools/01-imt sdk/imt_sdk_win_64/winavr/bin/../lib/gcc/avr/4.3.3/avr5\libgcc.a(_lt_sf.o)
                                0x195 (size before relaxing)
 .debug_str     0x00000280        0xa c:/embedded system/00 extra/00-tools/01-imt sdk/imt_sdk_win_64/winavr/bin/../lib/gcc/avr/4.3.3/avr5\libgcc.a(_sf_to_si.o)
                                0x19e (size before relaxing)
 .debug_str     0x00000000      0x103 c:/embedded system/00 extra/00-tools/01-imt sdk/imt_sdk_win_64/winavr/bin/../lib/gcc/avr/4.3.3/avr5\libgcc.a(_thenan_sf.o)
 .debug_str     0x0000028a       0x21 c:/embedded system/00 extra/00-tools/01-imt sdk/imt_sdk_win_64/winavr/bin/../lib/gcc/avr/4.3.3/avr5\libgcc.a(_usi_to_sf.o)
                                0x177 (size before relaxing)
 .debug_str     0x000002ab       0x20 c:/embedded system/00 extra/00-tools/01-imt sdk/imt_sdk_win_64/winavr/bin/../lib/gcc/avr/4.3.3/avr5\libgcc.a(_clzsi2.o)
                                0x111 (size before relaxing)
 .debug_str     0x000002cb       0x10 c:/embedded system/00 extra/00-tools/01-imt sdk/imt_sdk_win_64/winavr/bin/../lib/gcc/avr/4.3.3/avr5\libgcc.a(_pack_sf.o)
                                0x19d (size before relaxing)
 .debug_str     0x000002db        0xb c:/embedded system/00 extra/00-tools/01-imt sdk/imt_sdk_win_64/winavr/bin/../lib/gcc/avr/4.3.3/avr5\libgcc.a(_unpack_sf.o)
                                0x17f (size before relaxing)
 .debug_str     0x000002e6       0x10 c:/embedded system/00 extra/00-tools/01-imt sdk/imt_sdk_win_64/winavr/bin/../lib/gcc/avr/4.3.3/avr5\libgcc.a(_fpcmp_parts_sf.o)
                                0x163 (size before relaxing)
 .debug_str     0x00000000       0xf4 c:/embedded system/00 extra/00-tools/01-imt sdk/imt_sdk_win_64/winavr/bin/../lib/gcc/avr/4.3.3/avr5\libgcc.a(_clz.o)

.debug_loc      0x00000000      0x96e
 *(.debug_loc)
 .debug_loc     0x00000000       0x34 c:/embedded system/00 extra/00-tools/01-imt sdk/imt_sdk_win_64/winavr/bin/../lib/gcc/avr/4.3.3/avr5\libgcc.a(_fixunssfsi.o)
 .debug_loc     0x00000034      0x32a c:/embedded system/00 extra/00-tools/01-imt sdk/imt_sdk_win_64/winavr/bin/../lib/gcc/avr/4.3.3/avr5\libgcc.a(_addsub_sf.o)
 .debug_loc     0x0000035e      0x104 c:/embedded system/00 extra/00-tools/01-imt sdk/imt_sdk_win_64/winavr/bin/../lib/gcc/avr/4.3.3/avr5\libgcc.a(_mul_sf.o)
 .debug_loc     0x00000462       0xc0 c:/embedded system/00 extra/00-tools/01-imt sdk/imt_sdk_win_64/winavr/bin/../lib/gcc/avr/4.3.3/avr5\libgcc.a(_div_sf.o)
 .debug_loc     0x00000522       0x3c c:/embedded system/00 extra/00-tools/01-imt sdk/imt_sdk_win_64/winavr/bin/../lib/gcc/avr/4.3.3/avr5\libgcc.a(_gt_sf.o)
 .debug_loc     0x0000055e       0x3c c:/embedded system/00 extra/00-tools/01-imt sdk/imt_sdk_win_64/winavr/bin/../lib/gcc/avr/4.3.3/avr5\libgcc.a(_ge_sf.o)
 .debug_loc     0x0000059a       0x3c c:/embedded system/00 extra/00-tools/01-imt sdk/imt_sdk_win_64/winavr/bin/../lib/gcc/avr/4.3.3/avr5\libgcc.a(_lt_sf.o)
 .debug_loc     0x000005d6       0x7e c:/embedded system/00 extra/00-tools/01-imt sdk/imt_sdk_win_64/winavr/bin/../lib/gcc/avr/4.3.3/avr5\libgcc.a(_sf_to_si.o)
 .debug_loc     0x00000654       0x4c c:/embedded system/00 extra/00-tools/01-imt sdk/imt_sdk_win_64/winavr/bin/../lib/gcc/avr/4.3.3/avr5\libgcc.a(_usi_to_sf.o)
 .debug_loc     0x000006a0       0x94 c:/embedded system/00 extra/00-tools/01-imt sdk/imt_sdk_win_64/winavr/bin/../lib/gcc/avr/4.3.3/avr5\libgcc.a(_clzsi2.o)
 .debug_loc     0x00000734      0x13e c:/embedded system/00 extra/00-tools/01-imt sdk/imt_sdk_win_64/winavr/bin/../lib/gcc/avr/4.3.3/avr5\libgcc.a(_pack_sf.o)
 .debug_loc     0x00000872       0xac c:/embedded system/00 extra/00-tools/01-imt sdk/imt_sdk_win_64/winavr/bin/../lib/gcc/avr/4.3.3/avr5\libgcc.a(_unpack_sf.o)
 .debug_loc     0x0000091e       0x50 c:/embedded system/00 extra/00-tools/01-imt sdk/imt_sdk_win_64/winavr/bin/../lib/gcc/avr/4.3.3/avr5\libgcc.a(_fpcmp_parts_sf.o)

.debug_macinfo
 *(.debug_macinfo)
OUTPUT(USART2_test.elf elf32-avr)
LOAD linker stubs

.debug_ranges   0x00000000       0x50
 .debug_ranges  0x00000000       0x50 c:/embedded system/00 extra/00-tools/01-imt sdk/imt_sdk_win_64/winavr/bin/../lib/gcc/avr/4.3.3/avr5\libgcc.a(_mul_sf.o)
