Archive member included because of file (symbol)

c:/embedded system/00 extra/00-tools/01-imt sdk/imt_sdk_win_64/winavr/bin/../lib/gcc/avr/4.3.3/avr5\libgcc.a(_mulsi3.o)
                              ./src/DAC_program.o (__mulsi3)
c:/embedded system/00 extra/00-tools/01-imt sdk/imt_sdk_win_64/winavr/bin/../lib/gcc/avr/4.3.3/avr5\libgcc.a(_udivmodhi4.o)
                              ./src/CLCD_program.o (__udivmodhi4)
c:/embedded system/00 extra/00-tools/01-imt sdk/imt_sdk_win_64/winavr/bin/../lib/gcc/avr/4.3.3/avr5\libgcc.a(_udivmodsi4.o)
                              ./src/CLCD_program.o (__udivmodsi4)
c:/embedded system/00 extra/00-tools/01-imt sdk/imt_sdk_win_64/winavr/bin/../lib/gcc/avr/4.3.3/avr5\libgcc.a(_exit.o)
                              c:/embedded system/00 extra/00-tools/01-imt sdk/imt_sdk_win_64/winavr/bin/../lib/gcc/avr/4.3.3/../../../../avr/lib/avr5/crtm32.o (exit)
c:/embedded system/00 extra/00-tools/01-imt sdk/imt_sdk_win_64/winavr/bin/../lib/gcc/avr/4.3.3/avr5\libgcc.a(_copy_data.o)
                              ./src/KPD_program.o (__do_copy_data)
c:/embedded system/00 extra/00-tools/01-imt sdk/imt_sdk_win_64/winavr/bin/../lib/gcc/avr/4.3.3/avr5\libgcc.a(_clear_bss.o)
                              ./src/ADC_program.o (__do_clear_bss)
c:/embedded system/00 extra/00-tools/01-imt sdk/imt_sdk_win_64/winavr/bin/../lib/gcc/avr/4.3.3/avr5\libgcc.a(_fixunssfsi.o)
                              ./src/CLCD_program.o (__fixunssfsi)
c:/embedded system/00 extra/00-tools/01-imt sdk/imt_sdk_win_64/winavr/bin/../lib/gcc/avr/4.3.3/avr5\libgcc.a(_addsub_sf.o)
                              c:/embedded system/00 extra/00-tools/01-imt sdk/imt_sdk_win_64/winavr/bin/../lib/gcc/avr/4.3.3/avr5\libgcc.a(_fixunssfsi.o) (__subsf3)
c:/embedded system/00 extra/00-tools/01-imt sdk/imt_sdk_win_64/winavr/bin/../lib/gcc/avr/4.3.3/avr5\libgcc.a(_mul_sf.o)
                              ./src/CLCD_program.o (__mulsf3)
c:/embedded system/00 extra/00-tools/01-imt sdk/imt_sdk_win_64/winavr/bin/../lib/gcc/avr/4.3.3/avr5\libgcc.a(_div_sf.o)
                              ./src/STEP_MOTOR_program.o (__divsf3)
c:/embedded system/00 extra/00-tools/01-imt sdk/imt_sdk_win_64/winavr/bin/../lib/gcc/avr/4.3.3/avr5\libgcc.a(_gt_sf.o)
                              ./src/CLCD_program.o (__gtsf2)
c:/embedded system/00 extra/00-tools/01-imt sdk/imt_sdk_win_64/winavr/bin/../lib/gcc/avr/4.3.3/avr5\libgcc.a(_ge_sf.o)
                              c:/embedded system/00 extra/00-tools/01-imt sdk/imt_sdk_win_64/winavr/bin/../lib/gcc/avr/4.3.3/avr5\libgcc.a(_fixunssfsi.o) (__gesf2)
c:/embedded system/00 extra/00-tools/01-imt sdk/imt_sdk_win_64/winavr/bin/../lib/gcc/avr/4.3.3/avr5\libgcc.a(_lt_sf.o)
                              ./src/CLCD_program.o (__ltsf2)
c:/embedded system/00 extra/00-tools/01-imt sdk/imt_sdk_win_64/winavr/bin/../lib/gcc/avr/4.3.3/avr5\libgcc.a(_sf_to_si.o)
                              c:/embedded system/00 extra/00-tools/01-imt sdk/imt_sdk_win_64/winavr/bin/../lib/gcc/avr/4.3.3/avr5\libgcc.a(_fixunssfsi.o) (__fixsfsi)
c:/embedded system/00 extra/00-tools/01-imt sdk/imt_sdk_win_64/winavr/bin/../lib/gcc/avr/4.3.3/avr5\libgcc.a(_thenan_sf.o)
                              c:/embedded system/00 extra/00-tools/01-imt sdk/imt_sdk_win_64/winavr/bin/../lib/gcc/avr/4.3.3/avr5\libgcc.a(_addsub_sf.o) (__thenan_sf)
c:/embedded system/00 extra/00-tools/01-imt sdk/imt_sdk_win_64/winavr/bin/../lib/gcc/avr/4.3.3/avr5\libgcc.a(_usi_to_sf.o)
                              ./src/STEP_MOTOR_program.o (__floatunsisf)
c:/embedded system/00 extra/00-tools/01-imt sdk/imt_sdk_win_64/winavr/bin/../lib/gcc/avr/4.3.3/avr5\libgcc.a(_prologue.o)
                              c:/embedded system/00 extra/00-tools/01-imt sdk/imt_sdk_win_64/winavr/bin/../lib/gcc/avr/4.3.3/avr5\libgcc.a(_addsub_sf.o) (__prologue_saves__)
c:/embedded system/00 extra/00-tools/01-imt sdk/imt_sdk_win_64/winavr/bin/../lib/gcc/avr/4.3.3/avr5\libgcc.a(_epilogue.o)
                              c:/embedded system/00 extra/00-tools/01-imt sdk/imt_sdk_win_64/winavr/bin/../lib/gcc/avr/4.3.3/avr5\libgcc.a(_addsub_sf.o) (__epilogue_restores__)
c:/embedded system/00 extra/00-tools/01-imt sdk/imt_sdk_win_64/winavr/bin/../lib/gcc/avr/4.3.3/avr5\libgcc.a(_clzsi2.o)
                              c:/embedded system/00 extra/00-tools/01-imt sdk/imt_sdk_win_64/winavr/bin/../lib/gcc/avr/4.3.3/avr5\libgcc.a(_usi_to_sf.o) (__clzsi2)
c:/embedded system/00 extra/00-tools/01-imt sdk/imt_sdk_win_64/winavr/bin/../lib/gcc/avr/4.3.3/avr5\libgcc.a(_pack_sf.o)
                              c:/embedded system/00 extra/00-tools/01-imt sdk/imt_sdk_win_64/winavr/bin/../lib/gcc/avr/4.3.3/avr5\libgcc.a(_addsub_sf.o) (__pack_f)
c:/embedded system/00 extra/00-tools/01-imt sdk/imt_sdk_win_64/winavr/bin/../lib/gcc/avr/4.3.3/avr5\libgcc.a(_unpack_sf.o)
                              c:/embedded system/00 extra/00-tools/01-imt sdk/imt_sdk_win_64/winavr/bin/../lib/gcc/avr/4.3.3/avr5\libgcc.a(_addsub_sf.o) (__unpack_f)
c:/embedded system/00 extra/00-tools/01-imt sdk/imt_sdk_win_64/winavr/bin/../lib/gcc/avr/4.3.3/avr5\libgcc.a(_fpcmp_parts_sf.o)
                              c:/embedded system/00 extra/00-tools/01-imt sdk/imt_sdk_win_64/winavr/bin/../lib/gcc/avr/4.3.3/avr5\libgcc.a(_gt_sf.o) (__fpcmp_parts_f)
c:/embedded system/00 extra/00-tools/01-imt sdk/imt_sdk_win_64/winavr/bin/../lib/gcc/avr/4.3.3/avr5\libgcc.a(_clz.o)
                              c:/embedded system/00 extra/00-tools/01-imt sdk/imt_sdk_win_64/winavr/bin/../lib/gcc/avr/4.3.3/avr5\libgcc.a(_clzsi2.o) (__clz_tab)

Memory Configuration

Name             Origin             Length             Attributes
text             0x00000000         0x00020000         xr
data             0x00800060         0x0000ffa0         rw !x
eeprom           0x00810000         0x00010000         rw !x
fuse             0x00820000         0x00000400         rw !x
lock             0x00830000         0x00000400         rw !x
signature        0x00840000         0x00000400         rw !x
*default*        0x00000000         0xffffffff

Linker script and memory map

LOAD c:/embedded system/00 extra/00-tools/01-imt sdk/imt_sdk_win_64/winavr/bin/../lib/gcc/avr/4.3.3/../../../../avr/lib/avr5/crtm32.o
LOAD ./src/ADC_program.o
LOAD ./src/CLCD_program.o
LOAD ./src/DAC_program.o
LOAD ./src/DIO_program.o
LOAD ./src/EXTI_program.o
LOAD ./src/GIE_program.o
LOAD ./src/KPD_program.o
LOAD ./src/LED_program.o
LOAD ./src/PORT_program.o
LOAD ./src/SERVO_program.o
LOAD ./src/SSD_program.o
LOAD ./src/STEP_MOTOR_program.o
LOAD ./src/SW_program.o
LOAD ./src/TIMER_program.o
LOAD ./src/WDT_program.o
LOAD ./src/main.o
LOAD c:/embedded system/00 extra/00-tools/01-imt sdk/imt_sdk_win_64/winavr/bin/../lib/gcc/avr/4.3.3/avr5\libgcc.a
LOAD c:/embedded system/00 extra/00-tools/01-imt sdk/imt_sdk_win_64/winavr/bin/../lib/gcc/avr/4.3.3/../../../../avr/lib/avr5\libc.a
LOAD c:/embedded system/00 extra/00-tools/01-imt sdk/imt_sdk_win_64/winavr/bin/../lib/gcc/avr/4.3.3/avr5\libgcc.a

.hash
 *(.hash)

.dynsym
 *(.dynsym)

.dynstr
 *(.dynstr)

.gnu.version
 *(.gnu.version)

.gnu.version_d
 *(.gnu.version_d)

.gnu.version_r
 *(.gnu.version_r)

.rel.init
 *(.rel.init)

.rela.init
 *(.rela.init)

.rel.text
 *(.rel.text)
 *(.rel.text.*)
 *(.rel.gnu.linkonce.t*)

.rela.text
 *(.rela.text)
 *(.rela.text.*)
 *(.rela.gnu.linkonce.t*)

.rel.fini
 *(.rel.fini)

.rela.fini
 *(.rela.fini)

.rel.rodata
 *(.rel.rodata)
 *(.rel.rodata.*)
 *(.rel.gnu.linkonce.r*)

.rela.rodata
 *(.rela.rodata)
 *(.rela.rodata.*)
 *(.rela.gnu.linkonce.r*)

.rel.data
 *(.rel.data)
 *(.rel.data.*)
 *(.rel.gnu.linkonce.d*)

.rela.data
 *(.rela.data)
 *(.rela.data.*)
 *(.rela.gnu.linkonce.d*)

.rel.ctors
 *(.rel.ctors)

.rela.ctors
 *(.rela.ctors)

.rel.dtors
 *(.rel.dtors)

.rela.dtors
 *(.rela.dtors)

.rel.got
 *(.rel.got)

.rela.got
 *(.rela.got)

.rel.bss
 *(.rel.bss)

.rela.bss
 *(.rela.bss)

.rel.plt
 *(.rel.plt)

.rela.plt
 *(.rela.plt)

.text           0x00000000     0x5d42
 *(.vectors)
 .vectors       0x00000000       0x54 c:/embedded system/00 extra/00-tools/01-imt sdk/imt_sdk_win_64/winavr/bin/../lib/gcc/avr/4.3.3/../../../../avr/lib/avr5/crtm32.o
                0x00000000                __vectors
                0x00000000                __vector_default
 *(.vectors)
 *(.progmem.gcc*)
 *(.progmem*)
                0x00000054                . = ALIGN (0x2)
                0x00000054                __trampolines_start = .
 *(.trampolines)
 .trampolines   0x00000054        0x0 linker stubs
 *(.trampolines*)
                0x00000054                __trampolines_end = .
 *(.jumptables)
 *(.jumptables*)
 *(.lowtext)
 *(.lowtext*)
                0x00000054                __ctors_start = .
 *(.ctors)
                0x00000054                __ctors_end = .
                0x00000054                __dtors_start = .
 *(.dtors)
                0x00000054                __dtors_end = .
 SORT(*)(.ctors)
 SORT(*)(.dtors)
 *(.init0)
 .init0         0x00000054        0x0 c:/embedded system/00 extra/00-tools/01-imt sdk/imt_sdk_win_64/winavr/bin/../lib/gcc/avr/4.3.3/../../../../avr/lib/avr5/crtm32.o
                0x00000054                __init
 *(.init0)
 *(.init1)
 *(.init1)
 *(.init2)
 .init2         0x00000054        0xc c:/embedded system/00 extra/00-tools/01-imt sdk/imt_sdk_win_64/winavr/bin/../lib/gcc/avr/4.3.3/../../../../avr/lib/avr5/crtm32.o
 *(.init2)
 *(.init3)
 *(.init3)
 *(.init4)
 .init4         0x00000060       0x16 c:/embedded system/00 extra/00-tools/01-imt sdk/imt_sdk_win_64/winavr/bin/../lib/gcc/avr/4.3.3/avr5\libgcc.a(_copy_data.o)
                0x00000060                __do_copy_data
 .init4         0x00000076       0x10 c:/embedded system/00 extra/00-tools/01-imt sdk/imt_sdk_win_64/winavr/bin/../lib/gcc/avr/4.3.3/avr5\libgcc.a(_clear_bss.o)
                0x00000076                __do_clear_bss
 *(.init4)
 *(.init5)
 *(.init5)
 *(.init6)
 *(.init6)
 *(.init7)
 *(.init7)
 *(.init8)
 *(.init8)
 *(.init9)
 .init9         0x00000086        0x8 c:/embedded system/00 extra/00-tools/01-imt sdk/imt_sdk_win_64/winavr/bin/../lib/gcc/avr/4.3.3/../../../../avr/lib/avr5/crtm32.o
 *(.init9)
 *(.text)
 .text          0x0000008e        0x4 c:/embedded system/00 extra/00-tools/01-imt sdk/imt_sdk_win_64/winavr/bin/../lib/gcc/avr/4.3.3/../../../../avr/lib/avr5/crtm32.o
                0x0000008e                __vector_12
                0x0000008e                __bad_interrupt
                0x0000008e                __vector_13
                0x0000008e                __vector_17
                0x0000008e                __vector_19
                0x0000008e                __vector_15
                0x0000008e                __vector_14
                0x0000008e                __vector_18
                0x0000008e                __vector_20
 .text          0x00000092        0x0 ./src/ADC_program.o
 .text          0x00000092        0x0 ./src/CLCD_program.o
 .text          0x00000092        0x0 ./src/DAC_program.o
 .text          0x00000092        0x0 ./src/DIO_program.o
 .text          0x00000092        0x0 ./src/EXTI_program.o
 .text          0x00000092        0x0 ./src/GIE_program.o
 .text          0x00000092        0x0 ./src/KPD_program.o
 .text          0x00000092        0x0 ./src/LED_program.o
 .text          0x00000092        0x0 ./src/PORT_program.o
 .text          0x00000092        0x0 ./src/SERVO_program.o
 .text          0x00000092        0x0 ./src/SSD_program.o
 .text          0x00000092        0x0 ./src/STEP_MOTOR_program.o
 .text          0x00000092        0x0 ./src/SW_program.o
 .text          0x00000092        0x0 ./src/TIMER_program.o
 .text          0x00000092        0x0 ./src/WDT_program.o
 .text          0x00000092        0x0 ./src/main.o
 .text          0x00000092        0x0 c:/embedded system/00 extra/00-tools/01-imt sdk/imt_sdk_win_64/winavr/bin/../lib/gcc/avr/4.3.3/avr5\libgcc.a(_mulsi3.o)
 .text          0x00000092        0x0 c:/embedded system/00 extra/00-tools/01-imt sdk/imt_sdk_win_64/winavr/bin/../lib/gcc/avr/4.3.3/avr5\libgcc.a(_udivmodhi4.o)
 .text          0x00000092        0x0 c:/embedded system/00 extra/00-tools/01-imt sdk/imt_sdk_win_64/winavr/bin/../lib/gcc/avr/4.3.3/avr5\libgcc.a(_udivmodsi4.o)
 .text          0x00000092        0x0 c:/embedded system/00 extra/00-tools/01-imt sdk/imt_sdk_win_64/winavr/bin/../lib/gcc/avr/4.3.3/avr5\libgcc.a(_exit.o)
 .text          0x00000092        0x0 c:/embedded system/00 extra/00-tools/01-imt sdk/imt_sdk_win_64/winavr/bin/../lib/gcc/avr/4.3.3/avr5\libgcc.a(_copy_data.o)
 .text          0x00000092        0x0 c:/embedded system/00 extra/00-tools/01-imt sdk/imt_sdk_win_64/winavr/bin/../lib/gcc/avr/4.3.3/avr5\libgcc.a(_clear_bss.o)
 .text          0x00000092       0x58 c:/embedded system/00 extra/00-tools/01-imt sdk/imt_sdk_win_64/winavr/bin/../lib/gcc/avr/4.3.3/avr5\libgcc.a(_fixunssfsi.o)
                0x00000092                __fixunssfsi
 .text          0x000000ea      0x354 c:/embedded system/00 extra/00-tools/01-imt sdk/imt_sdk_win_64/winavr/bin/../lib/gcc/avr/4.3.3/avr5\libgcc.a(_addsub_sf.o)
                0x00000382                __subsf3
                0x000003e4                __addsf3
 .text          0x0000043e      0x1f4 c:/embedded system/00 extra/00-tools/01-imt sdk/imt_sdk_win_64/winavr/bin/../lib/gcc/avr/4.3.3/avr5\libgcc.a(_mul_sf.o)
                0x0000043e                __mulsf3
 .text          0x00000632      0x158 c:/embedded system/00 extra/00-tools/01-imt sdk/imt_sdk_win_64/winavr/bin/../lib/gcc/avr/4.3.3/avr5\libgcc.a(_div_sf.o)
                0x00000632                __divsf3
 .text          0x0000078a       0x60 c:/embedded system/00 extra/00-tools/01-imt sdk/imt_sdk_win_64/winavr/bin/../lib/gcc/avr/4.3.3/avr5\libgcc.a(_gt_sf.o)
                0x0000078a                __gtsf2
 .text          0x000007ea       0x60 c:/embedded system/00 extra/00-tools/01-imt sdk/imt_sdk_win_64/winavr/bin/../lib/gcc/avr/4.3.3/avr5\libgcc.a(_ge_sf.o)
                0x000007ea                __gesf2
 .text          0x0000084a       0x60 c:/embedded system/00 extra/00-tools/01-imt sdk/imt_sdk_win_64/winavr/bin/../lib/gcc/avr/4.3.3/avr5\libgcc.a(_lt_sf.o)
                0x0000084a                __ltsf2
 .text          0x000008aa       0xa8 c:/embedded system/00 extra/00-tools/01-imt sdk/imt_sdk_win_64/winavr/bin/../lib/gcc/avr/4.3.3/avr5\libgcc.a(_sf_to_si.o)
                0x000008aa                __fixsfsi
 .text          0x00000952        0x0 c:/embedded system/00 extra/00-tools/01-imt sdk/imt_sdk_win_64/winavr/bin/../lib/gcc/avr/4.3.3/avr5\libgcc.a(_thenan_sf.o)
 .text          0x00000952       0xf2 c:/embedded system/00 extra/00-tools/01-imt sdk/imt_sdk_win_64/winavr/bin/../lib/gcc/avr/4.3.3/avr5\libgcc.a(_usi_to_sf.o)
                0x00000952                __floatunsisf
 .text          0x00000a44        0x0 c:/embedded system/00 extra/00-tools/01-imt sdk/imt_sdk_win_64/winavr/bin/../lib/gcc/avr/4.3.3/avr5\libgcc.a(_prologue.o)
 .text          0x00000a44        0x0 c:/embedded system/00 extra/00-tools/01-imt sdk/imt_sdk_win_64/winavr/bin/../lib/gcc/avr/4.3.3/avr5\libgcc.a(_epilogue.o)
 .text          0x00000a44       0x9e c:/embedded system/00 extra/00-tools/01-imt sdk/imt_sdk_win_64/winavr/bin/../lib/gcc/avr/4.3.3/avr5\libgcc.a(_clzsi2.o)
                0x00000a44                __clzsi2
 .text          0x00000ae2      0x1aa c:/embedded system/00 extra/00-tools/01-imt sdk/imt_sdk_win_64/winavr/bin/../lib/gcc/avr/4.3.3/avr5\libgcc.a(_pack_sf.o)
                0x00000ae2                __pack_f
 .text          0x00000c8c       0xf0 c:/embedded system/00 extra/00-tools/01-imt sdk/imt_sdk_win_64/winavr/bin/../lib/gcc/avr/4.3.3/avr5\libgcc.a(_unpack_sf.o)
                0x00000c8c                __unpack_f
 .text          0x00000d7c       0xb2 c:/embedded system/00 extra/00-tools/01-imt sdk/imt_sdk_win_64/winavr/bin/../lib/gcc/avr/4.3.3/avr5\libgcc.a(_fpcmp_parts_sf.o)
                0x00000d7c                __fpcmp_parts_f
 .text          0x00000e2e        0x0 c:/embedded system/00 extra/00-tools/01-imt sdk/imt_sdk_win_64/winavr/bin/../lib/gcc/avr/4.3.3/avr5\libgcc.a(_clz.o)
                0x00000e2e                . = ALIGN (0x2)
 *(.text.*)
 .text.ADC_voidInit
                0x00000e2e       0x70 ./src/ADC_program.o
                0x00000e2e                ADC_voidInit
 .text.ADC_u8StartSingleConvPoll
                0x00000e9e      0x122 ./src/ADC_program.o
                0x00000e9e                ADC_u8StartSingleConvPoll
 .text.ADC_u8StartSingleConvInt
                0x00000fc0       0xbc ./src/ADC_program.o
                0x00000fc0                ADC_u8StartSingleConvInt
 .text.ADC_u8StartChainConvAsynch
                0x0000107c      0x116 ./src/ADC_program.o
                0x0000107c                ADC_u8StartChainConvAsynch
 .text.__vector_16
                0x00001192      0x13e ./src/ADC_program.o
                0x00001192                __vector_16
 .text.CLCD_voidSendCommand
                0x000012d0      0x344 ./src/CLCD_program.o
                0x000012d0                CLCD_voidSendCommand
 .text.CLCD_Read_BF_AC
                0x00001614       0x6e ./src/CLCD_program.o
                0x00001614                CLCD_Read_BF_AC
 .text.CLCD_voidSendData
                0x00001682      0x340 ./src/CLCD_program.o
                0x00001682                CLCD_voidSendData
 .text.CLCD_voidInit
                0x000019c2      0x3e6 ./src/CLCD_program.o
                0x000019c2                CLCD_voidInit
 .text.CLCD_voidSendString
                0x00001da8       0x52 ./src/CLCD_program.o
                0x00001da8                CLCD_voidSendString
 .text.CLCD_voidGoToXY
                0x00001dfa       0x4a ./src/CLCD_program.o
                0x00001dfa                CLCD_voidGoToXY
 .text.CLCD_voidWriteSpecialCharacter
                0x00001e44       0x82 ./src/CLCD_program.o
                0x00001e44                CLCD_voidWriteSpecialCharacter
 .text.CLCD_voidWriteNumber
                0x00001ec6       0x96 ./src/CLCD_program.o
                0x00001ec6                CLCD_voidWriteNumber
 .text.Num_length
                0x00001f5c       0x56 ./src/CLCD_program.o
 .text.Multi_N_10
                0x00001fb2       0x56 ./src/CLCD_program.o
 .text.DAC_voidSetAnalogValue
                0x00002008       0x5a ./src/DAC_program.o
                0x00002008                DAC_voidSetAnalogValue
 .text.DIO_u8SetPinValue
                0x00002062      0x232 ./src/DIO_program.o
                0x00002062                DIO_u8SetPinValue
 .text.DIO_u8SetPortValue
                0x00002294       0x9c ./src/DIO_program.o
                0x00002294                DIO_u8SetPortValue
 .text.DIO_u8GetPinValue
                0x00002330      0x136 ./src/DIO_program.o
                0x00002330                DIO_u8GetPinValue
 .text.DIO_u8TogglePinValue
                0x00002466      0x116 ./src/DIO_program.o
                0x00002466                DIO_u8TogglePinValue
 .text.DIO_u8SetLowNibbleValue
                0x0000257c       0xf6 ./src/DIO_program.o
                0x0000257c                DIO_u8SetLowNibbleValue
 .text.DIO_u8SetHighNibbleValue
                0x00002672      0x140 ./src/DIO_program.o
                0x00002672                DIO_u8SetHighNibbleValue
 .text.EXTI_voidInt0Init
                0x000027b2       0x38 ./src/EXTI_program.o
                0x000027b2                EXTI_voidInt0Init
 .text.EXTI_u8Int0CallBack
                0x000027ea       0x3a ./src/EXTI_program.o
                0x000027ea                EXTI_u8Int0CallBack
 .text.EXTI_u8Int0ChangeSence
                0x00002824       0x44 ./src/EXTI_program.o
                0x00002824                EXTI_u8Int0ChangeSence
 .text.EXTI_voidInt1Init
                0x00002868       0x38 ./src/EXTI_program.o
                0x00002868                EXTI_voidInt1Init
 .text.EXTI_u8Int1CallBack
                0x000028a0       0x3a ./src/EXTI_program.o
                0x000028a0                EXTI_u8Int1CallBack
 .text.EXTI_u8Int1ChangeSence
                0x000028da       0x52 ./src/EXTI_program.o
                0x000028da                EXTI_u8Int1ChangeSence
 .text.EXTI_voidInt2Init
                0x0000292c       0x36 ./src/EXTI_program.o
                0x0000292c                EXTI_voidInt2Init
 .text.EXTI_u8Int2CallBack
                0x00002962       0x3a ./src/EXTI_program.o
                0x00002962                EXTI_u8Int2CallBack
 .text.EXTI_u8Int2ChangeSence
                0x0000299c       0x5c ./src/EXTI_program.o
                0x0000299c                EXTI_u8Int2ChangeSence
 .text.EXTI_u8IntDisable
                0x000029f8       0x7a ./src/EXTI_program.o
                0x000029f8                EXTI_u8IntDisable
 .text.EXTI_u8IntEnable
                0x00002a72       0x7a ./src/EXTI_program.o
                0x00002a72                EXTI_u8IntEnable
 .text.__vector_1
                0x00002aec       0x5a ./src/EXTI_program.o
                0x00002aec                __vector_1
 .text.__vector_2
                0x00002b46       0x5a ./src/EXTI_program.o
                0x00002b46                __vector_2
 .text.__vector_3
                0x00002ba0       0x5a ./src/EXTI_program.o
                0x00002ba0                __vector_3
 .text.GIE_voidEnable
                0x00002bfa       0x1c ./src/GIE_program.o
                0x00002bfa                GIE_voidEnable
 .text.GIE_voidDisable
                0x00002c16       0x1c ./src/GIE_program.o
                0x00002c16                GIE_voidDisable
 .text.KPD_u8Key_pressed
                0x00002c32       0xf0 ./src/KPD_program.o
                0x00002c32                KPD_u8Key_pressed
 .text.LED_u8TurnOn
                0x00002d22       0x64 ./src/LED_program.o
                0x00002d22                LED_u8TurnOn
 .text.LED_u8TurnOff
                0x00002d86       0x64 ./src/LED_program.o
                0x00002d86                LED_u8TurnOff
 .text.LED_u8TogLed
                0x00002dea       0x84 ./src/LED_program.o
                0x00002dea                LED_u8TogLed
 .text.PORT_voidInit
                0x00002e6e       0x46 ./src/PORT_program.o
                0x00002e6e                PORT_voidInit
 .text.SERVO_voidInit
                0x00002eb4       0x50 ./src/SERVO_program.o
                0x00002eb4                SERVO_voidInit
 .text.SERVO_voidSetAngle
                0x00002f04       0xc0 ./src/SERVO_program.o
                0x00002f04                SERVO_voidSetAngle
 .text.Map      0x00002fc4       0xfa ./src/SERVO_program.o
 .text.SSD_u8SetNumber
                0x000030be       0x80 ./src/SSD_program.o
                0x000030be                SSD_u8SetNumber
 .text.SSD_u8Enable
                0x0000313e       0x68 ./src/SSD_program.o
                0x0000313e                SSD_u8Enable
 .text.SSD_u8Disable
                0x000031a6       0x68 ./src/SSD_program.o
                0x000031a6                SSD_u8Disable
 .text.STEP_MOTORu8StartFullMode
                0x0000320e      0x65e ./src/STEP_MOTOR_program.o
                0x0000320e                STEP_MOTORu8StartFullMode
 .text.STEP_MOTORu8StartHalfMode
                0x0000386c      0x76c ./src/STEP_MOTOR_program.o
                0x0000386c                STEP_MOTORu8StartHalfMode
 .text.STEP_MOTORvStop
                0x00003fd8       0x46 ./src/STEP_MOTOR_program.o
                0x00003fd8                STEP_MOTORvStop
 .text.RotateRightLowNibble
                0x0000401e       0x3a ./src/STEP_MOTOR_program.o
 .text.RotateLeftLowNibble
                0x00004058       0x40 ./src/STEP_MOTOR_program.o
 .text.SW_u8GetState
                0x00004098      0x34e ./src/SW_program.o
                0x00004098                SW_u8GetState
 .text.SW_u8GetState2
                0x000043e6      0x1f8 ./src/SW_program.o
                0x000043e6                SW_u8GetState2
 .text.TIMER_voidInit
                0x000045de      0x438 ./src/TIMER_program.o
                0x000045de                TIMER_voidInit
 .text.TIMER0_voidSetPreloadValue
                0x00004a16       0x1c ./src/TIMER_program.o
                0x00004a16                TIMER0_voidSetPreloadValue
 .text.TIMER0_voidSetCompMatchValue
                0x00004a32       0x1c ./src/TIMER_program.o
                0x00004a32                TIMER0_voidSetCompMatchValue
 .text.TIMER0_u8SetCallBack
                0x00004a4e       0x84 ./src/TIMER_program.o
                0x00004a4e                TIMER0_u8SetCallBack
 .text.TIMER1_voidSetICR
                0x00004ad2       0x24 ./src/TIMER_program.o
                0x00004ad2                TIMER1_voidSetICR
 .text.TIMER1_voidSetPreloadValue
                0x00004af6       0x24 ./src/TIMER_program.o
                0x00004af6                TIMER1_voidSetPreloadValue
 .text.TIMER1_u16ReadTimerValue
                0x00004b1a       0x16 ./src/TIMER_program.o
                0x00004b1a                TIMER1_u16ReadTimerValue
 .text.TIMER1_voidSetChannelACompMatch
                0x00004b30       0x24 ./src/TIMER_program.o
                0x00004b30                TIMER1_voidSetChannelACompMatch
 .text.TIMER1_voidSetChannelBCompMatch
                0x00004b54       0x24 ./src/TIMER_program.o
                0x00004b54                TIMER1_voidSetChannelBCompMatch
 .text.TIMER1_u8SetCallBack
                0x00004b78      0x102 ./src/TIMER_program.o
                0x00004b78                TIMER1_u8SetCallBack
 .text.TIMER1_voidDisableOvfInterrupt
                0x00004c7a       0x1c ./src/TIMER_program.o
                0x00004c7a                TIMER1_voidDisableOvfInterrupt
 .text.ICU_voidInit
                0x00004c96       0x2a ./src/TIMER_program.o
                0x00004c96                ICU_voidInit
 .text.ICU_u16ReadInputCapture
                0x00004cc0       0x16 ./src/TIMER_program.o
                0x00004cc0                ICU_u16ReadInputCapture
 .text.ICU_u8CaptureEdgeSelect
                0x00004cd6       0x62 ./src/TIMER_program.o
                0x00004cd6                ICU_u8CaptureEdgeSelect
 .text.ICU_voidInterruptEnable
                0x00004d38       0x1c ./src/TIMER_program.o
                0x00004d38                ICU_voidInterruptEnable
 .text.ICU_voidInterruptDisable
                0x00004d54       0x1c ./src/TIMER_program.o
                0x00004d54                ICU_voidInterruptDisable
 .text.ICU_u8SetCallBack
                0x00004d70       0x3a ./src/TIMER_program.o
                0x00004d70                ICU_u8SetCallBack
 .text.TIMER2_voidSetPreloadValue
                0x00004daa       0x1c ./src/TIMER_program.o
                0x00004daa                TIMER2_voidSetPreloadValue
 .text.TIMER2_voidSetCompMatchValue
                0x00004dc6       0x1c ./src/TIMER_program.o
                0x00004dc6                TIMER2_voidSetCompMatchValue
 .text.TIMER2_u8SetCallBack
                0x00004de2       0x84 ./src/TIMER_program.o
                0x00004de2                TIMER2_u8SetCallBack
 .text.TIMER_u8Scheduler
                0x00004e66      0x1e4 ./src/TIMER_program.o
                0x00004e66                TIMER_u8Scheduler
 .text.__vector_10
                0x0000504a       0x5a ./src/TIMER_program.o
                0x0000504a                __vector_10
 .text.__vector_11
                0x000050a4       0x5a ./src/TIMER_program.o
                0x000050a4                __vector_11
 .text.__vector_7
                0x000050fe       0x5a ./src/TIMER_program.o
                0x000050fe                __vector_7
 .text.__vector_8
                0x00005158       0x5a ./src/TIMER_program.o
                0x00005158                __vector_8
 .text.__vector_9
                0x000051b2      0x114 ./src/TIMER_program.o
                0x000051b2                __vector_9
 .text.__vector_6
                0x000052c6       0x5a ./src/TIMER_program.o
                0x000052c6                __vector_6
 .text.__vector_5
                0x00005320       0x5a ./src/TIMER_program.o
                0x00005320                __vector_5
 .text.__vector_4
                0x0000537a       0x5a ./src/TIMER_program.o
                0x0000537a                __vector_4
 .text.Calc_dicmal
                0x000053d4      0x19a ./src/TIMER_program.o
 .text.WDT_voidEnable
                0x0000556e       0x1c ./src/WDT_program.o
                0x0000556e                WDT_voidEnable
 .text.WDT_voidDisable
                0x0000558a       0x22 ./src/WDT_program.o
                0x0000558a                WDT_voidDisable
 .text.WDT_u8Sleep
                0x000055ac       0x44 ./src/WDT_program.o
                0x000055ac                WDT_u8Sleep
 .text.main     0x000055f0      0x146 ./src/main.o
                0x000055f0                main
 .text.HwICU    0x00005736      0x11c ./src/main.o
                0x00005736                HwICU
 .text.schedFunc
                0x00005852       0x24 ./src/main.o
                0x00005852                schedFunc
 .text.TimerOvf
                0x00005876       0x20 ./src/main.o
                0x00005876                TimerOvf
 .text.HwICU1   0x00005896      0x15e ./src/main.o
                0x00005896                HwICU1
 .text.SwICU1   0x000059f4      0x166 ./src/main.o
                0x000059f4                SwICU1
 .text.SwICU    0x00005b5a       0xcc ./src/main.o
                0x00005b5a                SwICU
 .text.libgcc   0x00005c26       0x3e c:/embedded system/00 extra/00-tools/01-imt sdk/imt_sdk_win_64/winavr/bin/../lib/gcc/avr/4.3.3/avr5\libgcc.a(_mulsi3.o)
                0x00005c26                __mulsi3
 .text.libgcc   0x00005c64       0x28 c:/embedded system/00 extra/00-tools/01-imt sdk/imt_sdk_win_64/winavr/bin/../lib/gcc/avr/4.3.3/avr5\libgcc.a(_udivmodhi4.o)
                0x00005c64                __udivmodhi4
 .text.libgcc   0x00005c8c       0x44 c:/embedded system/00 extra/00-tools/01-imt sdk/imt_sdk_win_64/winavr/bin/../lib/gcc/avr/4.3.3/avr5\libgcc.a(_udivmodsi4.o)
                0x00005c8c                __udivmodsi4
 .text.libgcc   0x00005cd0        0x0 c:/embedded system/00 extra/00-tools/01-imt sdk/imt_sdk_win_64/winavr/bin/../lib/gcc/avr/4.3.3/avr5\libgcc.a(_exit.o)
 .text.libgcc   0x00005cd0        0x0 c:/embedded system/00 extra/00-tools/01-imt sdk/imt_sdk_win_64/winavr/bin/../lib/gcc/avr/4.3.3/avr5\libgcc.a(_copy_data.o)
 .text.libgcc   0x00005cd0        0x0 c:/embedded system/00 extra/00-tools/01-imt sdk/imt_sdk_win_64/winavr/bin/../lib/gcc/avr/4.3.3/avr5\libgcc.a(_clear_bss.o)
 .text.libgcc   0x00005cd0       0x38 c:/embedded system/00 extra/00-tools/01-imt sdk/imt_sdk_win_64/winavr/bin/../lib/gcc/avr/4.3.3/avr5\libgcc.a(_prologue.o)
                0x00005cd0                __prologue_saves__
 .text.libgcc   0x00005d08       0x36 c:/embedded system/00 extra/00-tools/01-imt sdk/imt_sdk_win_64/winavr/bin/../lib/gcc/avr/4.3.3/avr5\libgcc.a(_epilogue.o)
                0x00005d08                __epilogue_restores__
                0x00005d3e                . = ALIGN (0x2)
 *(.fini9)
 .fini9         0x00005d3e        0x0 c:/embedded system/00 extra/00-tools/01-imt sdk/imt_sdk_win_64/winavr/bin/../lib/gcc/avr/4.3.3/avr5\libgcc.a(_exit.o)
                0x00005d3e                exit
                0x00005d3e                _exit
 *(.fini9)
 *(.fini8)
 *(.fini8)
 *(.fini7)
 *(.fini7)
 *(.fini6)
 *(.fini6)
 *(.fini5)
 *(.fini5)
 *(.fini4)
 *(.fini4)
 *(.fini3)
 *(.fini3)
 *(.fini2)
 *(.fini2)
 *(.fini1)
 *(.fini1)
 *(.fini0)
 .fini0         0x00005d3e        0x4 c:/embedded system/00 extra/00-tools/01-imt sdk/imt_sdk_win_64/winavr/bin/../lib/gcc/avr/4.3.3/avr5\libgcc.a(_exit.o)
 *(.fini0)
                0x00005d42                _etext = .

.data           0x00800060      0x14a load address 0x00005d42
                0x00800060                PROVIDE (__data_start, .)
 *(.data)
 .data          0x00800060        0x0 c:/embedded system/00 extra/00-tools/01-imt sdk/imt_sdk_win_64/winavr/bin/../lib/gcc/avr/4.3.3/../../../../avr/lib/avr5/crtm32.o
 .data          0x00800060        0x0 ./src/ADC_program.o
 .data          0x00800060        0x0 ./src/CLCD_program.o
 .data          0x00800060        0x0 ./src/DAC_program.o
 .data          0x00800060        0x0 ./src/DIO_program.o
 .data          0x00800060        0x0 ./src/EXTI_program.o
 .data          0x00800060        0x0 ./src/GIE_program.o
 .data          0x00800060        0x0 ./src/KPD_program.o
 .data          0x00800060        0x0 ./src/LED_program.o
 .data          0x00800060        0x0 ./src/PORT_program.o
 .data          0x00800060        0x0 ./src/SERVO_program.o
 .data          0x00800060        0x0 ./src/SSD_program.o
 .data          0x00800060        0x0 ./src/STEP_MOTOR_program.o
 .data          0x00800060        0x0 ./src/SW_program.o
 .data          0x00800060        0x0 ./src/TIMER_program.o
 .data          0x00800060        0x0 ./src/WDT_program.o
 .data          0x00800060       0x12 ./src/main.o
 .data          0x00800072        0x0 c:/embedded system/00 extra/00-tools/01-imt sdk/imt_sdk_win_64/winavr/bin/../lib/gcc/avr/4.3.3/avr5\libgcc.a(_mulsi3.o)
 .data          0x00800072        0x0 c:/embedded system/00 extra/00-tools/01-imt sdk/imt_sdk_win_64/winavr/bin/../lib/gcc/avr/4.3.3/avr5\libgcc.a(_udivmodhi4.o)
 .data          0x00800072        0x0 c:/embedded system/00 extra/00-tools/01-imt sdk/imt_sdk_win_64/winavr/bin/../lib/gcc/avr/4.3.3/avr5\libgcc.a(_udivmodsi4.o)
 .data          0x00800072        0x0 c:/embedded system/00 extra/00-tools/01-imt sdk/imt_sdk_win_64/winavr/bin/../lib/gcc/avr/4.3.3/avr5\libgcc.a(_exit.o)
 .data          0x00800072        0x0 c:/embedded system/00 extra/00-tools/01-imt sdk/imt_sdk_win_64/winavr/bin/../lib/gcc/avr/4.3.3/avr5\libgcc.a(_copy_data.o)
 .data          0x00800072        0x0 c:/embedded system/00 extra/00-tools/01-imt sdk/imt_sdk_win_64/winavr/bin/../lib/gcc/avr/4.3.3/avr5\libgcc.a(_clear_bss.o)
 .data          0x00800072        0x0 c:/embedded system/00 extra/00-tools/01-imt sdk/imt_sdk_win_64/winavr/bin/../lib/gcc/avr/4.3.3/avr5\libgcc.a(_fixunssfsi.o)
 .data          0x00800072        0x0 c:/embedded system/00 extra/00-tools/01-imt sdk/imt_sdk_win_64/winavr/bin/../lib/gcc/avr/4.3.3/avr5\libgcc.a(_addsub_sf.o)
 .data          0x00800072        0x0 c:/embedded system/00 extra/00-tools/01-imt sdk/imt_sdk_win_64/winavr/bin/../lib/gcc/avr/4.3.3/avr5\libgcc.a(_mul_sf.o)
 .data          0x00800072        0x0 c:/embedded system/00 extra/00-tools/01-imt sdk/imt_sdk_win_64/winavr/bin/../lib/gcc/avr/4.3.3/avr5\libgcc.a(_div_sf.o)
 .data          0x00800072        0x0 c:/embedded system/00 extra/00-tools/01-imt sdk/imt_sdk_win_64/winavr/bin/../lib/gcc/avr/4.3.3/avr5\libgcc.a(_gt_sf.o)
 .data          0x00800072        0x0 c:/embedded system/00 extra/00-tools/01-imt sdk/imt_sdk_win_64/winavr/bin/../lib/gcc/avr/4.3.3/avr5\libgcc.a(_ge_sf.o)
 .data          0x00800072        0x0 c:/embedded system/00 extra/00-tools/01-imt sdk/imt_sdk_win_64/winavr/bin/../lib/gcc/avr/4.3.3/avr5\libgcc.a(_lt_sf.o)
 .data          0x00800072        0x0 c:/embedded system/00 extra/00-tools/01-imt sdk/imt_sdk_win_64/winavr/bin/../lib/gcc/avr/4.3.3/avr5\libgcc.a(_sf_to_si.o)
 .data          0x00800072        0x8 c:/embedded system/00 extra/00-tools/01-imt sdk/imt_sdk_win_64/winavr/bin/../lib/gcc/avr/4.3.3/avr5\libgcc.a(_thenan_sf.o)
                0x00800072                __thenan_sf
 .data          0x0080007a        0x0 c:/embedded system/00 extra/00-tools/01-imt sdk/imt_sdk_win_64/winavr/bin/../lib/gcc/avr/4.3.3/avr5\libgcc.a(_usi_to_sf.o)
 .data          0x0080007a        0x0 c:/embedded system/00 extra/00-tools/01-imt sdk/imt_sdk_win_64/winavr/bin/../lib/gcc/avr/4.3.3/avr5\libgcc.a(_prologue.o)
 .data          0x0080007a        0x0 c:/embedded system/00 extra/00-tools/01-imt sdk/imt_sdk_win_64/winavr/bin/../lib/gcc/avr/4.3.3/avr5\libgcc.a(_epilogue.o)
 .data          0x0080007a        0x0 c:/embedded system/00 extra/00-tools/01-imt sdk/imt_sdk_win_64/winavr/bin/../lib/gcc/avr/4.3.3/avr5\libgcc.a(_clzsi2.o)
 .data          0x0080007a        0x0 c:/embedded system/00 extra/00-tools/01-imt sdk/imt_sdk_win_64/winavr/bin/../lib/gcc/avr/4.3.3/avr5\libgcc.a(_pack_sf.o)
 .data          0x0080007a        0x0 c:/embedded system/00 extra/00-tools/01-imt sdk/imt_sdk_win_64/winavr/bin/../lib/gcc/avr/4.3.3/avr5\libgcc.a(_unpack_sf.o)
 .data          0x0080007a        0x0 c:/embedded system/00 extra/00-tools/01-imt sdk/imt_sdk_win_64/winavr/bin/../lib/gcc/avr/4.3.3/avr5\libgcc.a(_fpcmp_parts_sf.o)
 .data          0x0080007a      0x100 c:/embedded system/00 extra/00-tools/01-imt sdk/imt_sdk_win_64/winavr/bin/../lib/gcc/avr/4.3.3/avr5\libgcc.a(_clz.o)
                0x0080007a                __clz_tab
 *(.data*)
 .data.Local_u8KPD_Nums.1299
                0x0080017a       0x10 ./src/KPD_program.o
 .data.Local_u8KPD_COL_PINS.1298
                0x0080018a        0x4 ./src/KPD_program.o
 .data.Local_u8KPD_ROW_PINS.1297
                0x0080018e        0x4 ./src/KPD_program.o
 .data.SSD_Arr.1237
                0x00800192        0xa ./src/SSD_program.o
 .data.TIMER_u8Direction
                0x0080019c        0x1 ./src/TIMER_program.o
 .data.LocalState.1484
                0x0080019d        0x1 ./src/main.o
 *(.rodata)
 *(.rodata*)
 .rodata.C.5.1731
                0x0080019e        0x6 ./src/TIMER_program.o
 .rodata.C.0.1446
                0x008001a4        0x6 ./src/main.o
 *(.gnu.linkonce.d*)
                0x008001aa                . = ALIGN (0x2)
                0x008001aa                _edata = .
                0x008001aa                PROVIDE (__data_end, .)

.bss            0x008001aa       0x4c
                0x008001aa                PROVIDE (__bss_start, .)
 *(.bss)
 .bss           0x008001aa        0x0 c:/embedded system/00 extra/00-tools/01-imt sdk/imt_sdk_win_64/winavr/bin/../lib/gcc/avr/4.3.3/../../../../avr/lib/avr5/crtm32.o
 .bss           0x008001aa        0x0 ./src/ADC_program.o
 .bss           0x008001aa        0x0 ./src/CLCD_program.o
 .bss           0x008001aa        0x0 ./src/DAC_program.o
 .bss           0x008001aa        0x0 ./src/DIO_program.o
 .bss           0x008001aa        0x0 ./src/EXTI_program.o
 .bss           0x008001aa        0x0 ./src/GIE_program.o
 .bss           0x008001aa        0x0 ./src/KPD_program.o
 .bss           0x008001aa        0x0 ./src/LED_program.o
 .bss           0x008001aa        0x0 ./src/PORT_program.o
 .bss           0x008001aa        0x0 ./src/SERVO_program.o
 .bss           0x008001aa        0x0 ./src/SSD_program.o
 .bss           0x008001aa        0x0 ./src/STEP_MOTOR_program.o
 .bss           0x008001aa        0x0 ./src/SW_program.o
 .bss           0x008001aa        0x0 ./src/TIMER_program.o
 .bss           0x008001aa        0x0 ./src/WDT_program.o
 .bss           0x008001aa        0x0 ./src/main.o
 .bss           0x008001aa        0x0 c:/embedded system/00 extra/00-tools/01-imt sdk/imt_sdk_win_64/winavr/bin/../lib/gcc/avr/4.3.3/avr5\libgcc.a(_mulsi3.o)
 .bss           0x008001aa        0x0 c:/embedded system/00 extra/00-tools/01-imt sdk/imt_sdk_win_64/winavr/bin/../lib/gcc/avr/4.3.3/avr5\libgcc.a(_udivmodhi4.o)
 .bss           0x008001aa        0x0 c:/embedded system/00 extra/00-tools/01-imt sdk/imt_sdk_win_64/winavr/bin/../lib/gcc/avr/4.3.3/avr5\libgcc.a(_udivmodsi4.o)
 .bss           0x008001aa        0x0 c:/embedded system/00 extra/00-tools/01-imt sdk/imt_sdk_win_64/winavr/bin/../lib/gcc/avr/4.3.3/avr5\libgcc.a(_exit.o)
 .bss           0x008001aa        0x0 c:/embedded system/00 extra/00-tools/01-imt sdk/imt_sdk_win_64/winavr/bin/../lib/gcc/avr/4.3.3/avr5\libgcc.a(_copy_data.o)
 .bss           0x008001aa        0x0 c:/embedded system/00 extra/00-tools/01-imt sdk/imt_sdk_win_64/winavr/bin/../lib/gcc/avr/4.3.3/avr5\libgcc.a(_clear_bss.o)
 .bss           0x008001aa        0x0 c:/embedded system/00 extra/00-tools/01-imt sdk/imt_sdk_win_64/winavr/bin/../lib/gcc/avr/4.3.3/avr5\libgcc.a(_fixunssfsi.o)
 .bss           0x008001aa        0x0 c:/embedded system/00 extra/00-tools/01-imt sdk/imt_sdk_win_64/winavr/bin/../lib/gcc/avr/4.3.3/avr5\libgcc.a(_addsub_sf.o)
 .bss           0x008001aa        0x0 c:/embedded system/00 extra/00-tools/01-imt sdk/imt_sdk_win_64/winavr/bin/../lib/gcc/avr/4.3.3/avr5\libgcc.a(_mul_sf.o)
 .bss           0x008001aa        0x0 c:/embedded system/00 extra/00-tools/01-imt sdk/imt_sdk_win_64/winavr/bin/../lib/gcc/avr/4.3.3/avr5\libgcc.a(_div_sf.o)
 .bss           0x008001aa        0x0 c:/embedded system/00 extra/00-tools/01-imt sdk/imt_sdk_win_64/winavr/bin/../lib/gcc/avr/4.3.3/avr5\libgcc.a(_gt_sf.o)
 .bss           0x008001aa        0x0 c:/embedded system/00 extra/00-tools/01-imt sdk/imt_sdk_win_64/winavr/bin/../lib/gcc/avr/4.3.3/avr5\libgcc.a(_ge_sf.o)
 .bss           0x008001aa        0x0 c:/embedded system/00 extra/00-tools/01-imt sdk/imt_sdk_win_64/winavr/bin/../lib/gcc/avr/4.3.3/avr5\libgcc.a(_lt_sf.o)
 .bss           0x008001aa        0x0 c:/embedded system/00 extra/00-tools/01-imt sdk/imt_sdk_win_64/winavr/bin/../lib/gcc/avr/4.3.3/avr5\libgcc.a(_sf_to_si.o)
 .bss           0x008001aa        0x0 c:/embedded system/00 extra/00-tools/01-imt sdk/imt_sdk_win_64/winavr/bin/../lib/gcc/avr/4.3.3/avr5\libgcc.a(_thenan_sf.o)
 .bss           0x008001aa        0x0 c:/embedded system/00 extra/00-tools/01-imt sdk/imt_sdk_win_64/winavr/bin/../lib/gcc/avr/4.3.3/avr5\libgcc.a(_usi_to_sf.o)
 .bss           0x008001aa        0x0 c:/embedded system/00 extra/00-tools/01-imt sdk/imt_sdk_win_64/winavr/bin/../lib/gcc/avr/4.3.3/avr5\libgcc.a(_prologue.o)
 .bss           0x008001aa        0x0 c:/embedded system/00 extra/00-tools/01-imt sdk/imt_sdk_win_64/winavr/bin/../lib/gcc/avr/4.3.3/avr5\libgcc.a(_epilogue.o)
 .bss           0x008001aa        0x0 c:/embedded system/00 extra/00-tools/01-imt sdk/imt_sdk_win_64/winavr/bin/../lib/gcc/avr/4.3.3/avr5\libgcc.a(_clzsi2.o)
 .bss           0x008001aa        0x0 c:/embedded system/00 extra/00-tools/01-imt sdk/imt_sdk_win_64/winavr/bin/../lib/gcc/avr/4.3.3/avr5\libgcc.a(_pack_sf.o)
 .bss           0x008001aa        0x0 c:/embedded system/00 extra/00-tools/01-imt sdk/imt_sdk_win_64/winavr/bin/../lib/gcc/avr/4.3.3/avr5\libgcc.a(_unpack_sf.o)
 .bss           0x008001aa        0x0 c:/embedded system/00 extra/00-tools/01-imt sdk/imt_sdk_win_64/winavr/bin/../lib/gcc/avr/4.3.3/avr5\libgcc.a(_fpcmp_parts_sf.o)
 .bss           0x008001aa        0x0 c:/embedded system/00 extra/00-tools/01-imt sdk/imt_sdk_win_64/winavr/bin/../lib/gcc/avr/4.3.3/avr5\libgcc.a(_clz.o)
 *(.bss*)
 .bss.Global_u8BusyFlag
                0x008001aa        0x1 ./src/ADC_program.o
 .bss.Global_vCallBackFunc
                0x008001ab        0x2 ./src/ADC_program.o
 .bss.Global_pu8Read
                0x008001ad        0x2 ./src/ADC_program.o
 .bss.ADC_u8DirectionOfConvFunc
                0x008001af        0x1 ./src/ADC_program.o
 .bss.ADC_u8ChainIndex
                0x008001b0        0x1 ./src/ADC_program.o
 .bss.ADC_pu8ChannelNum
                0x008001b1        0x2 ./src/ADC_program.o
 .bss.Global_vChainCallBackFunc
                0x008001b3        0x2 ./src/ADC_program.o
 .bss.ADC_pu16ChannelReading
                0x008001b5        0x2 ./src/ADC_program.o
 .bss.ADC_u8ChannelSize
                0x008001b7        0x1 ./src/ADC_program.o
 .bss.iniIsFinich
                0x008001b8        0x1 ./src/CLCD_program.o
 .bss.EXTI_voidCallBack
                0x008001b9        0x6 ./src/EXTI_program.o
 .bss.Local_u8State.1270
                0x008001bf        0x1 ./src/LED_program.o
 .bss.Local_u8SwState.1308
                0x008001c0        0x1 ./src/SW_program.o
 .bss.Local_u8SwState.1396
                0x008001c1        0x1 ./src/SW_program.o
 .bss.pressed.1395
                0x008001c2        0x1 ./src/SW_program.o
 .bss.released_conf_level.1394
                0x008001c3        0x1 ./src/SW_program.o
 .bss.pressed_conf_level.1393
                0x008001c4        0x1 ./src/SW_program.o
 .bss.TIMER_pvCallBackFunc
                0x008001c5       0x10 ./src/TIMER_program.o
 .bss.Global_u32CounterOvf
                0x008001d5        0x4 ./src/TIMER_program.o
 .bss.Global_u16Preload
                0x008001d9        0x2 ./src/TIMER_program.o
 .bss.Global_u8Preiodic
                0x008001db        0x1 ./src/TIMER_program.o
 .bss.Local_u32Counter.1781
                0x008001dc        0x4 ./src/TIMER_program.o
 .bss.Period    0x008001e0        0x4 ./src/main.o
                0x008001e0                Period
 .bss.Start     0x008001e4        0x4 ./src/main.o
                0x008001e4                Start
 .bss.End       0x008001e8        0x4 ./src/main.o
                0x008001e8                End
 .bss.Duty      0x008001ec        0x4 ./src/main.o
                0x008001ec                Duty
 .bss.ContOvf   0x008001f0        0x2 ./src/main.o
                0x008001f0                ContOvf
 .bss.Local_u8Cnt.1456
                0x008001f2        0x1 ./src/main.o
 .bss.Local_u8Cnt.1493
                0x008001f3        0x1 ./src/main.o
 .bss.Local_u8Counter.1542
                0x008001f4        0x1 ./src/main.o
 .bss.Local_u8Cnt.1579
                0x008001f5        0x1 ./src/main.o
 *(COMMON)
                0x008001f6                PROVIDE (__bss_end, .)
                0x00005d42                __data_load_start = LOADADDR (.data)
                0x00005e8c                __data_load_end = (__data_load_start + SIZEOF (.data))

.noinit         0x008001f6        0x0
                0x008001f6                PROVIDE (__noinit_start, .)
 *(.noinit*)
                0x008001f6                PROVIDE (__noinit_end, .)
                0x008001f6                _end = .
                0x008001f6                PROVIDE (__heap_start, .)

.eeprom         0x00810000        0x0
 *(.eeprom*)
                0x00810000                __eeprom_end = .

.fuse
 *(.fuse)
 *(.lfuse)
 *(.hfuse)
 *(.efuse)

.lock
 *(.lock*)

.signature
 *(.signature*)

.stab           0x00000000     0x61ec
 *(.stab)
 .stab          0x00000000      0x708 ./src/ADC_program.o
 .stab          0x00000708     0x10e0 ./src/CLCD_program.o
                               0x1164 (size before relaxing)
 .stab          0x000017e8      0x12c ./src/DAC_program.o
                                0x1b0 (size before relaxing)
 .stab          0x00001914      0x6a8 ./src/DIO_program.o
                                0x72c (size before relaxing)
 .stab          0x00001fbc      0x72c ./src/EXTI_program.o
                                0x7b0 (size before relaxing)
 .stab          0x000026e8      0x144 ./src/GIE_program.o
                                0x1c8 (size before relaxing)
 .stab          0x0000282c      0x27c ./src/KPD_program.o
                                0x48c (size before relaxing)
 .stab          0x00002aa8      0x330 ./src/LED_program.o
                                0x3b4 (size before relaxing)
 .stab          0x00002dd8      0x168 ./src/PORT_program.o
                                0x1ec (size before relaxing)
 .stab          0x00002f40      0x294 ./src/SERVO_program.o
                                0x318 (size before relaxing)
 .stab          0x000031d4      0x324 ./src/SSD_program.o
                                0x3a8 (size before relaxing)
 .stab          0x000034f8      0xde0 ./src/STEP_MOTOR_program.o
                                0xff0 (size before relaxing)
 .stab          0x000042d8      0x780 ./src/SW_program.o
                                0x990 (size before relaxing)
 .stab          0x00004a58      0xef4 ./src/TIMER_program.o
                                0xf90 (size before relaxing)
 .stab          0x0000594c      0x1ec ./src/WDT_program.o
                                0x270 (size before relaxing)
 .stab          0x00005b38      0x6b4 ./src/main.o
                                0x924 (size before relaxing)

.stabstr        0x00000000     0x21a8
 *(.stabstr)
 .stabstr       0x00000000     0x21a8 ./src/ADC_program.o

.stab.excl
 *(.stab.excl)

.stab.exclstr
 *(.stab.exclstr)

.stab.index
 *(.stab.index)

.stab.indexstr
 *(.stab.indexstr)

.comment
 *(.comment)

.debug
 *(.debug)

.line
 *(.line)

.debug_srcinfo
 *(.debug_srcinfo)

.debug_sfnames
 *(.debug_sfnames)

.debug_aranges  0x00000000      0x1a0
 *(.debug_aranges)
 .debug_aranges
                0x00000000       0x20 c:/embedded system/00 extra/00-tools/01-imt sdk/imt_sdk_win_64/winavr/bin/../lib/gcc/avr/4.3.3/avr5\libgcc.a(_fixunssfsi.o)
 .debug_aranges
                0x00000020       0x20 c:/embedded system/00 extra/00-tools/01-imt sdk/imt_sdk_win_64/winavr/bin/../lib/gcc/avr/4.3.3/avr5\libgcc.a(_addsub_sf.o)
 .debug_aranges
                0x00000040       0x20 c:/embedded system/00 extra/00-tools/01-imt sdk/imt_sdk_win_64/winavr/bin/../lib/gcc/avr/4.3.3/avr5\libgcc.a(_mul_sf.o)
 .debug_aranges
                0x00000060       0x20 c:/embedded system/00 extra/00-tools/01-imt sdk/imt_sdk_win_64/winavr/bin/../lib/gcc/avr/4.3.3/avr5\libgcc.a(_div_sf.o)
 .debug_aranges
                0x00000080       0x20 c:/embedded system/00 extra/00-tools/01-imt sdk/imt_sdk_win_64/winavr/bin/../lib/gcc/avr/4.3.3/avr5\libgcc.a(_gt_sf.o)
 .debug_aranges
                0x000000a0       0x20 c:/embedded system/00 extra/00-tools/01-imt sdk/imt_sdk_win_64/winavr/bin/../lib/gcc/avr/4.3.3/avr5\libgcc.a(_ge_sf.o)
 .debug_aranges
                0x000000c0       0x20 c:/embedded system/00 extra/00-tools/01-imt sdk/imt_sdk_win_64/winavr/bin/../lib/gcc/avr/4.3.3/avr5\libgcc.a(_lt_sf.o)
 .debug_aranges
                0x000000e0       0x20 c:/embedded system/00 extra/00-tools/01-imt sdk/imt_sdk_win_64/winavr/bin/../lib/gcc/avr/4.3.3/avr5\libgcc.a(_sf_to_si.o)
 .debug_aranges
                0x00000100       0x20 c:/embedded system/00 extra/00-tools/01-imt sdk/imt_sdk_win_64/winavr/bin/../lib/gcc/avr/4.3.3/avr5\libgcc.a(_usi_to_sf.o)
 .debug_aranges
                0x00000120       0x20 c:/embedded system/00 extra/00-tools/01-imt sdk/imt_sdk_win_64/winavr/bin/../lib/gcc/avr/4.3.3/avr5\libgcc.a(_clzsi2.o)
 .debug_aranges
                0x00000140       0x20 c:/embedded system/00 extra/00-tools/01-imt sdk/imt_sdk_win_64/winavr/bin/../lib/gcc/avr/4.3.3/avr5\libgcc.a(_pack_sf.o)
 .debug_aranges
                0x00000160       0x20 c:/embedded system/00 extra/00-tools/01-imt sdk/imt_sdk_win_64/winavr/bin/../lib/gcc/avr/4.3.3/avr5\libgcc.a(_unpack_sf.o)
 .debug_aranges
                0x00000180       0x20 c:/embedded system/00 extra/00-tools/01-imt sdk/imt_sdk_win_64/winavr/bin/../lib/gcc/avr/4.3.3/avr5\libgcc.a(_fpcmp_parts_sf.o)

.debug_pubnames
                0x00000000      0x1f2
 *(.debug_pubnames)
 .debug_pubnames
                0x00000000       0x23 c:/embedded system/00 extra/00-tools/01-imt sdk/imt_sdk_win_64/winavr/bin/../lib/gcc/avr/4.3.3/avr5\libgcc.a(_fixunssfsi.o)
 .debug_pubnames
                0x00000023       0x2c c:/embedded system/00 extra/00-tools/01-imt sdk/imt_sdk_win_64/winavr/bin/../lib/gcc/avr/4.3.3/avr5\libgcc.a(_addsub_sf.o)
 .debug_pubnames
                0x0000004f       0x1f c:/embedded system/00 extra/00-tools/01-imt sdk/imt_sdk_win_64/winavr/bin/../lib/gcc/avr/4.3.3/avr5\libgcc.a(_mul_sf.o)
 .debug_pubnames
                0x0000006e       0x1f c:/embedded system/00 extra/00-tools/01-imt sdk/imt_sdk_win_64/winavr/bin/../lib/gcc/avr/4.3.3/avr5\libgcc.a(_div_sf.o)
 .debug_pubnames
                0x0000008d       0x1e c:/embedded system/00 extra/00-tools/01-imt sdk/imt_sdk_win_64/winavr/bin/../lib/gcc/avr/4.3.3/avr5\libgcc.a(_gt_sf.o)
 .debug_pubnames
                0x000000ab       0x1e c:/embedded system/00 extra/00-tools/01-imt sdk/imt_sdk_win_64/winavr/bin/../lib/gcc/avr/4.3.3/avr5\libgcc.a(_ge_sf.o)
 .debug_pubnames
                0x000000c9       0x1e c:/embedded system/00 extra/00-tools/01-imt sdk/imt_sdk_win_64/winavr/bin/../lib/gcc/avr/4.3.3/avr5\libgcc.a(_lt_sf.o)
 .debug_pubnames
                0x000000e7       0x20 c:/embedded system/00 extra/00-tools/01-imt sdk/imt_sdk_win_64/winavr/bin/../lib/gcc/avr/4.3.3/avr5\libgcc.a(_sf_to_si.o)
 .debug_pubnames
                0x00000107       0x22 c:/embedded system/00 extra/00-tools/01-imt sdk/imt_sdk_win_64/winavr/bin/../lib/gcc/avr/4.3.3/avr5\libgcc.a(_thenan_sf.o)
 .debug_pubnames
                0x00000129       0x24 c:/embedded system/00 extra/00-tools/01-imt sdk/imt_sdk_win_64/winavr/bin/../lib/gcc/avr/4.3.3/avr5\libgcc.a(_usi_to_sf.o)
 .debug_pubnames
                0x0000014d       0x1f c:/embedded system/00 extra/00-tools/01-imt sdk/imt_sdk_win_64/winavr/bin/../lib/gcc/avr/4.3.3/avr5\libgcc.a(_clzsi2.o)
 .debug_pubnames
                0x0000016c       0x1f c:/embedded system/00 extra/00-tools/01-imt sdk/imt_sdk_win_64/winavr/bin/../lib/gcc/avr/4.3.3/avr5\libgcc.a(_pack_sf.o)
 .debug_pubnames
                0x0000018b       0x21 c:/embedded system/00 extra/00-tools/01-imt sdk/imt_sdk_win_64/winavr/bin/../lib/gcc/avr/4.3.3/avr5\libgcc.a(_unpack_sf.o)
 .debug_pubnames
                0x000001ac       0x26 c:/embedded system/00 extra/00-tools/01-imt sdk/imt_sdk_win_64/winavr/bin/../lib/gcc/avr/4.3.3/avr5\libgcc.a(_fpcmp_parts_sf.o)
 .debug_pubnames
                0x000001d2       0x20 c:/embedded system/00 extra/00-tools/01-imt sdk/imt_sdk_win_64/winavr/bin/../lib/gcc/avr/4.3.3/avr5\libgcc.a(_clz.o)

.debug_info     0x00000000     0x240b
 *(.debug_info)
 .debug_info    0x00000000       0xb1 c:/embedded system/00 extra/00-tools/01-imt sdk/imt_sdk_win_64/winavr/bin/../lib/gcc/avr/4.3.3/avr5\libgcc.a(_fixunssfsi.o)
 .debug_info    0x000000b1      0x47a c:/embedded system/00 extra/00-tools/01-imt sdk/imt_sdk_win_64/winavr/bin/../lib/gcc/avr/4.3.3/avr5\libgcc.a(_addsub_sf.o)
 .debug_info    0x0000052b      0x485 c:/embedded system/00 extra/00-tools/01-imt sdk/imt_sdk_win_64/winavr/bin/../lib/gcc/avr/4.3.3/avr5\libgcc.a(_mul_sf.o)
 .debug_info    0x000009b0      0x3fc c:/embedded system/00 extra/00-tools/01-imt sdk/imt_sdk_win_64/winavr/bin/../lib/gcc/avr/4.3.3/avr5\libgcc.a(_div_sf.o)
 .debug_info    0x00000dac      0x27f c:/embedded system/00 extra/00-tools/01-imt sdk/imt_sdk_win_64/winavr/bin/../lib/gcc/avr/4.3.3/avr5\libgcc.a(_gt_sf.o)
 .debug_info    0x0000102b      0x27f c:/embedded system/00 extra/00-tools/01-imt sdk/imt_sdk_win_64/winavr/bin/../lib/gcc/avr/4.3.3/avr5\libgcc.a(_ge_sf.o)
 .debug_info    0x000012aa      0x27f c:/embedded system/00 extra/00-tools/01-imt sdk/imt_sdk_win_64/winavr/bin/../lib/gcc/avr/4.3.3/avr5\libgcc.a(_lt_sf.o)
 .debug_info    0x00001529      0x2b0 c:/embedded system/00 extra/00-tools/01-imt sdk/imt_sdk_win_64/winavr/bin/../lib/gcc/avr/4.3.3/avr5\libgcc.a(_sf_to_si.o)
 .debug_info    0x000017d9      0x12c c:/embedded system/00 extra/00-tools/01-imt sdk/imt_sdk_win_64/winavr/bin/../lib/gcc/avr/4.3.3/avr5\libgcc.a(_thenan_sf.o)
 .debug_info    0x00001905      0x206 c:/embedded system/00 extra/00-tools/01-imt sdk/imt_sdk_win_64/winavr/bin/../lib/gcc/avr/4.3.3/avr5\libgcc.a(_usi_to_sf.o)
 .debug_info    0x00001b0b      0x117 c:/embedded system/00 extra/00-tools/01-imt sdk/imt_sdk_win_64/winavr/bin/../lib/gcc/avr/4.3.3/avr5\libgcc.a(_clzsi2.o)
 .debug_info    0x00001c22      0x2df c:/embedded system/00 extra/00-tools/01-imt sdk/imt_sdk_win_64/winavr/bin/../lib/gcc/avr/4.3.3/avr5\libgcc.a(_pack_sf.o)
 .debug_info    0x00001f01      0x251 c:/embedded system/00 extra/00-tools/01-imt sdk/imt_sdk_win_64/winavr/bin/../lib/gcc/avr/4.3.3/avr5\libgcc.a(_unpack_sf.o)
 .debug_info    0x00002152      0x210 c:/embedded system/00 extra/00-tools/01-imt sdk/imt_sdk_win_64/winavr/bin/../lib/gcc/avr/4.3.3/avr5\libgcc.a(_fpcmp_parts_sf.o)
 .debug_info    0x00002362       0xa9 c:/embedded system/00 extra/00-tools/01-imt sdk/imt_sdk_win_64/winavr/bin/../lib/gcc/avr/4.3.3/avr5\libgcc.a(_clz.o)
 *(.gnu.linkonce.wi.*)

.debug_abbrev   0x00000000     0x1386
 *(.debug_abbrev)
 .debug_abbrev  0x00000000       0x5d c:/embedded system/00 extra/00-tools/01-imt sdk/imt_sdk_win_64/winavr/bin/../lib/gcc/avr/4.3.3/avr5\libgcc.a(_fixunssfsi.o)
 .debug_abbrev  0x0000005d      0x1ea c:/embedded system/00 extra/00-tools/01-imt sdk/imt_sdk_win_64/winavr/bin/../lib/gcc/avr/4.3.3/avr5\libgcc.a(_addsub_sf.o)
 .debug_abbrev  0x00000247      0x21b c:/embedded system/00 extra/00-tools/01-imt sdk/imt_sdk_win_64/winavr/bin/../lib/gcc/avr/4.3.3/avr5\libgcc.a(_mul_sf.o)
 .debug_abbrev  0x00000462      0x216 c:/embedded system/00 extra/00-tools/01-imt sdk/imt_sdk_win_64/winavr/bin/../lib/gcc/avr/4.3.3/avr5\libgcc.a(_div_sf.o)
 .debug_abbrev  0x00000678      0x15a c:/embedded system/00 extra/00-tools/01-imt sdk/imt_sdk_win_64/winavr/bin/../lib/gcc/avr/4.3.3/avr5\libgcc.a(_gt_sf.o)
 .debug_abbrev  0x000007d2      0x15a c:/embedded system/00 extra/00-tools/01-imt sdk/imt_sdk_win_64/winavr/bin/../lib/gcc/avr/4.3.3/avr5\libgcc.a(_ge_sf.o)
 .debug_abbrev  0x0000092c      0x15a c:/embedded system/00 extra/00-tools/01-imt sdk/imt_sdk_win_64/winavr/bin/../lib/gcc/avr/4.3.3/avr5\libgcc.a(_lt_sf.o)
 .debug_abbrev  0x00000a86      0x17f c:/embedded system/00 extra/00-tools/01-imt sdk/imt_sdk_win_64/winavr/bin/../lib/gcc/avr/4.3.3/avr5\libgcc.a(_sf_to_si.o)
 .debug_abbrev  0x00000c05       0xad c:/embedded system/00 extra/00-tools/01-imt sdk/imt_sdk_win_64/winavr/bin/../lib/gcc/avr/4.3.3/avr5\libgcc.a(_thenan_sf.o)
 .debug_abbrev  0x00000cb2      0x157 c:/embedded system/00 extra/00-tools/01-imt sdk/imt_sdk_win_64/winavr/bin/../lib/gcc/avr/4.3.3/avr5\libgcc.a(_usi_to_sf.o)
 .debug_abbrev  0x00000e09       0xc4 c:/embedded system/00 extra/00-tools/01-imt sdk/imt_sdk_win_64/winavr/bin/../lib/gcc/avr/4.3.3/avr5\libgcc.a(_clzsi2.o)
 .debug_abbrev  0x00000ecd      0x1c0 c:/embedded system/00 extra/00-tools/01-imt sdk/imt_sdk_win_64/winavr/bin/../lib/gcc/avr/4.3.3/avr5\libgcc.a(_pack_sf.o)
 .debug_abbrev  0x0000108d      0x154 c:/embedded system/00 extra/00-tools/01-imt sdk/imt_sdk_win_64/winavr/bin/../lib/gcc/avr/4.3.3/avr5\libgcc.a(_unpack_sf.o)
 .debug_abbrev  0x000011e1      0x13b c:/embedded system/00 extra/00-tools/01-imt sdk/imt_sdk_win_64/winavr/bin/../lib/gcc/avr/4.3.3/avr5\libgcc.a(_fpcmp_parts_sf.o)
 .debug_abbrev  0x0000131c       0x6a c:/embedded system/00 extra/00-tools/01-imt sdk/imt_sdk_win_64/winavr/bin/../lib/gcc/avr/4.3.3/avr5\libgcc.a(_clz.o)

.debug_line     0x00000000     0x11d6
 *(.debug_line)
 .debug_line    0x00000000       0xa7 c:/embedded system/00 extra/00-tools/01-imt sdk/imt_sdk_win_64/winavr/bin/../lib/gcc/avr/4.3.3/avr5\libgcc.a(_fixunssfsi.o)
 .debug_line    0x000000a7      0x2af c:/embedded system/00 extra/00-tools/01-imt sdk/imt_sdk_win_64/winavr/bin/../lib/gcc/avr/4.3.3/avr5\libgcc.a(_addsub_sf.o)
 .debug_line    0x00000356      0x239 c:/embedded system/00 extra/00-tools/01-imt sdk/imt_sdk_win_64/winavr/bin/../lib/gcc/avr/4.3.3/avr5\libgcc.a(_mul_sf.o)
 .debug_line    0x0000058f      0x1d5 c:/embedded system/00 extra/00-tools/01-imt sdk/imt_sdk_win_64/winavr/bin/../lib/gcc/avr/4.3.3/avr5\libgcc.a(_div_sf.o)
 .debug_line    0x00000764       0xd3 c:/embedded system/00 extra/00-tools/01-imt sdk/imt_sdk_win_64/winavr/bin/../lib/gcc/avr/4.3.3/avr5\libgcc.a(_gt_sf.o)
 .debug_line    0x00000837       0xd3 c:/embedded system/00 extra/00-tools/01-imt sdk/imt_sdk_win_64/winavr/bin/../lib/gcc/avr/4.3.3/avr5\libgcc.a(_ge_sf.o)
 .debug_line    0x0000090a       0xd3 c:/embedded system/00 extra/00-tools/01-imt sdk/imt_sdk_win_64/winavr/bin/../lib/gcc/avr/4.3.3/avr5\libgcc.a(_lt_sf.o)
 .debug_line    0x000009dd      0x109 c:/embedded system/00 extra/00-tools/01-imt sdk/imt_sdk_win_64/winavr/bin/../lib/gcc/avr/4.3.3/avr5\libgcc.a(_sf_to_si.o)
 .debug_line    0x00000ae6       0x90 c:/embedded system/00 extra/00-tools/01-imt sdk/imt_sdk_win_64/winavr/bin/../lib/gcc/avr/4.3.3/avr5\libgcc.a(_thenan_sf.o)
 .debug_line    0x00000b76      0x133 c:/embedded system/00 extra/00-tools/01-imt sdk/imt_sdk_win_64/winavr/bin/../lib/gcc/avr/4.3.3/avr5\libgcc.a(_usi_to_sf.o)
 .debug_line    0x00000ca9       0xa5 c:/embedded system/00 extra/00-tools/01-imt sdk/imt_sdk_win_64/winavr/bin/../lib/gcc/avr/4.3.3/avr5\libgcc.a(_clzsi2.o)
 .debug_line    0x00000d4e      0x18a c:/embedded system/00 extra/00-tools/01-imt sdk/imt_sdk_win_64/winavr/bin/../lib/gcc/avr/4.3.3/avr5\libgcc.a(_pack_sf.o)
 .debug_line    0x00000ed8      0x14b c:/embedded system/00 extra/00-tools/01-imt sdk/imt_sdk_win_64/winavr/bin/../lib/gcc/avr/4.3.3/avr5\libgcc.a(_unpack_sf.o)
 .debug_line    0x00001023      0x137 c:/embedded system/00 extra/00-tools/01-imt sdk/imt_sdk_win_64/winavr/bin/../lib/gcc/avr/4.3.3/avr5\libgcc.a(_fpcmp_parts_sf.o)
 .debug_line    0x0000115a       0x7c c:/embedded system/00 extra/00-tools/01-imt sdk/imt_sdk_win_64/winavr/bin/../lib/gcc/avr/4.3.3/avr5\libgcc.a(_clz.o)

.debug_frame    0x00000000      0x1c0
 *(.debug_frame)
 .debug_frame   0x00000000       0x20 c:/embedded system/00 extra/00-tools/01-imt sdk/imt_sdk_win_64/winavr/bin/../lib/gcc/avr/4.3.3/avr5\libgcc.a(_fixunssfsi.o)
 .debug_frame   0x00000020       0x40 c:/embedded system/00 extra/00-tools/01-imt sdk/imt_sdk_win_64/winavr/bin/../lib/gcc/avr/4.3.3/avr5\libgcc.a(_addsub_sf.o)
 .debug_frame   0x00000060       0x20 c:/embedded system/00 extra/00-tools/01-imt sdk/imt_sdk_win_64/winavr/bin/../lib/gcc/avr/4.3.3/avr5\libgcc.a(_mul_sf.o)
 .debug_frame   0x00000080       0x20 c:/embedded system/00 extra/00-tools/01-imt sdk/imt_sdk_win_64/winavr/bin/../lib/gcc/avr/4.3.3/avr5\libgcc.a(_div_sf.o)
 .debug_frame   0x000000a0       0x20 c:/embedded system/00 extra/00-tools/01-imt sdk/imt_sdk_win_64/winavr/bin/../lib/gcc/avr/4.3.3/avr5\libgcc.a(_gt_sf.o)
 .debug_frame   0x000000c0       0x20 c:/embedded system/00 extra/00-tools/01-imt sdk/imt_sdk_win_64/winavr/bin/../lib/gcc/avr/4.3.3/avr5\libgcc.a(_ge_sf.o)
 .debug_frame   0x000000e0       0x20 c:/embedded system/00 extra/00-tools/01-imt sdk/imt_sdk_win_64/winavr/bin/../lib/gcc/avr/4.3.3/avr5\libgcc.a(_lt_sf.o)
 .debug_frame   0x00000100       0x20 c:/embedded system/00 extra/00-tools/01-imt sdk/imt_sdk_win_64/winavr/bin/../lib/gcc/avr/4.3.3/avr5\libgcc.a(_sf_to_si.o)
 .debug_frame   0x00000120       0x20 c:/embedded system/00 extra/00-tools/01-imt sdk/imt_sdk_win_64/winavr/bin/../lib/gcc/avr/4.3.3/avr5\libgcc.a(_usi_to_sf.o)
 .debug_frame   0x00000140       0x20 c:/embedded system/00 extra/00-tools/01-imt sdk/imt_sdk_win_64/winavr/bin/../lib/gcc/avr/4.3.3/avr5\libgcc.a(_clzsi2.o)
 .debug_frame   0x00000160       0x20 c:/embedded system/00 extra/00-tools/01-imt sdk/imt_sdk_win_64/winavr/bin/../lib/gcc/avr/4.3.3/avr5\libgcc.a(_pack_sf.o)
 .debug_frame   0x00000180       0x20 c:/embedded system/00 extra/00-tools/01-imt sdk/imt_sdk_win_64/winavr/bin/../lib/gcc/avr/4.3.3/avr5\libgcc.a(_unpack_sf.o)
 .debug_frame   0x000001a0       0x20 c:/embedded system/00 extra/00-tools/01-imt sdk/imt_sdk_win_64/winavr/bin/../lib/gcc/avr/4.3.3/avr5\libgcc.a(_fpcmp_parts_sf.o)

.debug_str      0x00000000      0x2f6
 *(.debug_str)
 .debug_str     0x00000000       0xbf c:/embedded system/00 extra/00-tools/01-imt sdk/imt_sdk_win_64/winavr/bin/../lib/gcc/avr/4.3.3/avr5\libgcc.a(_fixunssfsi.o)
                                 0xfe (size before relaxing)
 .debug_str     0x000000bf      0x14d c:/embedded system/00 extra/00-tools/01-imt sdk/imt_sdk_win_64/winavr/bin/../lib/gcc/avr/4.3.3/avr5\libgcc.a(_addsub_sf.o)
                                0x206 (size before relaxing)
 .debug_str     0x0000020c       0x27 c:/embedded system/00 extra/00-tools/01-imt sdk/imt_sdk_win_64/winavr/bin/../lib/gcc/avr/4.3.3/avr5\libgcc.a(_mul_sf.o)
                                0x1bf (size before relaxing)
 .debug_str     0x00000233       0x35 c:/embedded system/00 extra/00-tools/01-imt sdk/imt_sdk_win_64/winavr/bin/../lib/gcc/avr/4.3.3/avr5\libgcc.a(_div_sf.o)
                                0x1c8 (size before relaxing)
 .debug_str     0x00000268        0x8 c:/embedded system/00 extra/00-tools/01-imt sdk/imt_sdk_win_64/winavr/bin/../lib/gcc/avr/4.3.3/avr5\libgcc.a(_gt_sf.o)
                                0x195 (size before relaxing)
 .debug_str     0x00000270        0x8 c:/embedded system/00 extra/00-tools/01-imt sdk/imt_sdk_win_64/winavr/bin/../lib/gcc/avr/4.3.3/avr5\libgcc.a(_ge_sf.o)
                                0x195 (size before relaxing)
 .debug_str     0x00000278        0x8 c:/embedded system/00 extra/00-tools/01-imt sdk/imt_sdk_win_64/winavr/bin/../lib/gcc/avr/4.3.3/avr5\libgcc.a(_lt_sf.o)
                                0x195 (size before relaxing)
 .debug_str     0x00000280        0xa c:/embedded system/00 extra/00-tools/01-imt sdk/imt_sdk_win_64/winavr/bin/../lib/gcc/avr/4.3.3/avr5\libgcc.a(_sf_to_si.o)
                                0x19e (size before relaxing)
 .debug_str     0x00000000      0x103 c:/embedded system/00 extra/00-tools/01-imt sdk/imt_sdk_win_64/winavr/bin/../lib/gcc/avr/4.3.3/avr5\libgcc.a(_thenan_sf.o)
 .debug_str     0x0000028a       0x21 c:/embedded system/00 extra/00-tools/01-imt sdk/imt_sdk_win_64/winavr/bin/../lib/gcc/avr/4.3.3/avr5\libgcc.a(_usi_to_sf.o)
                                0x177 (size before relaxing)
 .debug_str     0x000002ab       0x20 c:/embedded system/00 extra/00-tools/01-imt sdk/imt_sdk_win_64/winavr/bin/../lib/gcc/avr/4.3.3/avr5\libgcc.a(_clzsi2.o)
                                0x111 (size before relaxing)
 .debug_str     0x000002cb       0x10 c:/embedded system/00 extra/00-tools/01-imt sdk/imt_sdk_win_64/winavr/bin/../lib/gcc/avr/4.3.3/avr5\libgcc.a(_pack_sf.o)
                                0x19d (size before relaxing)
 .debug_str     0x000002db        0xb c:/embedded system/00 extra/00-tools/01-imt sdk/imt_sdk_win_64/winavr/bin/../lib/gcc/avr/4.3.3/avr5\libgcc.a(_unpack_sf.o)
                                0x17f (size before relaxing)
 .debug_str     0x000002e6       0x10 c:/embedded system/00 extra/00-tools/01-imt sdk/imt_sdk_win_64/winavr/bin/../lib/gcc/avr/4.3.3/avr5\libgcc.a(_fpcmp_parts_sf.o)
                                0x163 (size before relaxing)
 .debug_str     0x00000000       0xf4 c:/embedded system/00 extra/00-tools/01-imt sdk/imt_sdk_win_64/winavr/bin/../lib/gcc/avr/4.3.3/avr5\libgcc.a(_clz.o)

.debug_loc      0x00000000      0x96e
 *(.debug_loc)
 .debug_loc     0x00000000       0x34 c:/embedded system/00 extra/00-tools/01-imt sdk/imt_sdk_win_64/winavr/bin/../lib/gcc/avr/4.3.3/avr5\libgcc.a(_fixunssfsi.o)
 .debug_loc     0x00000034      0x32a c:/embedded system/00 extra/00-tools/01-imt sdk/imt_sdk_win_64/winavr/bin/../lib/gcc/avr/4.3.3/avr5\libgcc.a(_addsub_sf.o)
 .debug_loc     0x0000035e      0x104 c:/embedded system/00 extra/00-tools/01-imt sdk/imt_sdk_win_64/winavr/bin/../lib/gcc/avr/4.3.3/avr5\libgcc.a(_mul_sf.o)
 .debug_loc     0x00000462       0xc0 c:/embedded system/00 extra/00-tools/01-imt sdk/imt_sdk_win_64/winavr/bin/../lib/gcc/avr/4.3.3/avr5\libgcc.a(_div_sf.o)
 .debug_loc     0x00000522       0x3c c:/embedded system/00 extra/00-tools/01-imt sdk/imt_sdk_win_64/winavr/bin/../lib/gcc/avr/4.3.3/avr5\libgcc.a(_gt_sf.o)
 .debug_loc     0x0000055e       0x3c c:/embedded system/00 extra/00-tools/01-imt sdk/imt_sdk_win_64/winavr/bin/../lib/gcc/avr/4.3.3/avr5\libgcc.a(_ge_sf.o)
 .debug_loc     0x0000059a       0x3c c:/embedded system/00 extra/00-tools/01-imt sdk/imt_sdk_win_64/winavr/bin/../lib/gcc/avr/4.3.3/avr5\libgcc.a(_lt_sf.o)
 .debug_loc     0x000005d6       0x7e c:/embedded system/00 extra/00-tools/01-imt sdk/imt_sdk_win_64/winavr/bin/../lib/gcc/avr/4.3.3/avr5\libgcc.a(_sf_to_si.o)
 .debug_loc     0x00000654       0x4c c:/embedded system/00 extra/00-tools/01-imt sdk/imt_sdk_win_64/winavr/bin/../lib/gcc/avr/4.3.3/avr5\libgcc.a(_usi_to_sf.o)
 .debug_loc     0x000006a0       0x94 c:/embedded system/00 extra/00-tools/01-imt sdk/imt_sdk_win_64/winavr/bin/../lib/gcc/avr/4.3.3/avr5\libgcc.a(_clzsi2.o)
 .debug_loc     0x00000734      0x13e c:/embedded system/00 extra/00-tools/01-imt sdk/imt_sdk_win_64/winavr/bin/../lib/gcc/avr/4.3.3/avr5\libgcc.a(_pack_sf.o)
 .debug_loc     0x00000872       0xac c:/embedded system/00 extra/00-tools/01-imt sdk/imt_sdk_win_64/winavr/bin/../lib/gcc/avr/4.3.3/avr5\libgcc.a(_unpack_sf.o)
 .debug_loc     0x0000091e       0x50 c:/embedded system/00 extra/00-tools/01-imt sdk/imt_sdk_win_64/winavr/bin/../lib/gcc/avr/4.3.3/avr5\libgcc.a(_fpcmp_parts_sf.o)

.debug_macinfo
 *(.debug_macinfo)
OUTPUT(TIMER5_test.elf elf32-avr)
LOAD linker stubs

.debug_ranges   0x00000000       0x50
 .debug_ranges  0x00000000       0x50 c:/embedded system/00 extra/00-tools/01-imt sdk/imt_sdk_win_64/winavr/bin/../lib/gcc/avr/4.3.3/avr5\libgcc.a(_mul_sf.o)
