Archive member included because of file (symbol)

c:/embedded system/00 extra/00-tools/01-imt sdk/imt_sdk_win_64/winavr/bin/../lib/gcc/avr/4.3.3/avr5\libgcc.a(_mulsi3.o)
                              ./src/DAC_program.o (__mulsi3)
c:/embedded system/00 extra/00-tools/01-imt sdk/imt_sdk_win_64/winavr/bin/../lib/gcc/avr/4.3.3/avr5\libgcc.a(_udivmodhi4.o)
                              ./src/CLCD_program.o (__udivmodhi4)
c:/embedded system/00 extra/00-tools/01-imt sdk/imt_sdk_win_64/winavr/bin/../lib/gcc/avr/4.3.3/avr5\libgcc.a(_udivmodsi4.o)
                              ./src/DAC_program.o (__udivmodsi4)
c:/embedded system/00 extra/00-tools/01-imt sdk/imt_sdk_win_64/winavr/bin/../lib/gcc/avr/4.3.3/avr5\libgcc.a(_exit.o)
                              c:/embedded system/00 extra/00-tools/01-imt sdk/imt_sdk_win_64/winavr/bin/../lib/gcc/avr/4.3.3/../../../../avr/lib/avr5/crtm32.o (exit)
c:/embedded system/00 extra/00-tools/01-imt sdk/imt_sdk_win_64/winavr/bin/../lib/gcc/avr/4.3.3/avr5\libgcc.a(_copy_data.o)
                              ./src/KPD_program.o (__do_copy_data)
c:/embedded system/00 extra/00-tools/01-imt sdk/imt_sdk_win_64/winavr/bin/../lib/gcc/avr/4.3.3/avr5\libgcc.a(_clear_bss.o)
                              ./src/ADC_program.o (__do_clear_bss)
c:/embedded system/00 extra/00-tools/01-imt sdk/imt_sdk_win_64/winavr/bin/../lib/gcc/avr/4.3.3/avr5\libgcc.a(_fixunssfsi.o)
                              ./src/CLCD_program.o (__fixunssfsi)
c:/embedded system/00 extra/00-tools/01-imt sdk/imt_sdk_win_64/winavr/bin/../lib/gcc/avr/4.3.3/avr5\libgcc.a(_addsub_sf.o)
                              c:/embedded system/00 extra/00-tools/01-imt sdk/imt_sdk_win_64/winavr/bin/../lib/gcc/avr/4.3.3/avr5\libgcc.a(_fixunssfsi.o) (__subsf3)
c:/embedded system/00 extra/00-tools/01-imt sdk/imt_sdk_win_64/winavr/bin/../lib/gcc/avr/4.3.3/avr5\libgcc.a(_mul_sf.o)
                              ./src/CLCD_program.o (__mulsf3)
c:/embedded system/00 extra/00-tools/01-imt sdk/imt_sdk_win_64/winavr/bin/../lib/gcc/avr/4.3.3/avr5\libgcc.a(_div_sf.o)
                              ./src/STEP_MOTOR_program.o (__divsf3)
c:/embedded system/00 extra/00-tools/01-imt sdk/imt_sdk_win_64/winavr/bin/../lib/gcc/avr/4.3.3/avr5\libgcc.a(_gt_sf.o)
                              ./src/CLCD_program.o (__gtsf2)
c:/embedded system/00 extra/00-tools/01-imt sdk/imt_sdk_win_64/winavr/bin/../lib/gcc/avr/4.3.3/avr5\libgcc.a(_ge_sf.o)
                              c:/embedded system/00 extra/00-tools/01-imt sdk/imt_sdk_win_64/winavr/bin/../lib/gcc/avr/4.3.3/avr5\libgcc.a(_fixunssfsi.o) (__gesf2)
c:/embedded system/00 extra/00-tools/01-imt sdk/imt_sdk_win_64/winavr/bin/../lib/gcc/avr/4.3.3/avr5\libgcc.a(_lt_sf.o)
                              ./src/CLCD_program.o (__ltsf2)
c:/embedded system/00 extra/00-tools/01-imt sdk/imt_sdk_win_64/winavr/bin/../lib/gcc/avr/4.3.3/avr5\libgcc.a(_sf_to_si.o)
                              c:/embedded system/00 extra/00-tools/01-imt sdk/imt_sdk_win_64/winavr/bin/../lib/gcc/avr/4.3.3/avr5\libgcc.a(_fixunssfsi.o) (__fixsfsi)
c:/embedded system/00 extra/00-tools/01-imt sdk/imt_sdk_win_64/winavr/bin/../lib/gcc/avr/4.3.3/avr5\libgcc.a(_thenan_sf.o)
                              c:/embedded system/00 extra/00-tools/01-imt sdk/imt_sdk_win_64/winavr/bin/../lib/gcc/avr/4.3.3/avr5\libgcc.a(_addsub_sf.o) (__thenan_sf)
c:/embedded system/00 extra/00-tools/01-imt sdk/imt_sdk_win_64/winavr/bin/../lib/gcc/avr/4.3.3/avr5\libgcc.a(_usi_to_sf.o)
                              ./src/STEP_MOTOR_program.o (__floatunsisf)
c:/embedded system/00 extra/00-tools/01-imt sdk/imt_sdk_win_64/winavr/bin/../lib/gcc/avr/4.3.3/avr5\libgcc.a(_prologue.o)
                              c:/embedded system/00 extra/00-tools/01-imt sdk/imt_sdk_win_64/winavr/bin/../lib/gcc/avr/4.3.3/avr5\libgcc.a(_addsub_sf.o) (__prologue_saves__)
c:/embedded system/00 extra/00-tools/01-imt sdk/imt_sdk_win_64/winavr/bin/../lib/gcc/avr/4.3.3/avr5\libgcc.a(_epilogue.o)
                              c:/embedded system/00 extra/00-tools/01-imt sdk/imt_sdk_win_64/winavr/bin/../lib/gcc/avr/4.3.3/avr5\libgcc.a(_addsub_sf.o) (__epilogue_restores__)
c:/embedded system/00 extra/00-tools/01-imt sdk/imt_sdk_win_64/winavr/bin/../lib/gcc/avr/4.3.3/avr5\libgcc.a(_clzsi2.o)
                              c:/embedded system/00 extra/00-tools/01-imt sdk/imt_sdk_win_64/winavr/bin/../lib/gcc/avr/4.3.3/avr5\libgcc.a(_usi_to_sf.o) (__clzsi2)
c:/embedded system/00 extra/00-tools/01-imt sdk/imt_sdk_win_64/winavr/bin/../lib/gcc/avr/4.3.3/avr5\libgcc.a(_pack_sf.o)
                              c:/embedded system/00 extra/00-tools/01-imt sdk/imt_sdk_win_64/winavr/bin/../lib/gcc/avr/4.3.3/avr5\libgcc.a(_addsub_sf.o) (__pack_f)
c:/embedded system/00 extra/00-tools/01-imt sdk/imt_sdk_win_64/winavr/bin/../lib/gcc/avr/4.3.3/avr5\libgcc.a(_unpack_sf.o)
                              c:/embedded system/00 extra/00-tools/01-imt sdk/imt_sdk_win_64/winavr/bin/../lib/gcc/avr/4.3.3/avr5\libgcc.a(_addsub_sf.o) (__unpack_f)
c:/embedded system/00 extra/00-tools/01-imt sdk/imt_sdk_win_64/winavr/bin/../lib/gcc/avr/4.3.3/avr5\libgcc.a(_fpcmp_parts_sf.o)
                              c:/embedded system/00 extra/00-tools/01-imt sdk/imt_sdk_win_64/winavr/bin/../lib/gcc/avr/4.3.3/avr5\libgcc.a(_gt_sf.o) (__fpcmp_parts_f)
c:/embedded system/00 extra/00-tools/01-imt sdk/imt_sdk_win_64/winavr/bin/../lib/gcc/avr/4.3.3/avr5\libgcc.a(_clz.o)
                              c:/embedded system/00 extra/00-tools/01-imt sdk/imt_sdk_win_64/winavr/bin/../lib/gcc/avr/4.3.3/avr5\libgcc.a(_clzsi2.o) (__clz_tab)

Memory Configuration

Name             Origin             Length             Attributes
text             0x00000000         0x00020000         xr
data             0x00800060         0x0000ffa0         rw !x
eeprom           0x00810000         0x00010000         rw !x
fuse             0x00820000         0x00000400         rw !x
lock             0x00830000         0x00000400         rw !x
signature        0x00840000         0x00000400         rw !x
*default*        0x00000000         0xffffffff

Linker script and memory map

LOAD c:/embedded system/00 extra/00-tools/01-imt sdk/imt_sdk_win_64/winavr/bin/../lib/gcc/avr/4.3.3/../../../../avr/lib/avr5/crtm32.o
LOAD ./src/ADC_program.o
LOAD ./src/CLCD_program.o
LOAD ./src/DAC_program.o
LOAD ./src/DIO_program.o
LOAD ./src/EXTI_program.o
LOAD ./src/GIE_program.o
LOAD ./src/KPD_program.o
LOAD ./src/LED_program.o
LOAD ./src/PORT_program.o
LOAD ./src/SERVO_program.o
LOAD ./src/SSD_program.o
LOAD ./src/STEP_MOTOR_program.o
LOAD ./src/SW_program.o
LOAD ./src/TIMER_program.o
LOAD ./src/main.o
LOAD c:/embedded system/00 extra/00-tools/01-imt sdk/imt_sdk_win_64/winavr/bin/../lib/gcc/avr/4.3.3/avr5\libgcc.a
LOAD c:/embedded system/00 extra/00-tools/01-imt sdk/imt_sdk_win_64/winavr/bin/../lib/gcc/avr/4.3.3/../../../../avr/lib/avr5\libc.a
LOAD c:/embedded system/00 extra/00-tools/01-imt sdk/imt_sdk_win_64/winavr/bin/../lib/gcc/avr/4.3.3/avr5\libgcc.a

.hash
 *(.hash)

.dynsym
 *(.dynsym)

.dynstr
 *(.dynstr)

.gnu.version
 *(.gnu.version)

.gnu.version_d
 *(.gnu.version_d)

.gnu.version_r
 *(.gnu.version_r)

.rel.init
 *(.rel.init)

.rela.init
 *(.rela.init)

.rel.text
 *(.rel.text)
 *(.rel.text.*)
 *(.rel.gnu.linkonce.t*)

.rela.text
 *(.rela.text)
 *(.rela.text.*)
 *(.rela.gnu.linkonce.t*)

.rel.fini
 *(.rel.fini)

.rela.fini
 *(.rela.fini)

.rel.rodata
 *(.rel.rodata)
 *(.rel.rodata.*)
 *(.rel.gnu.linkonce.r*)

.rela.rodata
 *(.rela.rodata)
 *(.rela.rodata.*)
 *(.rela.gnu.linkonce.r*)

.rel.data
 *(.rel.data)
 *(.rel.data.*)
 *(.rel.gnu.linkonce.d*)

.rela.data
 *(.rela.data)
 *(.rela.data.*)
 *(.rela.gnu.linkonce.d*)

.rel.ctors
 *(.rel.ctors)

.rela.ctors
 *(.rela.ctors)

.rel.dtors
 *(.rel.dtors)

.rela.dtors
 *(.rela.dtors)

.rel.got
 *(.rel.got)

.rela.got
 *(.rela.got)

.rel.bss
 *(.rel.bss)

.rela.bss
 *(.rela.bss)

.rel.plt
 *(.rel.plt)

.rela.plt
 *(.rela.plt)

.text           0x00000000     0x79ee
 *(.vectors)
 .vectors       0x00000000       0x54 c:/embedded system/00 extra/00-tools/01-imt sdk/imt_sdk_win_64/winavr/bin/../lib/gcc/avr/4.3.3/../../../../avr/lib/avr5/crtm32.o
                0x00000000                __vectors
                0x00000000                __vector_default
 *(.vectors)
 *(.progmem.gcc*)
 *(.progmem*)
                0x00000054                . = ALIGN (0x2)
                0x00000054                __trampolines_start = .
 *(.trampolines)
 .trampolines   0x00000054        0x0 linker stubs
 *(.trampolines*)
                0x00000054                __trampolines_end = .
 *(.jumptables)
 *(.jumptables*)
 *(.lowtext)
 *(.lowtext*)
                0x00000054                __ctors_start = .
 *(.ctors)
                0x00000054                __ctors_end = .
                0x00000054                __dtors_start = .
 *(.dtors)
                0x00000054                __dtors_end = .
 SORT(*)(.ctors)
 SORT(*)(.dtors)
 *(.init0)
 .init0         0x00000054        0x0 c:/embedded system/00 extra/00-tools/01-imt sdk/imt_sdk_win_64/winavr/bin/../lib/gcc/avr/4.3.3/../../../../avr/lib/avr5/crtm32.o
                0x00000054                __init
 *(.init0)
 *(.init1)
 *(.init1)
 *(.init2)
 .init2         0x00000054        0xc c:/embedded system/00 extra/00-tools/01-imt sdk/imt_sdk_win_64/winavr/bin/../lib/gcc/avr/4.3.3/../../../../avr/lib/avr5/crtm32.o
 *(.init2)
 *(.init3)
 *(.init3)
 *(.init4)
 .init4         0x00000060       0x16 c:/embedded system/00 extra/00-tools/01-imt sdk/imt_sdk_win_64/winavr/bin/../lib/gcc/avr/4.3.3/avr5\libgcc.a(_copy_data.o)
                0x00000060                __do_copy_data
 .init4         0x00000076       0x10 c:/embedded system/00 extra/00-tools/01-imt sdk/imt_sdk_win_64/winavr/bin/../lib/gcc/avr/4.3.3/avr5\libgcc.a(_clear_bss.o)
                0x00000076                __do_clear_bss
 *(.init4)
 *(.init5)
 *(.init5)
 *(.init6)
 *(.init6)
 *(.init7)
 *(.init7)
 *(.init8)
 *(.init8)
 *(.init9)
 .init9         0x00000086        0x8 c:/embedded system/00 extra/00-tools/01-imt sdk/imt_sdk_win_64/winavr/bin/../lib/gcc/avr/4.3.3/../../../../avr/lib/avr5/crtm32.o
 *(.init9)
 *(.text)
 .text          0x0000008e        0x4 c:/embedded system/00 extra/00-tools/01-imt sdk/imt_sdk_win_64/winavr/bin/../lib/gcc/avr/4.3.3/../../../../avr/lib/avr5/crtm32.o
                0x0000008e                __vector_12
                0x0000008e                __bad_interrupt
                0x0000008e                __vector_13
                0x0000008e                __vector_17
                0x0000008e                __vector_19
                0x0000008e                __vector_15
                0x0000008e                __vector_14
                0x0000008e                __vector_18
                0x0000008e                __vector_20
 .text          0x00000092        0x0 ./src/ADC_program.o
 .text          0x00000092        0x0 ./src/CLCD_program.o
 .text          0x00000092        0x0 ./src/DAC_program.o
 .text          0x00000092        0x0 ./src/DIO_program.o
 .text          0x00000092        0x0 ./src/EXTI_program.o
 .text          0x00000092        0x0 ./src/GIE_program.o
 .text          0x00000092        0x0 ./src/KPD_program.o
 .text          0x00000092        0x0 ./src/LED_program.o
 .text          0x00000092        0x0 ./src/PORT_program.o
 .text          0x00000092        0x0 ./src/SERVO_program.o
 .text          0x00000092        0x0 ./src/SSD_program.o
 .text          0x00000092        0x0 ./src/STEP_MOTOR_program.o
 .text          0x00000092        0x0 ./src/SW_program.o
 .text          0x00000092        0x0 ./src/TIMER_program.o
 .text          0x00000092        0x0 ./src/main.o
 .text          0x00000092        0x0 c:/embedded system/00 extra/00-tools/01-imt sdk/imt_sdk_win_64/winavr/bin/../lib/gcc/avr/4.3.3/avr5\libgcc.a(_mulsi3.o)
 .text          0x00000092        0x0 c:/embedded system/00 extra/00-tools/01-imt sdk/imt_sdk_win_64/winavr/bin/../lib/gcc/avr/4.3.3/avr5\libgcc.a(_udivmodhi4.o)
 .text          0x00000092        0x0 c:/embedded system/00 extra/00-tools/01-imt sdk/imt_sdk_win_64/winavr/bin/../lib/gcc/avr/4.3.3/avr5\libgcc.a(_udivmodsi4.o)
 .text          0x00000092        0x0 c:/embedded system/00 extra/00-tools/01-imt sdk/imt_sdk_win_64/winavr/bin/../lib/gcc/avr/4.3.3/avr5\libgcc.a(_exit.o)
 .text          0x00000092        0x0 c:/embedded system/00 extra/00-tools/01-imt sdk/imt_sdk_win_64/winavr/bin/../lib/gcc/avr/4.3.3/avr5\libgcc.a(_copy_data.o)
 .text          0x00000092        0x0 c:/embedded system/00 extra/00-tools/01-imt sdk/imt_sdk_win_64/winavr/bin/../lib/gcc/avr/4.3.3/avr5\libgcc.a(_clear_bss.o)
 .text          0x00000092       0x58 c:/embedded system/00 extra/00-tools/01-imt sdk/imt_sdk_win_64/winavr/bin/../lib/gcc/avr/4.3.3/avr5\libgcc.a(_fixunssfsi.o)
                0x00000092                __fixunssfsi
 .text          0x000000ea      0x354 c:/embedded system/00 extra/00-tools/01-imt sdk/imt_sdk_win_64/winavr/bin/../lib/gcc/avr/4.3.3/avr5\libgcc.a(_addsub_sf.o)
                0x00000382                __subsf3
                0x000003e4                __addsf3
 .text          0x0000043e      0x1f4 c:/embedded system/00 extra/00-tools/01-imt sdk/imt_sdk_win_64/winavr/bin/../lib/gcc/avr/4.3.3/avr5\libgcc.a(_mul_sf.o)
                0x0000043e                __mulsf3
 .text          0x00000632      0x158 c:/embedded system/00 extra/00-tools/01-imt sdk/imt_sdk_win_64/winavr/bin/../lib/gcc/avr/4.3.3/avr5\libgcc.a(_div_sf.o)
                0x00000632                __divsf3
 .text          0x0000078a       0x60 c:/embedded system/00 extra/00-tools/01-imt sdk/imt_sdk_win_64/winavr/bin/../lib/gcc/avr/4.3.3/avr5\libgcc.a(_gt_sf.o)
                0x0000078a                __gtsf2
 .text          0x000007ea       0x60 c:/embedded system/00 extra/00-tools/01-imt sdk/imt_sdk_win_64/winavr/bin/../lib/gcc/avr/4.3.3/avr5\libgcc.a(_ge_sf.o)
                0x000007ea                __gesf2
 .text          0x0000084a       0x60 c:/embedded system/00 extra/00-tools/01-imt sdk/imt_sdk_win_64/winavr/bin/../lib/gcc/avr/4.3.3/avr5\libgcc.a(_lt_sf.o)
                0x0000084a                __ltsf2
 .text          0x000008aa       0xa8 c:/embedded system/00 extra/00-tools/01-imt sdk/imt_sdk_win_64/winavr/bin/../lib/gcc/avr/4.3.3/avr5\libgcc.a(_sf_to_si.o)
                0x000008aa                __fixsfsi
 .text          0x00000952        0x0 c:/embedded system/00 extra/00-tools/01-imt sdk/imt_sdk_win_64/winavr/bin/../lib/gcc/avr/4.3.3/avr5\libgcc.a(_thenan_sf.o)
 .text          0x00000952       0xf2 c:/embedded system/00 extra/00-tools/01-imt sdk/imt_sdk_win_64/winavr/bin/../lib/gcc/avr/4.3.3/avr5\libgcc.a(_usi_to_sf.o)
                0x00000952                __floatunsisf
 .text          0x00000a44        0x0 c:/embedded system/00 extra/00-tools/01-imt sdk/imt_sdk_win_64/winavr/bin/../lib/gcc/avr/4.3.3/avr5\libgcc.a(_prologue.o)
 .text          0x00000a44        0x0 c:/embedded system/00 extra/00-tools/01-imt sdk/imt_sdk_win_64/winavr/bin/../lib/gcc/avr/4.3.3/avr5\libgcc.a(_epilogue.o)
 .text          0x00000a44       0x9e c:/embedded system/00 extra/00-tools/01-imt sdk/imt_sdk_win_64/winavr/bin/../lib/gcc/avr/4.3.3/avr5\libgcc.a(_clzsi2.o)
                0x00000a44                __clzsi2
 .text          0x00000ae2      0x1aa c:/embedded system/00 extra/00-tools/01-imt sdk/imt_sdk_win_64/winavr/bin/../lib/gcc/avr/4.3.3/avr5\libgcc.a(_pack_sf.o)
                0x00000ae2                __pack_f
 .text          0x00000c8c       0xf0 c:/embedded system/00 extra/00-tools/01-imt sdk/imt_sdk_win_64/winavr/bin/../lib/gcc/avr/4.3.3/avr5\libgcc.a(_unpack_sf.o)
                0x00000c8c                __unpack_f
 .text          0x00000d7c       0xb2 c:/embedded system/00 extra/00-tools/01-imt sdk/imt_sdk_win_64/winavr/bin/../lib/gcc/avr/4.3.3/avr5\libgcc.a(_fpcmp_parts_sf.o)
                0x00000d7c                __fpcmp_parts_f
 .text          0x00000e2e        0x0 c:/embedded system/00 extra/00-tools/01-imt sdk/imt_sdk_win_64/winavr/bin/../lib/gcc/avr/4.3.3/avr5\libgcc.a(_clz.o)
                0x00000e2e                . = ALIGN (0x2)
 *(.text.*)
 .text.ADC_voidInit
                0x00000e2e       0x70 ./src/ADC_program.o
                0x00000e2e                ADC_voidInit
 .text.ADC_u8StartSingleConvPoll
                0x00000e9e      0x122 ./src/ADC_program.o
                0x00000e9e                ADC_u8StartSingleConvPoll
 .text.ADC_u8StartSingleConvInt
                0x00000fc0       0xbc ./src/ADC_program.o
                0x00000fc0                ADC_u8StartSingleConvInt
 .text.ADC_u8StartChainConvAsynch
                0x0000107c      0x116 ./src/ADC_program.o
                0x0000107c                ADC_u8StartChainConvAsynch
 .text.__vector_16
                0x00001192      0x13e ./src/ADC_program.o
                0x00001192                __vector_16
 .text.CLCD_voidSendCommand
                0x000012d0      0x344 ./src/CLCD_program.o
                0x000012d0                CLCD_voidSendCommand
 .text.CLCD_Read_BF_AC
                0x00001614       0x6e ./src/CLCD_program.o
                0x00001614                CLCD_Read_BF_AC
 .text.CLCD_voidSendData
                0x00001682      0x340 ./src/CLCD_program.o
                0x00001682                CLCD_voidSendData
 .text.CLCD_voidInit
                0x000019c2      0x3e6 ./src/CLCD_program.o
                0x000019c2                CLCD_voidInit
 .text.CLCD_voidSendString
                0x00001da8       0x52 ./src/CLCD_program.o
                0x00001da8                CLCD_voidSendString
 .text.CLCD_voidGoToXY
                0x00001dfa       0x4a ./src/CLCD_program.o
                0x00001dfa                CLCD_voidGoToXY
 .text.CLCD_voidWriteSpecialCharacter
                0x00001e44       0x82 ./src/CLCD_program.o
                0x00001e44                CLCD_voidWriteSpecialCharacter
 .text.CLCD_voidWriteNumber
                0x00001ec6       0x6e ./src/CLCD_program.o
                0x00001ec6                CLCD_voidWriteNumber
 .text.Num_length
                0x00001f34       0x56 ./src/CLCD_program.o
 .text.Multi_N_10
                0x00001f8a       0x56 ./src/CLCD_program.o
 .text.DAC_voidSetAnalogValue
                0x00001fe0       0x5a ./src/DAC_program.o
                0x00001fe0                DAC_voidSetAnalogValue
 .text.DIO_u8SetPinValue
                0x0000203a      0x232 ./src/DIO_program.o
                0x0000203a                DIO_u8SetPinValue
 .text.DIO_u8SetPortValue
                0x0000226c       0x9c ./src/DIO_program.o
                0x0000226c                DIO_u8SetPortValue
 .text.DIO_u8GetPinValue
                0x00002308      0x136 ./src/DIO_program.o
                0x00002308                DIO_u8GetPinValue
 .text.DIO_u8TogglePinValue
                0x0000243e      0x116 ./src/DIO_program.o
                0x0000243e                DIO_u8TogglePinValue
 .text.DIO_u8SetLowNibbleValue
                0x00002554       0xf6 ./src/DIO_program.o
                0x00002554                DIO_u8SetLowNibbleValue
 .text.DIO_u8SetHighNibbleValue
                0x0000264a      0x140 ./src/DIO_program.o
                0x0000264a                DIO_u8SetHighNibbleValue
 .text.EXTI_voidInt0Init
                0x0000278a       0x38 ./src/EXTI_program.o
                0x0000278a                EXTI_voidInt0Init
 .text.EXTI_u8Int0CallBack
                0x000027c2       0x3a ./src/EXTI_program.o
                0x000027c2                EXTI_u8Int0CallBack
 .text.EXTI_voidInt0ChangeSence
                0x000027fc       0x44 ./src/EXTI_program.o
                0x000027fc                EXTI_voidInt0ChangeSence
 .text.EXTI_voidInt1Init
                0x00002840       0x38 ./src/EXTI_program.o
                0x00002840                EXTI_voidInt1Init
 .text.EXTI_u8Int1CallBack
                0x00002878       0x3a ./src/EXTI_program.o
                0x00002878                EXTI_u8Int1CallBack
 .text.EXTI_voidInt1ChangeSence
                0x000028b2       0x52 ./src/EXTI_program.o
                0x000028b2                EXTI_voidInt1ChangeSence
 .text.EXTI_voidInt2Init
                0x00002904       0x36 ./src/EXTI_program.o
                0x00002904                EXTI_voidInt2Init
 .text.EXTI_u8Int2CallBack
                0x0000293a       0x3a ./src/EXTI_program.o
                0x0000293a                EXTI_u8Int2CallBack
 .text.EXTI_voidInt2ChangeSence
                0x00002974       0x5c ./src/EXTI_program.o
                0x00002974                EXTI_voidInt2ChangeSence
 .text.__vector_1
                0x000029d0       0x5a ./src/EXTI_program.o
                0x000029d0                __vector_1
 .text.__vector_2
                0x00002a2a       0x5a ./src/EXTI_program.o
                0x00002a2a                __vector_2
 .text.__vector_3
                0x00002a84       0x5a ./src/EXTI_program.o
                0x00002a84                __vector_3
 .text.GIE_voidEnable
                0x00002ade       0x1c ./src/GIE_program.o
                0x00002ade                GIE_voidEnable
 .text.GIE_voidDisable
                0x00002afa       0x1c ./src/GIE_program.o
                0x00002afa                GIE_voidDisable
 .text.KPD_u8Key_pressed
                0x00002b16       0xf0 ./src/KPD_program.o
                0x00002b16                KPD_u8Key_pressed
 .text.LED_u8TurnOn
                0x00002c06       0x64 ./src/LED_program.o
                0x00002c06                LED_u8TurnOn
 .text.LED_u8TurnOff
                0x00002c6a       0x64 ./src/LED_program.o
                0x00002c6a                LED_u8TurnOff
 .text.LED_u8TogLed
                0x00002cce       0x84 ./src/LED_program.o
                0x00002cce                LED_u8TogLed
 .text.PORT_voidInit
                0x00002d52       0x4a ./src/PORT_program.o
                0x00002d52                PORT_voidInit
 .text.SERVO_voidInit
                0x00002d9c       0x76 ./src/SERVO_program.o
                0x00002d9c                SERVO_voidInit
 .text.SERVO_voidSetAngle
                0x00002e12       0xc0 ./src/SERVO_program.o
                0x00002e12                SERVO_voidSetAngle
 .text.Map      0x00002ed2       0xfa ./src/SERVO_program.o
 .text.SSD_u8SetNumber
                0x00002fcc       0x80 ./src/SSD_program.o
                0x00002fcc                SSD_u8SetNumber
 .text.SSD_u8Enable
                0x0000304c       0x68 ./src/SSD_program.o
                0x0000304c                SSD_u8Enable
 .text.SSD_u8Disable
                0x000030b4       0x68 ./src/SSD_program.o
                0x000030b4                SSD_u8Disable
 .text.STEP_MOTORu8StartFullMode
                0x0000311c      0x65e ./src/STEP_MOTOR_program.o
                0x0000311c                STEP_MOTORu8StartFullMode
 .text.STEP_MOTORu8StartHalfMode
                0x0000377a      0x764 ./src/STEP_MOTOR_program.o
                0x0000377a                STEP_MOTORu8StartHalfMode
 .text.STEP_MOTORvStop
                0x00003ede       0x46 ./src/STEP_MOTOR_program.o
                0x00003ede                STEP_MOTORvStop
 .text.RotateRightLowNibble
                0x00003f24       0x3a ./src/STEP_MOTOR_program.o
 .text.RotateLeftLowNibble
                0x00003f5e       0x40 ./src/STEP_MOTOR_program.o
 .text.SW_u8GetState
                0x00003f9e      0x34e ./src/SW_program.o
                0x00003f9e                SW_u8GetState
 .text.SW_u8GetState2
                0x000042ec      0x1f8 ./src/SW_program.o
                0x000042ec                SW_u8GetState2
 .text.TIMER_voidInit
                0x000044e4      0x40c ./src/TIMER_program.o
                0x000044e4                TIMER_voidInit
 .text.TIMER0_voidCompOutModeChange
                0x000048f0       0x4c ./src/TIMER_program.o
                0x000048f0                TIMER0_voidCompOutModeChange
 .text.TIMER0_voidSetPreloadValue
                0x0000493c       0x1c ./src/TIMER_program.o
                0x0000493c                TIMER0_voidSetPreloadValue
 .text.TIMER0_voidSetCompMatchValue
                0x00004958       0x1c ./src/TIMER_program.o
                0x00004958                TIMER0_voidSetCompMatchValue
 .text.TIMER0_u8SetCallBack
                0x00004974       0x84 ./src/TIMER_program.o
                0x00004974                TIMER0_u8SetCallBack
 .text.TIMER1_voidCompOutModeChange
                0x000049f8       0x4c ./src/TIMER_program.o
                0x000049f8                TIMER1_voidCompOutModeChange
 .text.TIMER1_voidSetICR
                0x00004a44       0x24 ./src/TIMER_program.o
                0x00004a44                TIMER1_voidSetICR
 .text.TIMER1_voidSetPreloadValue
                0x00004a68       0x24 ./src/TIMER_program.o
                0x00004a68                TIMER1_voidSetPreloadValue
 .text.TIMER1_voidSetChannelACompMatch
                0x00004a8c       0x24 ./src/TIMER_program.o
                0x00004a8c                TIMER1_voidSetChannelACompMatch
 .text.TIMER1_voidSetChannelBCompMatch
                0x00004ab0       0x24 ./src/TIMER_program.o
                0x00004ab0                TIMER1_voidSetChannelBCompMatch
 .text.TIMER1_u8SetCallBack
                0x00004ad4       0xfe ./src/TIMER_program.o
                0x00004ad4                TIMER1_u8SetCallBack
 .text.TIMER2_voidCompOutModeChange
                0x00004bd2       0x4c ./src/TIMER_program.o
                0x00004bd2                TIMER2_voidCompOutModeChange
 .text.TIMER2_voidSetPreloadValue
                0x00004c1e       0x1c ./src/TIMER_program.o
                0x00004c1e                TIMER2_voidSetPreloadValue
 .text.TIMER2_voidSetCompMatchValue
                0x00004c3a       0x1c ./src/TIMER_program.o
                0x00004c3a                TIMER2_voidSetCompMatchValue
 .text.TIMER2_u8SetCallBack
                0x00004c56       0x84 ./src/TIMER_program.o
                0x00004c56                TIMER2_u8SetCallBack
 .text.__vector_10
                0x00004cda       0x5a ./src/TIMER_program.o
                0x00004cda                __vector_10
 .text.__vector_11
                0x00004d34       0x5a ./src/TIMER_program.o
                0x00004d34                __vector_11
 .text.__vector_7
                0x00004d8e       0x5a ./src/TIMER_program.o
                0x00004d8e                __vector_7
 .text.__vector_8
                0x00004de8       0x5a ./src/TIMER_program.o
                0x00004de8                __vector_8
 .text.__vector_9
                0x00004e42       0x5a ./src/TIMER_program.o
                0x00004e42                __vector_9
 .text.__vector_6
                0x00004e9c       0x5a ./src/TIMER_program.o
                0x00004e9c                __vector_6
 .text.__vector_5
                0x00004ef6       0x5a ./src/TIMER_program.o
                0x00004ef6                __vector_5
 .text.__vector_4
                0x00004f50       0x5a ./src/TIMER_program.o
                0x00004f50                __vector_4
 .text.AppMap   0x00004faa       0xfa ./src/main.o
                0x00004faa                AppMap
 .text.main     0x000050a4     0x278c ./src/main.o
                0x000050a4                main
 .text.SwPWM    0x00007830       0xa2 ./src/main.o
                0x00007830                SwPWM
 .text.libgcc   0x000078d2       0x3e c:/embedded system/00 extra/00-tools/01-imt sdk/imt_sdk_win_64/winavr/bin/../lib/gcc/avr/4.3.3/avr5\libgcc.a(_mulsi3.o)
                0x000078d2                __mulsi3
 .text.libgcc   0x00007910       0x28 c:/embedded system/00 extra/00-tools/01-imt sdk/imt_sdk_win_64/winavr/bin/../lib/gcc/avr/4.3.3/avr5\libgcc.a(_udivmodhi4.o)
                0x00007910                __udivmodhi4
 .text.libgcc   0x00007938       0x44 c:/embedded system/00 extra/00-tools/01-imt sdk/imt_sdk_win_64/winavr/bin/../lib/gcc/avr/4.3.3/avr5\libgcc.a(_udivmodsi4.o)
                0x00007938                __udivmodsi4
 .text.libgcc   0x0000797c        0x0 c:/embedded system/00 extra/00-tools/01-imt sdk/imt_sdk_win_64/winavr/bin/../lib/gcc/avr/4.3.3/avr5\libgcc.a(_exit.o)
 .text.libgcc   0x0000797c        0x0 c:/embedded system/00 extra/00-tools/01-imt sdk/imt_sdk_win_64/winavr/bin/../lib/gcc/avr/4.3.3/avr5\libgcc.a(_copy_data.o)
 .text.libgcc   0x0000797c        0x0 c:/embedded system/00 extra/00-tools/01-imt sdk/imt_sdk_win_64/winavr/bin/../lib/gcc/avr/4.3.3/avr5\libgcc.a(_clear_bss.o)
 .text.libgcc   0x0000797c       0x38 c:/embedded system/00 extra/00-tools/01-imt sdk/imt_sdk_win_64/winavr/bin/../lib/gcc/avr/4.3.3/avr5\libgcc.a(_prologue.o)
                0x0000797c                __prologue_saves__
 .text.libgcc   0x000079b4       0x36 c:/embedded system/00 extra/00-tools/01-imt sdk/imt_sdk_win_64/winavr/bin/../lib/gcc/avr/4.3.3/avr5\libgcc.a(_epilogue.o)
                0x000079b4                __epilogue_restores__
                0x000079ea                . = ALIGN (0x2)
 *(.fini9)
 .fini9         0x000079ea        0x0 c:/embedded system/00 extra/00-tools/01-imt sdk/imt_sdk_win_64/winavr/bin/../lib/gcc/avr/4.3.3/avr5\libgcc.a(_exit.o)
                0x000079ea                exit
                0x000079ea                _exit
 *(.fini9)
 *(.fini8)
 *(.fini8)
 *(.fini7)
 *(.fini7)
 *(.fini6)
 *(.fini6)
 *(.fini5)
 *(.fini5)
 *(.fini4)
 *(.fini4)
 *(.fini3)
 *(.fini3)
 *(.fini2)
 *(.fini2)
 *(.fini1)
 *(.fini1)
 *(.fini0)
 .fini0         0x000079ea        0x4 c:/embedded system/00 extra/00-tools/01-imt sdk/imt_sdk_win_64/winavr/bin/../lib/gcc/avr/4.3.3/avr5\libgcc.a(_exit.o)
 *(.fini0)
                0x000079ee                _etext = .

.data           0x00800060      0x2a8 load address 0x000079ee
                0x00800060                PROVIDE (__data_start, .)
 *(.data)
 .data          0x00800060        0x0 c:/embedded system/00 extra/00-tools/01-imt sdk/imt_sdk_win_64/winavr/bin/../lib/gcc/avr/4.3.3/../../../../avr/lib/avr5/crtm32.o
 .data          0x00800060        0x0 ./src/ADC_program.o
 .data          0x00800060        0x0 ./src/CLCD_program.o
 .data          0x00800060        0x0 ./src/DAC_program.o
 .data          0x00800060        0x0 ./src/DIO_program.o
 .data          0x00800060        0x0 ./src/EXTI_program.o
 .data          0x00800060        0x0 ./src/GIE_program.o
 .data          0x00800060        0x0 ./src/KPD_program.o
 .data          0x00800060        0x0 ./src/LED_program.o
 .data          0x00800060        0x0 ./src/PORT_program.o
 .data          0x00800060        0x0 ./src/SERVO_program.o
 .data          0x00800060        0x0 ./src/SSD_program.o
 .data          0x00800060        0x0 ./src/STEP_MOTOR_program.o
 .data          0x00800060        0x0 ./src/SW_program.o
 .data          0x00800060        0x0 ./src/TIMER_program.o
 .data          0x00800060      0x167 ./src/main.o
 .data          0x008001c7        0x0 c:/embedded system/00 extra/00-tools/01-imt sdk/imt_sdk_win_64/winavr/bin/../lib/gcc/avr/4.3.3/avr5\libgcc.a(_mulsi3.o)
 .data          0x008001c7        0x0 c:/embedded system/00 extra/00-tools/01-imt sdk/imt_sdk_win_64/winavr/bin/../lib/gcc/avr/4.3.3/avr5\libgcc.a(_udivmodhi4.o)
 .data          0x008001c7        0x0 c:/embedded system/00 extra/00-tools/01-imt sdk/imt_sdk_win_64/winavr/bin/../lib/gcc/avr/4.3.3/avr5\libgcc.a(_udivmodsi4.o)
 .data          0x008001c7        0x0 c:/embedded system/00 extra/00-tools/01-imt sdk/imt_sdk_win_64/winavr/bin/../lib/gcc/avr/4.3.3/avr5\libgcc.a(_exit.o)
 .data          0x008001c7        0x0 c:/embedded system/00 extra/00-tools/01-imt sdk/imt_sdk_win_64/winavr/bin/../lib/gcc/avr/4.3.3/avr5\libgcc.a(_copy_data.o)
 .data          0x008001c7        0x0 c:/embedded system/00 extra/00-tools/01-imt sdk/imt_sdk_win_64/winavr/bin/../lib/gcc/avr/4.3.3/avr5\libgcc.a(_clear_bss.o)
 .data          0x008001c7        0x0 c:/embedded system/00 extra/00-tools/01-imt sdk/imt_sdk_win_64/winavr/bin/../lib/gcc/avr/4.3.3/avr5\libgcc.a(_fixunssfsi.o)
 .data          0x008001c7        0x0 c:/embedded system/00 extra/00-tools/01-imt sdk/imt_sdk_win_64/winavr/bin/../lib/gcc/avr/4.3.3/avr5\libgcc.a(_addsub_sf.o)
 .data          0x008001c7        0x0 c:/embedded system/00 extra/00-tools/01-imt sdk/imt_sdk_win_64/winavr/bin/../lib/gcc/avr/4.3.3/avr5\libgcc.a(_mul_sf.o)
 .data          0x008001c7        0x0 c:/embedded system/00 extra/00-tools/01-imt sdk/imt_sdk_win_64/winavr/bin/../lib/gcc/avr/4.3.3/avr5\libgcc.a(_div_sf.o)
 .data          0x008001c7        0x0 c:/embedded system/00 extra/00-tools/01-imt sdk/imt_sdk_win_64/winavr/bin/../lib/gcc/avr/4.3.3/avr5\libgcc.a(_gt_sf.o)
 .data          0x008001c7        0x0 c:/embedded system/00 extra/00-tools/01-imt sdk/imt_sdk_win_64/winavr/bin/../lib/gcc/avr/4.3.3/avr5\libgcc.a(_ge_sf.o)
 .data          0x008001c7        0x0 c:/embedded system/00 extra/00-tools/01-imt sdk/imt_sdk_win_64/winavr/bin/../lib/gcc/avr/4.3.3/avr5\libgcc.a(_lt_sf.o)
 .data          0x008001c7        0x0 c:/embedded system/00 extra/00-tools/01-imt sdk/imt_sdk_win_64/winavr/bin/../lib/gcc/avr/4.3.3/avr5\libgcc.a(_sf_to_si.o)
 .data          0x008001c7        0x8 c:/embedded system/00 extra/00-tools/01-imt sdk/imt_sdk_win_64/winavr/bin/../lib/gcc/avr/4.3.3/avr5\libgcc.a(_thenan_sf.o)
                0x008001c7                __thenan_sf
 .data          0x008001cf        0x0 c:/embedded system/00 extra/00-tools/01-imt sdk/imt_sdk_win_64/winavr/bin/../lib/gcc/avr/4.3.3/avr5\libgcc.a(_usi_to_sf.o)
 .data          0x008001cf        0x0 c:/embedded system/00 extra/00-tools/01-imt sdk/imt_sdk_win_64/winavr/bin/../lib/gcc/avr/4.3.3/avr5\libgcc.a(_prologue.o)
 .data          0x008001cf        0x0 c:/embedded system/00 extra/00-tools/01-imt sdk/imt_sdk_win_64/winavr/bin/../lib/gcc/avr/4.3.3/avr5\libgcc.a(_epilogue.o)
 .data          0x008001cf        0x0 c:/embedded system/00 extra/00-tools/01-imt sdk/imt_sdk_win_64/winavr/bin/../lib/gcc/avr/4.3.3/avr5\libgcc.a(_clzsi2.o)
 .data          0x008001cf        0x0 c:/embedded system/00 extra/00-tools/01-imt sdk/imt_sdk_win_64/winavr/bin/../lib/gcc/avr/4.3.3/avr5\libgcc.a(_pack_sf.o)
 .data          0x008001cf        0x0 c:/embedded system/00 extra/00-tools/01-imt sdk/imt_sdk_win_64/winavr/bin/../lib/gcc/avr/4.3.3/avr5\libgcc.a(_unpack_sf.o)
 .data          0x008001cf        0x0 c:/embedded system/00 extra/00-tools/01-imt sdk/imt_sdk_win_64/winavr/bin/../lib/gcc/avr/4.3.3/avr5\libgcc.a(_fpcmp_parts_sf.o)
 .data          0x008001cf      0x100 c:/embedded system/00 extra/00-tools/01-imt sdk/imt_sdk_win_64/winavr/bin/../lib/gcc/avr/4.3.3/avr5\libgcc.a(_clz.o)
                0x008001cf                __clz_tab
 *(.data*)
 .data.Local_u8KPD_Nums.1299
                0x008002cf       0x10 ./src/KPD_program.o
 .data.Local_u8KPD_COL_PINS.1298
                0x008002df        0x4 ./src/KPD_program.o
 .data.Local_u8KPD_ROW_PINS.1297
                0x008002e3        0x4 ./src/KPD_program.o
 .data.SSD_Arr.1237
                0x008002e7        0xa ./src/SSD_program.o
 .data.led1     0x008002f1        0x3 ./src/main.o
                0x008002f1                led1
 *(.rodata)
 *(.rodata*)
 .rodata.C.0.1251
                0x008002f4        0x5 ./src/SERVO_program.o
 .rodata.C.2.1487
                0x008002f9        0x5 ./src/main.o
 .rodata.C.1.1486
                0x008002fe        0x5 ./src/main.o
 .rodata.C.0.1485
                0x00800303        0x5 ./src/main.o
 *(.gnu.linkonce.d*)
                0x00800308                . = ALIGN (0x2)
                0x00800308                _edata = .
                0x00800308                PROVIDE (__data_end, .)

.bss            0x00800308       0x2d
                0x00800308                PROVIDE (__bss_start, .)
 *(.bss)
 .bss           0x00800308        0x0 c:/embedded system/00 extra/00-tools/01-imt sdk/imt_sdk_win_64/winavr/bin/../lib/gcc/avr/4.3.3/../../../../avr/lib/avr5/crtm32.o
 .bss           0x00800308        0x0 ./src/ADC_program.o
 .bss           0x00800308        0x0 ./src/CLCD_program.o
 .bss           0x00800308        0x0 ./src/DAC_program.o
 .bss           0x00800308        0x0 ./src/DIO_program.o
 .bss           0x00800308        0x0 ./src/EXTI_program.o
 .bss           0x00800308        0x0 ./src/GIE_program.o
 .bss           0x00800308        0x0 ./src/KPD_program.o
 .bss           0x00800308        0x0 ./src/LED_program.o
 .bss           0x00800308        0x0 ./src/PORT_program.o
 .bss           0x00800308        0x0 ./src/SERVO_program.o
 .bss           0x00800308        0x0 ./src/SSD_program.o
 .bss           0x00800308        0x0 ./src/STEP_MOTOR_program.o
 .bss           0x00800308        0x0 ./src/SW_program.o
 .bss           0x00800308        0x0 ./src/TIMER_program.o
 .bss           0x00800308        0x0 ./src/main.o
 .bss           0x00800308        0x0 c:/embedded system/00 extra/00-tools/01-imt sdk/imt_sdk_win_64/winavr/bin/../lib/gcc/avr/4.3.3/avr5\libgcc.a(_mulsi3.o)
 .bss           0x00800308        0x0 c:/embedded system/00 extra/00-tools/01-imt sdk/imt_sdk_win_64/winavr/bin/../lib/gcc/avr/4.3.3/avr5\libgcc.a(_udivmodhi4.o)
 .bss           0x00800308        0x0 c:/embedded system/00 extra/00-tools/01-imt sdk/imt_sdk_win_64/winavr/bin/../lib/gcc/avr/4.3.3/avr5\libgcc.a(_udivmodsi4.o)
 .bss           0x00800308        0x0 c:/embedded system/00 extra/00-tools/01-imt sdk/imt_sdk_win_64/winavr/bin/../lib/gcc/avr/4.3.3/avr5\libgcc.a(_exit.o)
 .bss           0x00800308        0x0 c:/embedded system/00 extra/00-tools/01-imt sdk/imt_sdk_win_64/winavr/bin/../lib/gcc/avr/4.3.3/avr5\libgcc.a(_copy_data.o)
 .bss           0x00800308        0x0 c:/embedded system/00 extra/00-tools/01-imt sdk/imt_sdk_win_64/winavr/bin/../lib/gcc/avr/4.3.3/avr5\libgcc.a(_clear_bss.o)
 .bss           0x00800308        0x0 c:/embedded system/00 extra/00-tools/01-imt sdk/imt_sdk_win_64/winavr/bin/../lib/gcc/avr/4.3.3/avr5\libgcc.a(_fixunssfsi.o)
 .bss           0x00800308        0x0 c:/embedded system/00 extra/00-tools/01-imt sdk/imt_sdk_win_64/winavr/bin/../lib/gcc/avr/4.3.3/avr5\libgcc.a(_addsub_sf.o)
 .bss           0x00800308        0x0 c:/embedded system/00 extra/00-tools/01-imt sdk/imt_sdk_win_64/winavr/bin/../lib/gcc/avr/4.3.3/avr5\libgcc.a(_mul_sf.o)
 .bss           0x00800308        0x0 c:/embedded system/00 extra/00-tools/01-imt sdk/imt_sdk_win_64/winavr/bin/../lib/gcc/avr/4.3.3/avr5\libgcc.a(_div_sf.o)
 .bss           0x00800308        0x0 c:/embedded system/00 extra/00-tools/01-imt sdk/imt_sdk_win_64/winavr/bin/../lib/gcc/avr/4.3.3/avr5\libgcc.a(_gt_sf.o)
 .bss           0x00800308        0x0 c:/embedded system/00 extra/00-tools/01-imt sdk/imt_sdk_win_64/winavr/bin/../lib/gcc/avr/4.3.3/avr5\libgcc.a(_ge_sf.o)
 .bss           0x00800308        0x0 c:/embedded system/00 extra/00-tools/01-imt sdk/imt_sdk_win_64/winavr/bin/../lib/gcc/avr/4.3.3/avr5\libgcc.a(_lt_sf.o)
 .bss           0x00800308        0x0 c:/embedded system/00 extra/00-tools/01-imt sdk/imt_sdk_win_64/winavr/bin/../lib/gcc/avr/4.3.3/avr5\libgcc.a(_sf_to_si.o)
 .bss           0x00800308        0x0 c:/embedded system/00 extra/00-tools/01-imt sdk/imt_sdk_win_64/winavr/bin/../lib/gcc/avr/4.3.3/avr5\libgcc.a(_thenan_sf.o)
 .bss           0x00800308        0x0 c:/embedded system/00 extra/00-tools/01-imt sdk/imt_sdk_win_64/winavr/bin/../lib/gcc/avr/4.3.3/avr5\libgcc.a(_usi_to_sf.o)
 .bss           0x00800308        0x0 c:/embedded system/00 extra/00-tools/01-imt sdk/imt_sdk_win_64/winavr/bin/../lib/gcc/avr/4.3.3/avr5\libgcc.a(_prologue.o)
 .bss           0x00800308        0x0 c:/embedded system/00 extra/00-tools/01-imt sdk/imt_sdk_win_64/winavr/bin/../lib/gcc/avr/4.3.3/avr5\libgcc.a(_epilogue.o)
 .bss           0x00800308        0x0 c:/embedded system/00 extra/00-tools/01-imt sdk/imt_sdk_win_64/winavr/bin/../lib/gcc/avr/4.3.3/avr5\libgcc.a(_clzsi2.o)
 .bss           0x00800308        0x0 c:/embedded system/00 extra/00-tools/01-imt sdk/imt_sdk_win_64/winavr/bin/../lib/gcc/avr/4.3.3/avr5\libgcc.a(_pack_sf.o)
 .bss           0x00800308        0x0 c:/embedded system/00 extra/00-tools/01-imt sdk/imt_sdk_win_64/winavr/bin/../lib/gcc/avr/4.3.3/avr5\libgcc.a(_unpack_sf.o)
 .bss           0x00800308        0x0 c:/embedded system/00 extra/00-tools/01-imt sdk/imt_sdk_win_64/winavr/bin/../lib/gcc/avr/4.3.3/avr5\libgcc.a(_fpcmp_parts_sf.o)
 .bss           0x00800308        0x0 c:/embedded system/00 extra/00-tools/01-imt sdk/imt_sdk_win_64/winavr/bin/../lib/gcc/avr/4.3.3/avr5\libgcc.a(_clz.o)
 *(.bss*)
 .bss.Global_u8BusyFlag
                0x00800308        0x1 ./src/ADC_program.o
 .bss.Global_vCallBackFunc
                0x00800309        0x2 ./src/ADC_program.o
 .bss.Global_pu8Read
                0x0080030b        0x2 ./src/ADC_program.o
 .bss.ADC_u8DirectionOfConvFunc
                0x0080030d        0x1 ./src/ADC_program.o
 .bss.ADC_u8ChainIndex
                0x0080030e        0x1 ./src/ADC_program.o
 .bss.ADC_pu8ChannelNum
                0x0080030f        0x2 ./src/ADC_program.o
 .bss.Global_vChainCallBackFunc
                0x00800311        0x2 ./src/ADC_program.o
 .bss.ADC_pu16ChannelReading
                0x00800313        0x2 ./src/ADC_program.o
 .bss.ADC_u8ChannelSize
                0x00800315        0x1 ./src/ADC_program.o
 .bss.iniIsFinich
                0x00800316        0x1 ./src/CLCD_program.o
 .bss.EXTI_voidCallBack
                0x00800317        0x6 ./src/EXTI_program.o
 .bss.Local_u8State.1270
                0x0080031d        0x1 ./src/LED_program.o
 .bss.Local_u8SwState.1308
                0x0080031e        0x1 ./src/SW_program.o
 .bss.Local_u8SwState.1396
                0x0080031f        0x1 ./src/SW_program.o
 .bss.pressed.1395
                0x00800320        0x1 ./src/SW_program.o
 .bss.released_conf_level.1394
                0x00800321        0x1 ./src/SW_program.o
 .bss.pressed_conf_level.1393
                0x00800322        0x1 ./src/SW_program.o
 .bss.TIMER_pvCallBackFunc
                0x00800323       0x10 ./src/TIMER_program.o
 .bss.Local_u16Counter.1782
                0x00800333        0x2 ./src/main.o
 *(COMMON)
                0x00800335                PROVIDE (__bss_end, .)
                0x000079ee                __data_load_start = LOADADDR (.data)
                0x00007c96                __data_load_end = (__data_load_start + SIZEOF (.data))

.noinit         0x00800335        0x0
                0x00800335                PROVIDE (__noinit_start, .)
 *(.noinit*)
                0x00800335                PROVIDE (__noinit_end, .)
                0x00800335                _end = .
                0x00800335                PROVIDE (__heap_start, .)

.eeprom         0x00810000        0x0
 *(.eeprom*)
                0x00810000                __eeprom_end = .

.fuse
 *(.fuse)
 *(.lfuse)
 *(.hfuse)
 *(.efuse)

.lock
 *(.lock*)

.signature
 *(.signature*)

.stab           0x00000000     0x6f78
 *(.stab)
 .stab          0x00000000      0x708 ./src/ADC_program.o
 .stab          0x00000708     0x10e0 ./src/CLCD_program.o
                               0x1164 (size before relaxing)
 .stab          0x000017e8      0x12c ./src/DAC_program.o
                                0x1b0 (size before relaxing)
 .stab          0x00001914      0x6a8 ./src/DIO_program.o
                                0x72c (size before relaxing)
 .stab          0x00001fbc      0x5dc ./src/EXTI_program.o
                                0x660 (size before relaxing)
 .stab          0x00002598      0x144 ./src/GIE_program.o
                                0x1c8 (size before relaxing)
 .stab          0x000026dc      0x27c ./src/KPD_program.o
                                0x48c (size before relaxing)
 .stab          0x00002958      0x330 ./src/LED_program.o
                                0x3b4 (size before relaxing)
 .stab          0x00002c88      0x168 ./src/PORT_program.o
                                0x1ec (size before relaxing)
 .stab          0x00002df0      0x294 ./src/SERVO_program.o
                                0x318 (size before relaxing)
 .stab          0x00003084      0x324 ./src/SSD_program.o
                                0x3a8 (size before relaxing)
 .stab          0x000033a8      0xde0 ./src/STEP_MOTOR_program.o
                                0xff0 (size before relaxing)
 .stab          0x00004188      0x780 ./src/SW_program.o
                                0x990 (size before relaxing)
 .stab          0x00004908      0x93c ./src/TIMER_program.o
                                0x9d8 (size before relaxing)
 .stab          0x00005244     0x1d34 ./src/main.o
                               0x1fa4 (size before relaxing)

.stabstr        0x00000000     0x1f3a
 *(.stabstr)
 .stabstr       0x00000000     0x1f3a ./src/ADC_program.o

.stab.excl
 *(.stab.excl)

.stab.exclstr
 *(.stab.exclstr)

.stab.index
 *(.stab.index)

.stab.indexstr
 *(.stab.indexstr)

.comment
 *(.comment)

.debug
 *(.debug)

.line
 *(.line)

.debug_srcinfo
 *(.debug_srcinfo)

.debug_sfnames
 *(.debug_sfnames)

.debug_aranges  0x00000000      0x1a0
 *(.debug_aranges)
 .debug_aranges
                0x00000000       0x20 c:/embedded system/00 extra/00-tools/01-imt sdk/imt_sdk_win_64/winavr/bin/../lib/gcc/avr/4.3.3/avr5\libgcc.a(_fixunssfsi.o)
 .debug_aranges
                0x00000020       0x20 c:/embedded system/00 extra/00-tools/01-imt sdk/imt_sdk_win_64/winavr/bin/../lib/gcc/avr/4.3.3/avr5\libgcc.a(_addsub_sf.o)
 .debug_aranges
                0x00000040       0x20 c:/embedded system/00 extra/00-tools/01-imt sdk/imt_sdk_win_64/winavr/bin/../lib/gcc/avr/4.3.3/avr5\libgcc.a(_mul_sf.o)
 .debug_aranges
                0x00000060       0x20 c:/embedded system/00 extra/00-tools/01-imt sdk/imt_sdk_win_64/winavr/bin/../lib/gcc/avr/4.3.3/avr5\libgcc.a(_div_sf.o)
 .debug_aranges
                0x00000080       0x20 c:/embedded system/00 extra/00-tools/01-imt sdk/imt_sdk_win_64/winavr/bin/../lib/gcc/avr/4.3.3/avr5\libgcc.a(_gt_sf.o)
 .debug_aranges
                0x000000a0       0x20 c:/embedded system/00 extra/00-tools/01-imt sdk/imt_sdk_win_64/winavr/bin/../lib/gcc/avr/4.3.3/avr5\libgcc.a(_ge_sf.o)
 .debug_aranges
                0x000000c0       0x20 c:/embedded system/00 extra/00-tools/01-imt sdk/imt_sdk_win_64/winavr/bin/../lib/gcc/avr/4.3.3/avr5\libgcc.a(_lt_sf.o)
 .debug_aranges
                0x000000e0       0x20 c:/embedded system/00 extra/00-tools/01-imt sdk/imt_sdk_win_64/winavr/bin/../lib/gcc/avr/4.3.3/avr5\libgcc.a(_sf_to_si.o)
 .debug_aranges
                0x00000100       0x20 c:/embedded system/00 extra/00-tools/01-imt sdk/imt_sdk_win_64/winavr/bin/../lib/gcc/avr/4.3.3/avr5\libgcc.a(_usi_to_sf.o)
 .debug_aranges
                0x00000120       0x20 c:/embedded system/00 extra/00-tools/01-imt sdk/imt_sdk_win_64/winavr/bin/../lib/gcc/avr/4.3.3/avr5\libgcc.a(_clzsi2.o)
 .debug_aranges
                0x00000140       0x20 c:/embedded system/00 extra/00-tools/01-imt sdk/imt_sdk_win_64/winavr/bin/../lib/gcc/avr/4.3.3/avr5\libgcc.a(_pack_sf.o)
 .debug_aranges
                0x00000160       0x20 c:/embedded system/00 extra/00-tools/01-imt sdk/imt_sdk_win_64/winavr/bin/../lib/gcc/avr/4.3.3/avr5\libgcc.a(_unpack_sf.o)
 .debug_aranges
                0x00000180       0x20 c:/embedded system/00 extra/00-tools/01-imt sdk/imt_sdk_win_64/winavr/bin/../lib/gcc/avr/4.3.3/avr5\libgcc.a(_fpcmp_parts_sf.o)

.debug_pubnames
                0x00000000      0x1f2
 *(.debug_pubnames)
 .debug_pubnames
                0x00000000       0x23 c:/embedded system/00 extra/00-tools/01-imt sdk/imt_sdk_win_64/winavr/bin/../lib/gcc/avr/4.3.3/avr5\libgcc.a(_fixunssfsi.o)
 .debug_pubnames
                0x00000023       0x2c c:/embedded system/00 extra/00-tools/01-imt sdk/imt_sdk_win_64/winavr/bin/../lib/gcc/avr/4.3.3/avr5\libgcc.a(_addsub_sf.o)
 .debug_pubnames
                0x0000004f       0x1f c:/embedded system/00 extra/00-tools/01-imt sdk/imt_sdk_win_64/winavr/bin/../lib/gcc/avr/4.3.3/avr5\libgcc.a(_mul_sf.o)
 .debug_pubnames
                0x0000006e       0x1f c:/embedded system/00 extra/00-tools/01-imt sdk/imt_sdk_win_64/winavr/bin/../lib/gcc/avr/4.3.3/avr5\libgcc.a(_div_sf.o)
 .debug_pubnames
                0x0000008d       0x1e c:/embedded system/00 extra/00-tools/01-imt sdk/imt_sdk_win_64/winavr/bin/../lib/gcc/avr/4.3.3/avr5\libgcc.a(_gt_sf.o)
 .debug_pubnames
                0x000000ab       0x1e c:/embedded system/00 extra/00-tools/01-imt sdk/imt_sdk_win_64/winavr/bin/../lib/gcc/avr/4.3.3/avr5\libgcc.a(_ge_sf.o)
 .debug_pubnames
                0x000000c9       0x1e c:/embedded system/00 extra/00-tools/01-imt sdk/imt_sdk_win_64/winavr/bin/../lib/gcc/avr/4.3.3/avr5\libgcc.a(_lt_sf.o)
 .debug_pubnames
                0x000000e7       0x20 c:/embedded system/00 extra/00-tools/01-imt sdk/imt_sdk_win_64/winavr/bin/../lib/gcc/avr/4.3.3/avr5\libgcc.a(_sf_to_si.o)
 .debug_pubnames
                0x00000107       0x22 c:/embedded system/00 extra/00-tools/01-imt sdk/imt_sdk_win_64/winavr/bin/../lib/gcc/avr/4.3.3/avr5\libgcc.a(_thenan_sf.o)
 .debug_pubnames
                0x00000129       0x24 c:/embedded system/00 extra/00-tools/01-imt sdk/imt_sdk_win_64/winavr/bin/../lib/gcc/avr/4.3.3/avr5\libgcc.a(_usi_to_sf.o)
 .debug_pubnames
                0x0000014d       0x1f c:/embedded system/00 extra/00-tools/01-imt sdk/imt_sdk_win_64/winavr/bin/../lib/gcc/avr/4.3.3/avr5\libgcc.a(_clzsi2.o)
 .debug_pubnames
                0x0000016c       0x1f c:/embedded system/00 extra/00-tools/01-imt sdk/imt_sdk_win_64/winavr/bin/../lib/gcc/avr/4.3.3/avr5\libgcc.a(_pack_sf.o)
 .debug_pubnames
                0x0000018b       0x21 c:/embedded system/00 extra/00-tools/01-imt sdk/imt_sdk_win_64/winavr/bin/../lib/gcc/avr/4.3.3/avr5\libgcc.a(_unpack_sf.o)
 .debug_pubnames
                0x000001ac       0x26 c:/embedded system/00 extra/00-tools/01-imt sdk/imt_sdk_win_64/winavr/bin/../lib/gcc/avr/4.3.3/avr5\libgcc.a(_fpcmp_parts_sf.o)
 .debug_pubnames
                0x000001d2       0x20 c:/embedded system/00 extra/00-tools/01-imt sdk/imt_sdk_win_64/winavr/bin/../lib/gcc/avr/4.3.3/avr5\libgcc.a(_clz.o)

.debug_info     0x00000000     0x240b
 *(.debug_info)
 .debug_info    0x00000000       0xb1 c:/embedded system/00 extra/00-tools/01-imt sdk/imt_sdk_win_64/winavr/bin/../lib/gcc/avr/4.3.3/avr5\libgcc.a(_fixunssfsi.o)
 .debug_info    0x000000b1      0x47a c:/embedded system/00 extra/00-tools/01-imt sdk/imt_sdk_win_64/winavr/bin/../lib/gcc/avr/4.3.3/avr5\libgcc.a(_addsub_sf.o)
 .debug_info    0x0000052b      0x485 c:/embedded system/00 extra/00-tools/01-imt sdk/imt_sdk_win_64/winavr/bin/../lib/gcc/avr/4.3.3/avr5\libgcc.a(_mul_sf.o)
 .debug_info    0x000009b0      0x3fc c:/embedded system/00 extra/00-tools/01-imt sdk/imt_sdk_win_64/winavr/bin/../lib/gcc/avr/4.3.3/avr5\libgcc.a(_div_sf.o)
 .debug_info    0x00000dac      0x27f c:/embedded system/00 extra/00-tools/01-imt sdk/imt_sdk_win_64/winavr/bin/../lib/gcc/avr/4.3.3/avr5\libgcc.a(_gt_sf.o)
 .debug_info    0x0000102b      0x27f c:/embedded system/00 extra/00-tools/01-imt sdk/imt_sdk_win_64/winavr/bin/../lib/gcc/avr/4.3.3/avr5\libgcc.a(_ge_sf.o)
 .debug_info    0x000012aa      0x27f c:/embedded system/00 extra/00-tools/01-imt sdk/imt_sdk_win_64/winavr/bin/../lib/gcc/avr/4.3.3/avr5\libgcc.a(_lt_sf.o)
 .debug_info    0x00001529      0x2b0 c:/embedded system/00 extra/00-tools/01-imt sdk/imt_sdk_win_64/winavr/bin/../lib/gcc/avr/4.3.3/avr5\libgcc.a(_sf_to_si.o)
 .debug_info    0x000017d9      0x12c c:/embedded system/00 extra/00-tools/01-imt sdk/imt_sdk_win_64/winavr/bin/../lib/gcc/avr/4.3.3/avr5\libgcc.a(_thenan_sf.o)
 .debug_info    0x00001905      0x206 c:/embedded system/00 extra/00-tools/01-imt sdk/imt_sdk_win_64/winavr/bin/../lib/gcc/avr/4.3.3/avr5\libgcc.a(_usi_to_sf.o)
 .debug_info    0x00001b0b      0x117 c:/embedded system/00 extra/00-tools/01-imt sdk/imt_sdk_win_64/winavr/bin/../lib/gcc/avr/4.3.3/avr5\libgcc.a(_clzsi2.o)
 .debug_info    0x00001c22      0x2df c:/embedded system/00 extra/00-tools/01-imt sdk/imt_sdk_win_64/winavr/bin/../lib/gcc/avr/4.3.3/avr5\libgcc.a(_pack_sf.o)
 .debug_info    0x00001f01      0x251 c:/embedded system/00 extra/00-tools/01-imt sdk/imt_sdk_win_64/winavr/bin/../lib/gcc/avr/4.3.3/avr5\libgcc.a(_unpack_sf.o)
 .debug_info    0x00002152      0x210 c:/embedded system/00 extra/00-tools/01-imt sdk/imt_sdk_win_64/winavr/bin/../lib/gcc/avr/4.3.3/avr5\libgcc.a(_fpcmp_parts_sf.o)
 .debug_info    0x00002362       0xa9 c:/embedded system/00 extra/00-tools/01-imt sdk/imt_sdk_win_64/winavr/bin/../lib/gcc/avr/4.3.3/avr5\libgcc.a(_clz.o)
 *(.gnu.linkonce.wi.*)

.debug_abbrev   0x00000000     0x1386
 *(.debug_abbrev)
 .debug_abbrev  0x00000000       0x5d c:/embedded system/00 extra/00-tools/01-imt sdk/imt_sdk_win_64/winavr/bin/../lib/gcc/avr/4.3.3/avr5\libgcc.a(_fixunssfsi.o)
 .debug_abbrev  0x0000005d      0x1ea c:/embedded system/00 extra/00-tools/01-imt sdk/imt_sdk_win_64/winavr/bin/../lib/gcc/avr/4.3.3/avr5\libgcc.a(_addsub_sf.o)
 .debug_abbrev  0x00000247      0x21b c:/embedded system/00 extra/00-tools/01-imt sdk/imt_sdk_win_64/winavr/bin/../lib/gcc/avr/4.3.3/avr5\libgcc.a(_mul_sf.o)
 .debug_abbrev  0x00000462      0x216 c:/embedded system/00 extra/00-tools/01-imt sdk/imt_sdk_win_64/winavr/bin/../lib/gcc/avr/4.3.3/avr5\libgcc.a(_div_sf.o)
 .debug_abbrev  0x00000678      0x15a c:/embedded system/00 extra/00-tools/01-imt sdk/imt_sdk_win_64/winavr/bin/../lib/gcc/avr/4.3.3/avr5\libgcc.a(_gt_sf.o)
 .debug_abbrev  0x000007d2      0x15a c:/embedded system/00 extra/00-tools/01-imt sdk/imt_sdk_win_64/winavr/bin/../lib/gcc/avr/4.3.3/avr5\libgcc.a(_ge_sf.o)
 .debug_abbrev  0x0000092c      0x15a c:/embedded system/00 extra/00-tools/01-imt sdk/imt_sdk_win_64/winavr/bin/../lib/gcc/avr/4.3.3/avr5\libgcc.a(_lt_sf.o)
 .debug_abbrev  0x00000a86      0x17f c:/embedded system/00 extra/00-tools/01-imt sdk/imt_sdk_win_64/winavr/bin/../lib/gcc/avr/4.3.3/avr5\libgcc.a(_sf_to_si.o)
 .debug_abbrev  0x00000c05       0xad c:/embedded system/00 extra/00-tools/01-imt sdk/imt_sdk_win_64/winavr/bin/../lib/gcc/avr/4.3.3/avr5\libgcc.a(_thenan_sf.o)
 .debug_abbrev  0x00000cb2      0x157 c:/embedded system/00 extra/00-tools/01-imt sdk/imt_sdk_win_64/winavr/bin/../lib/gcc/avr/4.3.3/avr5\libgcc.a(_usi_to_sf.o)
 .debug_abbrev  0x00000e09       0xc4 c:/embedded system/00 extra/00-tools/01-imt sdk/imt_sdk_win_64/winavr/bin/../lib/gcc/avr/4.3.3/avr5\libgcc.a(_clzsi2.o)
 .debug_abbrev  0x00000ecd      0x1c0 c:/embedded system/00 extra/00-tools/01-imt sdk/imt_sdk_win_64/winavr/bin/../lib/gcc/avr/4.3.3/avr5\libgcc.a(_pack_sf.o)
 .debug_abbrev  0x0000108d      0x154 c:/embedded system/00 extra/00-tools/01-imt sdk/imt_sdk_win_64/winavr/bin/../lib/gcc/avr/4.3.3/avr5\libgcc.a(_unpack_sf.o)
 .debug_abbrev  0x000011e1      0x13b c:/embedded system/00 extra/00-tools/01-imt sdk/imt_sdk_win_64/winavr/bin/../lib/gcc/avr/4.3.3/avr5\libgcc.a(_fpcmp_parts_sf.o)
 .debug_abbrev  0x0000131c       0x6a c:/embedded system/00 extra/00-tools/01-imt sdk/imt_sdk_win_64/winavr/bin/../lib/gcc/avr/4.3.3/avr5\libgcc.a(_clz.o)

.debug_line     0x00000000     0x11d6
 *(.debug_line)
 .debug_line    0x00000000       0xa7 c:/embedded system/00 extra/00-tools/01-imt sdk/imt_sdk_win_64/winavr/bin/../lib/gcc/avr/4.3.3/avr5\libgcc.a(_fixunssfsi.o)
 .debug_line    0x000000a7      0x2af c:/embedded system/00 extra/00-tools/01-imt sdk/imt_sdk_win_64/winavr/bin/../lib/gcc/avr/4.3.3/avr5\libgcc.a(_addsub_sf.o)
 .debug_line    0x00000356      0x239 c:/embedded system/00 extra/00-tools/01-imt sdk/imt_sdk_win_64/winavr/bin/../lib/gcc/avr/4.3.3/avr5\libgcc.a(_mul_sf.o)
 .debug_line    0x0000058f      0x1d5 c:/embedded system/00 extra/00-tools/01-imt sdk/imt_sdk_win_64/winavr/bin/../lib/gcc/avr/4.3.3/avr5\libgcc.a(_div_sf.o)
 .debug_line    0x00000764       0xd3 c:/embedded system/00 extra/00-tools/01-imt sdk/imt_sdk_win_64/winavr/bin/../lib/gcc/avr/4.3.3/avr5\libgcc.a(_gt_sf.o)
 .debug_line    0x00000837       0xd3 c:/embedded system/00 extra/00-tools/01-imt sdk/imt_sdk_win_64/winavr/bin/../lib/gcc/avr/4.3.3/avr5\libgcc.a(_ge_sf.o)
 .debug_line    0x0000090a       0xd3 c:/embedded system/00 extra/00-tools/01-imt sdk/imt_sdk_win_64/winavr/bin/../lib/gcc/avr/4.3.3/avr5\libgcc.a(_lt_sf.o)
 .debug_line    0x000009dd      0x109 c:/embedded system/00 extra/00-tools/01-imt sdk/imt_sdk_win_64/winavr/bin/../lib/gcc/avr/4.3.3/avr5\libgcc.a(_sf_to_si.o)
 .debug_line    0x00000ae6       0x90 c:/embedded system/00 extra/00-tools/01-imt sdk/imt_sdk_win_64/winavr/bin/../lib/gcc/avr/4.3.3/avr5\libgcc.a(_thenan_sf.o)
 .debug_line    0x00000b76      0x133 c:/embedded system/00 extra/00-tools/01-imt sdk/imt_sdk_win_64/winavr/bin/../lib/gcc/avr/4.3.3/avr5\libgcc.a(_usi_to_sf.o)
 .debug_line    0x00000ca9       0xa5 c:/embedded system/00 extra/00-tools/01-imt sdk/imt_sdk_win_64/winavr/bin/../lib/gcc/avr/4.3.3/avr5\libgcc.a(_clzsi2.o)
 .debug_line    0x00000d4e      0x18a c:/embedded system/00 extra/00-tools/01-imt sdk/imt_sdk_win_64/winavr/bin/../lib/gcc/avr/4.3.3/avr5\libgcc.a(_pack_sf.o)
 .debug_line    0x00000ed8      0x14b c:/embedded system/00 extra/00-tools/01-imt sdk/imt_sdk_win_64/winavr/bin/../lib/gcc/avr/4.3.3/avr5\libgcc.a(_unpack_sf.o)
 .debug_line    0x00001023      0x137 c:/embedded system/00 extra/00-tools/01-imt sdk/imt_sdk_win_64/winavr/bin/../lib/gcc/avr/4.3.3/avr5\libgcc.a(_fpcmp_parts_sf.o)
 .debug_line    0x0000115a       0x7c c:/embedded system/00 extra/00-tools/01-imt sdk/imt_sdk_win_64/winavr/bin/../lib/gcc/avr/4.3.3/avr5\libgcc.a(_clz.o)

.debug_frame    0x00000000      0x1c0
 *(.debug_frame)
 .debug_frame   0x00000000       0x20 c:/embedded system/00 extra/00-tools/01-imt sdk/imt_sdk_win_64/winavr/bin/../lib/gcc/avr/4.3.3/avr5\libgcc.a(_fixunssfsi.o)
 .debug_frame   0x00000020       0x40 c:/embedded system/00 extra/00-tools/01-imt sdk/imt_sdk_win_64/winavr/bin/../lib/gcc/avr/4.3.3/avr5\libgcc.a(_addsub_sf.o)
 .debug_frame   0x00000060       0x20 c:/embedded system/00 extra/00-tools/01-imt sdk/imt_sdk_win_64/winavr/bin/../lib/gcc/avr/4.3.3/avr5\libgcc.a(_mul_sf.o)
 .debug_frame   0x00000080       0x20 c:/embedded system/00 extra/00-tools/01-imt sdk/imt_sdk_win_64/winavr/bin/../lib/gcc/avr/4.3.3/avr5\libgcc.a(_div_sf.o)
 .debug_frame   0x000000a0       0x20 c:/embedded system/00 extra/00-tools/01-imt sdk/imt_sdk_win_64/winavr/bin/../lib/gcc/avr/4.3.3/avr5\libgcc.a(_gt_sf.o)
 .debug_frame   0x000000c0       0x20 c:/embedded system/00 extra/00-tools/01-imt sdk/imt_sdk_win_64/winavr/bin/../lib/gcc/avr/4.3.3/avr5\libgcc.a(_ge_sf.o)
 .debug_frame   0x000000e0       0x20 c:/embedded system/00 extra/00-tools/01-imt sdk/imt_sdk_win_64/winavr/bin/../lib/gcc/avr/4.3.3/avr5\libgcc.a(_lt_sf.o)
 .debug_frame   0x00000100       0x20 c:/embedded system/00 extra/00-tools/01-imt sdk/imt_sdk_win_64/winavr/bin/../lib/gcc/avr/4.3.3/avr5\libgcc.a(_sf_to_si.o)
 .debug_frame   0x00000120       0x20 c:/embedded system/00 extra/00-tools/01-imt sdk/imt_sdk_win_64/winavr/bin/../lib/gcc/avr/4.3.3/avr5\libgcc.a(_usi_to_sf.o)
 .debug_frame   0x00000140       0x20 c:/embedded system/00 extra/00-tools/01-imt sdk/imt_sdk_win_64/winavr/bin/../lib/gcc/avr/4.3.3/avr5\libgcc.a(_clzsi2.o)
 .debug_frame   0x00000160       0x20 c:/embedded system/00 extra/00-tools/01-imt sdk/imt_sdk_win_64/winavr/bin/../lib/gcc/avr/4.3.3/avr5\libgcc.a(_pack_sf.o)
 .debug_frame   0x00000180       0x20 c:/embedded system/00 extra/00-tools/01-imt sdk/imt_sdk_win_64/winavr/bin/../lib/gcc/avr/4.3.3/avr5\libgcc.a(_unpack_sf.o)
 .debug_frame   0x000001a0       0x20 c:/embedded system/00 extra/00-tools/01-imt sdk/imt_sdk_win_64/winavr/bin/../lib/gcc/avr/4.3.3/avr5\libgcc.a(_fpcmp_parts_sf.o)

.debug_str      0x00000000      0x2f6
 *(.debug_str)
 .debug_str     0x00000000       0xbf c:/embedded system/00 extra/00-tools/01-imt sdk/imt_sdk_win_64/winavr/bin/../lib/gcc/avr/4.3.3/avr5\libgcc.a(_fixunssfsi.o)
                                 0xfe (size before relaxing)
 .debug_str     0x000000bf      0x14d c:/embedded system/00 extra/00-tools/01-imt sdk/imt_sdk_win_64/winavr/bin/../lib/gcc/avr/4.3.3/avr5\libgcc.a(_addsub_sf.o)
                                0x206 (size before relaxing)
 .debug_str     0x0000020c       0x27 c:/embedded system/00 extra/00-tools/01-imt sdk/imt_sdk_win_64/winavr/bin/../lib/gcc/avr/4.3.3/avr5\libgcc.a(_mul_sf.o)
                                0x1bf (size before relaxing)
 .debug_str     0x00000233       0x35 c:/embedded system/00 extra/00-tools/01-imt sdk/imt_sdk_win_64/winavr/bin/../lib/gcc/avr/4.3.3/avr5\libgcc.a(_div_sf.o)
                                0x1c8 (size before relaxing)
 .debug_str     0x00000268        0x8 c:/embedded system/00 extra/00-tools/01-imt sdk/imt_sdk_win_64/winavr/bin/../lib/gcc/avr/4.3.3/avr5\libgcc.a(_gt_sf.o)
                                0x195 (size before relaxing)
 .debug_str     0x00000270        0x8 c:/embedded system/00 extra/00-tools/01-imt sdk/imt_sdk_win_64/winavr/bin/../lib/gcc/avr/4.3.3/avr5\libgcc.a(_ge_sf.o)
                                0x195 (size before relaxing)
 .debug_str     0x00000278        0x8 c:/embedded system/00 extra/00-tools/01-imt sdk/imt_sdk_win_64/winavr/bin/../lib/gcc/avr/4.3.3/avr5\libgcc.a(_lt_sf.o)
                                0x195 (size before relaxing)
 .debug_str     0x00000280        0xa c:/embedded system/00 extra/00-tools/01-imt sdk/imt_sdk_win_64/winavr/bin/../lib/gcc/avr/4.3.3/avr5\libgcc.a(_sf_to_si.o)
                                0x19e (size before relaxing)
 .debug_str     0x00000000      0x103 c:/embedded system/00 extra/00-tools/01-imt sdk/imt_sdk_win_64/winavr/bin/../lib/gcc/avr/4.3.3/avr5\libgcc.a(_thenan_sf.o)
 .debug_str     0x0000028a       0x21 c:/embedded system/00 extra/00-tools/01-imt sdk/imt_sdk_win_64/winavr/bin/../lib/gcc/avr/4.3.3/avr5\libgcc.a(_usi_to_sf.o)
                                0x177 (size before relaxing)
 .debug_str     0x000002ab       0x20 c:/embedded system/00 extra/00-tools/01-imt sdk/imt_sdk_win_64/winavr/bin/../lib/gcc/avr/4.3.3/avr5\libgcc.a(_clzsi2.o)
                                0x111 (size before relaxing)
 .debug_str     0x000002cb       0x10 c:/embedded system/00 extra/00-tools/01-imt sdk/imt_sdk_win_64/winavr/bin/../lib/gcc/avr/4.3.3/avr5\libgcc.a(_pack_sf.o)
                                0x19d (size before relaxing)
 .debug_str     0x000002db        0xb c:/embedded system/00 extra/00-tools/01-imt sdk/imt_sdk_win_64/winavr/bin/../lib/gcc/avr/4.3.3/avr5\libgcc.a(_unpack_sf.o)
                                0x17f (size before relaxing)
 .debug_str     0x000002e6       0x10 c:/embedded system/00 extra/00-tools/01-imt sdk/imt_sdk_win_64/winavr/bin/../lib/gcc/avr/4.3.3/avr5\libgcc.a(_fpcmp_parts_sf.o)
                                0x163 (size before relaxing)
 .debug_str     0x00000000       0xf4 c:/embedded system/00 extra/00-tools/01-imt sdk/imt_sdk_win_64/winavr/bin/../lib/gcc/avr/4.3.3/avr5\libgcc.a(_clz.o)

.debug_loc      0x00000000      0x96e
 *(.debug_loc)
 .debug_loc     0x00000000       0x34 c:/embedded system/00 extra/00-tools/01-imt sdk/imt_sdk_win_64/winavr/bin/../lib/gcc/avr/4.3.3/avr5\libgcc.a(_fixunssfsi.o)
 .debug_loc     0x00000034      0x32a c:/embedded system/00 extra/00-tools/01-imt sdk/imt_sdk_win_64/winavr/bin/../lib/gcc/avr/4.3.3/avr5\libgcc.a(_addsub_sf.o)
 .debug_loc     0x0000035e      0x104 c:/embedded system/00 extra/00-tools/01-imt sdk/imt_sdk_win_64/winavr/bin/../lib/gcc/avr/4.3.3/avr5\libgcc.a(_mul_sf.o)
 .debug_loc     0x00000462       0xc0 c:/embedded system/00 extra/00-tools/01-imt sdk/imt_sdk_win_64/winavr/bin/../lib/gcc/avr/4.3.3/avr5\libgcc.a(_div_sf.o)
 .debug_loc     0x00000522       0x3c c:/embedded system/00 extra/00-tools/01-imt sdk/imt_sdk_win_64/winavr/bin/../lib/gcc/avr/4.3.3/avr5\libgcc.a(_gt_sf.o)
 .debug_loc     0x0000055e       0x3c c:/embedded system/00 extra/00-tools/01-imt sdk/imt_sdk_win_64/winavr/bin/../lib/gcc/avr/4.3.3/avr5\libgcc.a(_ge_sf.o)
 .debug_loc     0x0000059a       0x3c c:/embedded system/00 extra/00-tools/01-imt sdk/imt_sdk_win_64/winavr/bin/../lib/gcc/avr/4.3.3/avr5\libgcc.a(_lt_sf.o)
 .debug_loc     0x000005d6       0x7e c:/embedded system/00 extra/00-tools/01-imt sdk/imt_sdk_win_64/winavr/bin/../lib/gcc/avr/4.3.3/avr5\libgcc.a(_sf_to_si.o)
 .debug_loc     0x00000654       0x4c c:/embedded system/00 extra/00-tools/01-imt sdk/imt_sdk_win_64/winavr/bin/../lib/gcc/avr/4.3.3/avr5\libgcc.a(_usi_to_sf.o)
 .debug_loc     0x000006a0       0x94 c:/embedded system/00 extra/00-tools/01-imt sdk/imt_sdk_win_64/winavr/bin/../lib/gcc/avr/4.3.3/avr5\libgcc.a(_clzsi2.o)
 .debug_loc     0x00000734      0x13e c:/embedded system/00 extra/00-tools/01-imt sdk/imt_sdk_win_64/winavr/bin/../lib/gcc/avr/4.3.3/avr5\libgcc.a(_pack_sf.o)
 .debug_loc     0x00000872       0xac c:/embedded system/00 extra/00-tools/01-imt sdk/imt_sdk_win_64/winavr/bin/../lib/gcc/avr/4.3.3/avr5\libgcc.a(_unpack_sf.o)
 .debug_loc     0x0000091e       0x50 c:/embedded system/00 extra/00-tools/01-imt sdk/imt_sdk_win_64/winavr/bin/../lib/gcc/avr/4.3.3/avr5\libgcc.a(_fpcmp_parts_sf.o)

.debug_macinfo
 *(.debug_macinfo)
OUTPUT(TIMER3_test.elf elf32-avr)
LOAD linker stubs

.debug_ranges   0x00000000       0x50
 .debug_ranges  0x00000000       0x50 c:/embedded system/00 extra/00-tools/01-imt sdk/imt_sdk_win_64/winavr/bin/../lib/gcc/avr/4.3.3/avr5\libgcc.a(_mul_sf.o)
